Archive member included to satisfy reference by file (symbol)

/Applications/ARM/bin/../lib/gcc/arm-none-eabi/10.3.1/../../../../arm-none-eabi/lib/thumb/v7-m/nofp/libstdc++.a(atexit_arm.o)
                              CMakeFiles/ReliableBinaryTransferF1Demo.elf.dir/Core/Src/RobotMain.cpp.obj (__aeabi_atexit)
/Applications/ARM/bin/../lib/gcc/arm-none-eabi/10.3.1/thumb/v7-m/nofp/libgcc.a(unwind-arm.o)
                              CMakeFiles/ReliableBinaryTransferF1Demo.elf.dir/Core/Src/RobotMain.cpp.obj (__aeabi_unwind_cpp_pr0)
/Applications/ARM/bin/../lib/gcc/arm-none-eabi/10.3.1/thumb/v7-m/nofp/libgcc.a(libunwind.o)
                              /Applications/ARM/bin/../lib/gcc/arm-none-eabi/10.3.1/thumb/v7-m/nofp/libgcc.a(unwind-arm.o) (restore_core_regs)
/Applications/ARM/bin/../lib/gcc/arm-none-eabi/10.3.1/thumb/v7-m/nofp/libgcc.a(pr-support.o)
                              /Applications/ARM/bin/../lib/gcc/arm-none-eabi/10.3.1/thumb/v7-m/nofp/libgcc.a(unwind-arm.o) (__gnu_unwind_execute)
/Applications/ARM/bin/../lib/gcc/arm-none-eabi/10.3.1/../../../../arm-none-eabi/lib/thumb/v7-m/nofp/libg.a(lib_a-abort.o)
                              /Applications/ARM/bin/../lib/gcc/arm-none-eabi/10.3.1/thumb/v7-m/nofp/libgcc.a(unwind-arm.o) (abort)
/Applications/ARM/bin/../lib/gcc/arm-none-eabi/10.3.1/../../../../arm-none-eabi/lib/thumb/v7-m/nofp/libg.a(lib_a-cxa_atexit.o)
                              /Applications/ARM/bin/../lib/gcc/arm-none-eabi/10.3.1/../../../../arm-none-eabi/lib/thumb/v7-m/nofp/libstdc++.a(atexit_arm.o) (__cxa_atexit)
/Applications/ARM/bin/../lib/gcc/arm-none-eabi/10.3.1/../../../../arm-none-eabi/lib/thumb/v7-m/nofp/libg.a(lib_a-errno.o)
                              CMakeFiles/ReliableBinaryTransferF1Demo.elf.dir/Core/Src/syscalls.c.obj (__errno)
/Applications/ARM/bin/../lib/gcc/arm-none-eabi/10.3.1/../../../../arm-none-eabi/lib/thumb/v7-m/nofp/libg.a(lib_a-exit.o)
                              /Applications/ARM/bin/../lib/gcc/arm-none-eabi/10.3.1/../../../../arm-none-eabi/lib/thumb/v7-m/nofp/crt0.o (exit)
/Applications/ARM/bin/../lib/gcc/arm-none-eabi/10.3.1/../../../../arm-none-eabi/lib/thumb/v7-m/nofp/libg.a(lib_a-impure.o)
                              /Applications/ARM/bin/../lib/gcc/arm-none-eabi/10.3.1/../../../../arm-none-eabi/lib/thumb/v7-m/nofp/libg.a(lib_a-exit.o) (_global_impure_ptr)
/Applications/ARM/bin/../lib/gcc/arm-none-eabi/10.3.1/../../../../arm-none-eabi/lib/thumb/v7-m/nofp/libg.a(lib_a-init.o)
                              /Applications/ARM/bin/../lib/gcc/arm-none-eabi/10.3.1/../../../../arm-none-eabi/lib/thumb/v7-m/nofp/crt0.o (__libc_init_array)
/Applications/ARM/bin/../lib/gcc/arm-none-eabi/10.3.1/../../../../arm-none-eabi/lib/thumb/v7-m/nofp/libg.a(lib_a-memcpy.o)
                              CMakeFiles/ReliableBinaryTransferF1Demo.elf.dir/Middlewares/Third_Party/FreeRTOS/Source/CMSIS_RTOS_V2/cmsis_os2.c.obj (memcpy)
/Applications/ARM/bin/../lib/gcc/arm-none-eabi/10.3.1/../../../../arm-none-eabi/lib/thumb/v7-m/nofp/libg.a(lib_a-memset.o)
                              /Applications/ARM/bin/../lib/gcc/arm-none-eabi/10.3.1/../../../../arm-none-eabi/lib/thumb/v7-m/nofp/crt0.o (memset)
/Applications/ARM/bin/../lib/gcc/arm-none-eabi/10.3.1/../../../../arm-none-eabi/lib/thumb/v7-m/nofp/libg.a(lib_a-signal.o)
                              /Applications/ARM/bin/../lib/gcc/arm-none-eabi/10.3.1/../../../../arm-none-eabi/lib/thumb/v7-m/nofp/libg.a(lib_a-abort.o) (raise)
/Applications/ARM/bin/../lib/gcc/arm-none-eabi/10.3.1/../../../../arm-none-eabi/lib/thumb/v7-m/nofp/libg.a(lib_a-signalr.o)
                              /Applications/ARM/bin/../lib/gcc/arm-none-eabi/10.3.1/../../../../arm-none-eabi/lib/thumb/v7-m/nofp/libg.a(lib_a-signal.o) (_kill_r)
/Applications/ARM/bin/../lib/gcc/arm-none-eabi/10.3.1/../../../../arm-none-eabi/lib/thumb/v7-m/nofp/libg.a(lib_a-__atexit.o)
                              /Applications/ARM/bin/../lib/gcc/arm-none-eabi/10.3.1/../../../../arm-none-eabi/lib/thumb/v7-m/nofp/libg.a(lib_a-cxa_atexit.o) (__register_exitproc)
/Applications/ARM/bin/../lib/gcc/arm-none-eabi/10.3.1/../../../../arm-none-eabi/lib/thumb/v7-m/nofp/libg.a(lib_a-__call_atexit.o)
                              /Applications/ARM/bin/../lib/gcc/arm-none-eabi/10.3.1/../../../../arm-none-eabi/lib/thumb/v7-m/nofp/libg.a(lib_a-exit.o) (__call_exitprocs)
/Applications/ARM/bin/../lib/gcc/arm-none-eabi/10.3.1/../../../../arm-none-eabi/lib/thumb/v7-m/nofp/libg.a(lib_a-atexit.o)
                              /Applications/ARM/bin/../lib/gcc/arm-none-eabi/10.3.1/../../../../arm-none-eabi/lib/thumb/v7-m/nofp/libg.a(lib_a-__call_atexit.o) (atexit)
/Applications/ARM/bin/../lib/gcc/arm-none-eabi/10.3.1/../../../../arm-none-eabi/lib/thumb/v7-m/nofp/libg.a(lib_a-fini.o)
                              /Applications/ARM/bin/../lib/gcc/arm-none-eabi/10.3.1/../../../../arm-none-eabi/lib/thumb/v7-m/nofp/libg.a(lib_a-__call_atexit.o) (__libc_fini_array)
[...]
Memory Configuration

Name             Origin             Length             Attributes
RAM              0x0000000020000000 0x0000000000005000 xrw
FLASH            0x0000000008000000 0x0000000000010000 xr
*default*        0x0000000000000000 0xffffffffffffffff

Linker script and memory map

LOAD /Applications/ARM/bin/../lib/gcc/arm-none-eabi/10.3.1/thumb/v7-m/nofp/crti.o
LOAD /Applications/ARM/bin/../lib/gcc/arm-none-eabi/10.3.1/thumb/v7-m/nofp/crtbegin.o
LOAD /Applications/ARM/bin/../lib/gcc/arm-none-eabi/10.3.1/../../../../arm-none-eabi/lib/thumb/v7-m/nofp/crt0.o
LOAD CMakeFiles/ReliableBinaryTransferF1Demo.elf.dir/Core/Src/RobotMain.cpp.obj
LOAD CMakeFiles/ReliableBinaryTransferF1Demo.elf.dir/Core/Src/dma.c.obj
LOAD CMakeFiles/ReliableBinaryTransferF1Demo.elf.dir/Core/Src/freertos.c.obj
LOAD CMakeFiles/ReliableBinaryTransferF1Demo.elf.dir/Core/Src/gpio.c.obj
LOAD CMakeFiles/ReliableBinaryTransferF1Demo.elf.dir/Core/Src/main.c.obj
LOAD CMakeFiles/ReliableBinaryTransferF1Demo.elf.dir/Core/Src/stm32f1xx_hal_msp.c.obj
LOAD CMakeFiles/ReliableBinaryTransferF1Demo.elf.dir/Core/Src/stm32f1xx_hal_timebase_tim.c.obj
LOAD CMakeFiles/ReliableBinaryTransferF1Demo.elf.dir/Core/Src/stm32f1xx_it.c.obj
LOAD CMakeFiles/ReliableBinaryTransferF1Demo.elf.dir/Core/Src/syscalls.c.obj
LOAD CMakeFiles/ReliableBinaryTransferF1Demo.elf.dir/Core/Src/sysmem.c.obj
LOAD CMakeFiles/ReliableBinaryTransferF1Demo.elf.dir/Core/Src/system_stm32f1xx.c.obj
LOAD CMakeFiles/ReliableBinaryTransferF1Demo.elf.dir/Core/Src/usart.c.obj
LOAD CMakeFiles/ReliableBinaryTransferF1Demo.elf.dir/Core/Startup/startup_stm32f103c8tx.s.obj
LOAD CMakeFiles/ReliableBinaryTransferF1Demo.elf.dir/Drivers/STM32F1xx_HAL_Driver/Src/stm32f1xx_hal.c.obj
LOAD CMakeFiles/ReliableBinaryTransferF1Demo.elf.dir/Drivers/STM32F1xx_HAL_Driver/Src/stm32f1xx_hal_cortex.c.obj
LOAD CMakeFiles/ReliableBinaryTransferF1Demo.elf.dir/Drivers/STM32F1xx_HAL_Driver/Src/stm32f1xx_hal_dma.c.obj
LOAD CMakeFiles/ReliableBinaryTransferF1Demo.elf.dir/Drivers/STM32F1xx_HAL_Driver/Src/stm32f1xx_hal_exti.c.obj
LOAD CMakeFiles/ReliableBinaryTransferF1Demo.elf.dir/Drivers/STM32F1xx_HAL_Driver/Src/stm32f1xx_hal_flash.c.obj
LOAD CMakeFiles/ReliableBinaryTransferF1Demo.elf.dir/Drivers/STM32F1xx_HAL_Driver/Src/stm32f1xx_hal_flash_ex.c.obj
LOAD CMakeFiles/ReliableBinaryTransferF1Demo.elf.dir/Drivers/STM32F1xx_HAL_Driver/Src/stm32f1xx_hal_gpio.c.obj
LOAD CMakeFiles/ReliableBinaryTransferF1Demo.elf.dir/Drivers/STM32F1xx_HAL_Driver/Src/stm32f1xx_hal_gpio_ex.c.obj
LOAD CMakeFiles/ReliableBinaryTransferF1Demo.elf.dir/Drivers/STM32F1xx_HAL_Driver/Src/stm32f1xx_hal_pwr.c.obj
LOAD CMakeFiles/ReliableBinaryTransferF1Demo.elf.dir/Drivers/STM32F1xx_HAL_Driver/Src/stm32f1xx_hal_rcc.c.obj
LOAD CMakeFiles/ReliableBinaryTransferF1Demo.elf.dir/Drivers/STM32F1xx_HAL_Driver/Src/stm32f1xx_hal_rcc_ex.c.obj
LOAD CMakeFiles/ReliableBinaryTransferF1Demo.elf.dir/Drivers/STM32F1xx_HAL_Driver/Src/stm32f1xx_hal_tim.c.obj
LOAD CMakeFiles/ReliableBinaryTransferF1Demo.elf.dir/Drivers/STM32F1xx_HAL_Driver/Src/stm32f1xx_hal_tim_ex.c.obj
LOAD CMakeFiles/ReliableBinaryTransferF1Demo.elf.dir/Drivers/STM32F1xx_HAL_Driver/Src/stm32f1xx_hal_uart.c.obj
LOAD CMakeFiles/ReliableBinaryTransferF1Demo.elf.dir/Middlewares/Third_Party/FreeRTOS/Source/CMSIS_RTOS_V2/cmsis_os2.c.obj
LOAD CMakeFiles/ReliableBinaryTransferF1Demo.elf.dir/Middlewares/Third_Party/FreeRTOS/Source/croutine.c.obj
LOAD CMakeFiles/ReliableBinaryTransferF1Demo.elf.dir/Middlewares/Third_Party/FreeRTOS/Source/event_groups.c.obj
LOAD CMakeFiles/ReliableBinaryTransferF1Demo.elf.dir/Middlewares/Third_Party/FreeRTOS/Source/list.c.obj
LOAD CMakeFiles/ReliableBinaryTransferF1Demo.elf.dir/Middlewares/Third_Party/FreeRTOS/Source/portable/GCC/ARM_CM3/port.c.obj
LOAD CMakeFiles/ReliableBinaryTransferF1Demo.elf.dir/Middlewares/Third_Party/FreeRTOS/Source/portable/MemMang/heap_4.c.obj
LOAD CMakeFiles/ReliableBinaryTransferF1Demo.elf.dir/Middlewares/Third_Party/FreeRTOS/Source/queue.c.obj
LOAD CMakeFiles/ReliableBinaryTransferF1Demo.elf.dir/Middlewares/Third_Party/FreeRTOS/Source/stream_buffer.c.obj
LOAD CMakeFiles/ReliableBinaryTransferF1Demo.elf.dir/Middlewares/Third_Party/FreeRTOS/Source/tasks.c.obj
LOAD CMakeFiles/ReliableBinaryTransferF1Demo.elf.dir/Middlewares/Third_Party/FreeRTOS/Source/timers.c.obj
LOAD CMakeFiles/ReliableBinaryTransferF1Demo.elf.dir/rdk/core/transfer/circular_buffer.cpp.obj
LOAD CMakeFiles/ReliableBinaryTransferF1Demo.elf.dir/rdk/core/transfer/crc.cpp.obj
LOAD CMakeFiles/ReliableBinaryTransferF1Demo.elf.dir/rdk/core/transfer/reliable_binary_transfer.cpp.obj
LOAD CMakeFiles/ReliableBinaryTransferF1Demo.elf.dir/rdk/core/transfer/serial_port.cpp.obj
LOAD CMakeFiles/ReliableBinaryTransferF1Demo.elf.dir/rdk/core/transfer/simple_binary_transfer.cpp.obj
LOAD /Applications/ARM/bin/../lib/gcc/arm-none-eabi/10.3.1/../../../../arm-none-eabi/lib/thumb/v7-m/nofp/libstdc++.a
LOAD /Applications/ARM/bin/../lib/gcc/arm-none-eabi/10.3.1/../../../../arm-none-eabi/lib/thumb/v7-m/nofp/libm.a
START GROUP
LOAD /Applications/ARM/bin/../lib/gcc/arm-none-eabi/10.3.1/thumb/v7-m/nofp/libgcc.a
LOAD /Applications/ARM/bin/../lib/gcc/arm-none-eabi/10.3.1/../../../../arm-none-eabi/lib/thumb/v7-m/nofp/libg.a
LOAD /Applications/ARM/bin/../lib/gcc/arm-none-eabi/10.3.1/../../../../arm-none-eabi/lib/thumb/v7-m/nofp/libc.a
END GROUP
LOAD /Applications/ARM/bin/../lib/gcc/arm-none-eabi/10.3.1/thumb/v7-m/nofp/crtend.o
LOAD /Applications/ARM/bin/../lib/gcc/arm-none-eabi/10.3.1/thumb/v7-m/nofp/crtn.o
                0x0000000020005000                _estack = (ORIGIN (RAM) + LENGTH (RAM))
                0x0000000000000200                _Min_Heap_Size = 0x200
                0x0000000000000400                _Min_Stack_Size = 0x400

.isr_vector     0x0000000008000000      0x10c
                0x0000000008000000                . = ALIGN (0x4)
 *(.isr_vector)
 .isr_vector    0x0000000008000000      0x10c CMakeFiles/ReliableBinaryTransferF1Demo.elf.dir/Core/Startup/startup_stm32f103c8tx.s.obj
                0x0000000008000000                g_pfnVectors
                0x000000000800010c                . = ALIGN (0x4)

.text           0x0000000008000110     0x53b8
                0x0000000008000110                . = ALIGN (0x4)
 *(.text)
 .text          0x0000000008000110       0x40 /Applications/ARM/bin/../lib/gcc/arm-none-eabi/10.3.1/thumb/v7-m/nofp/crtbegin.o
 .text          0x0000000008000150      0x9e4 /Applications/ARM/bin/../lib/gcc/arm-none-eabi/10.3.1/thumb/v7-m/nofp/libgcc.a(unwind-arm.o)
                0x0000000008000410                _Unwind_GetCFA
                0x0000000008000414                __gnu_Unwind_RaiseException
                0x000000000800047c                __gnu_Unwind_ForcedUnwind
                0x0000000008000490                __gnu_Unwind_Resume
                0x00000000080004d4                __gnu_Unwind_Resume_or_Rethrow
                0x00000000080004e8                _Unwind_Complete
                0x00000000080004ec                _Unwind_DeleteException
                0x00000000080004f8                _Unwind_VRS_Get
                0x0000000008000544                _Unwind_VRS_Set
                0x000000000800058c                __gnu_Unwind_Backtrace
                0x00000000080008b4                __aeabi_unwind_cpp_pr0
                0x00000000080008b8                __aeabi_unwind_cpp_pr1
                0x00000000080008bc                __aeabi_unwind_cpp_pr2
                0x00000000080008c0                _Unwind_VRS_Pop
 .text          0x0000000008000b34      0x1ac /Applications/ARM/bin/../lib/gcc/arm-none-eabi/10.3.1/thumb/v7-m/nofp/libgcc.a(libunwind.o)
                0x0000000008000b34                __restore_core_regs
                0x0000000008000b34                restore_core_regs
                0x0000000008000b4c                __gnu_Unwind_Restore_VFP
                0x0000000008000b54                __gnu_Unwind_Save_VFP
                0x0000000008000b5c                __gnu_Unwind_Restore_VFP_D
                0x0000000008000b64                __gnu_Unwind_Save_VFP_D
                0x0000000008000b6c                __gnu_Unwind_Restore_VFP_D_16_to_31
                0x0000000008000b74                __gnu_Unwind_Save_VFP_D_16_to_31
                0x0000000008000b7c                __gnu_Unwind_Restore_WMMXD
                0x0000000008000bc0                __gnu_Unwind_Save_WMMXD
                0x0000000008000c04                __gnu_Unwind_Restore_WMMXC
                0x0000000008000c18                __gnu_Unwind_Save_WMMXC
                0x0000000008000c2c                _Unwind_RaiseException
                0x0000000008000c2c                ___Unwind_RaiseException
                0x0000000008000c50                ___Unwind_Resume
                0x0000000008000c50                _Unwind_Resume
                0x0000000008000c74                ___Unwind_Resume_or_Rethrow
                0x0000000008000c74                _Unwind_Resume_or_Rethrow
                0x0000000008000c98                _Unwind_ForcedUnwind
                0x0000000008000c98                ___Unwind_ForcedUnwind
                0x0000000008000cbc                _Unwind_Backtrace
                0x0000000008000cbc                ___Unwind_Backtrace
 .text          0x0000000008000ce0      0x38c /Applications/ARM/bin/../lib/gcc/arm-none-eabi/10.3.1/thumb/v7-m/nofp/libgcc.a(pr-support.o)
                0x0000000008000d38                __gnu_unwind_execute
                0x000000000800101c                __gnu_unwind_frame
                0x000000000800104c                _Unwind_GetRegionStart
                0x0000000008001058                _Unwind_GetLanguageSpecificData
 .text          0x000000000800106c       0xec /Applications/ARM/bin/../lib/gcc/arm-none-eabi/10.3.1/../../../../arm-none-eabi/lib/thumb/v7-m/nofp/libg.a(lib_a-memcpy.o)
                0x000000000800106c                memcpy
 *(.text*)
 .text._Z41__static_initialization_and_destruction_0ii
                0x0000000008001158       0x90 CMakeFiles/ReliableBinaryTransferF1Demo.elf.dir/Core/Src/RobotMain.cpp.obj
 .text.RobotInit
                0x00000000080011e8       0x10 CMakeFiles/ReliableBinaryTransferF1Demo.elf.dir/Core/Src/RobotMain.cpp.obj
                0x00000000080011e8                RobotInit
 .text.RobotTest
                0x00000000080011f8       0x24 CMakeFiles/ReliableBinaryTransferF1Demo.elf.dir/Core/Src/RobotMain.cpp.obj
                0x00000000080011f8                RobotTest
 .text.OnHAL_UARTEx_RxEventCallback
                0x000000000800121c       0x14 CMakeFiles/ReliableBinaryTransferF1Demo.elf.dir/Core/Src/RobotMain.cpp.obj
                0x000000000800121c                OnHAL_UARTEx_RxEventCallback
 .text.OnHAL_UART_TxCpltCallback
                0x0000000008001230       0x10 CMakeFiles/ReliableBinaryTransferF1Demo.elf.dir/Core/Src/RobotMain.cpp.obj
                0x0000000008001230                OnHAL_UART_TxCpltCallback
 .text.OnHAL_UART_RxCpltCallback
                0x0000000008001240       0x24 CMakeFiles/ReliableBinaryTransferF1Demo.elf.dir/Core/Src/RobotMain.cpp.obj
                0x0000000008001240                OnHAL_UART_RxCpltCallback
 .text.OnHAL_UART_ErrorCallback
                0x0000000008001264       0x10 CMakeFiles/ReliableBinaryTransferF1Demo.elf.dir/Core/Src/RobotMain.cpp.obj
                0x0000000008001264                OnHAL_UART_ErrorCallback
 .text._GLOBAL__sub_I_circular_buffer
                0x0000000008001274        0xe CMakeFiles/ReliableBinaryTransferF1Demo.elf.dir/Core/Src/RobotMain.cpp.obj
 *fill*         0x0000000008001282        0x2 
 .text.MX_DMA_Init
                0x0000000008001284       0x34 CMakeFiles/ReliableBinaryTransferF1Demo.elf.dir/Core/Src/dma.c.obj
                0x0000000008001284                MX_DMA_Init
 .text.RecvMasterCmd
                0x00000000080012b8       0x12 CMakeFiles/ReliableBinaryTransferF1Demo.elf.dir/Core/Src/freertos.c.obj
                0x00000000080012b8                RecvMasterCmd
 *fill*         0x00000000080012ca        0x2 
 .text.MX_FREERTOS_Init
                0x00000000080012cc       0x20 CMakeFiles/ReliableBinaryTransferF1Demo.elf.dir/Core/Src/freertos.c.obj
                0x00000000080012cc                MX_FREERTOS_Init
 .text.MX_GPIO_Init
                0x00000000080012ec       0x78 CMakeFiles/ReliableBinaryTransferF1Demo.elf.dir/Core/Src/gpio.c.obj
                0x00000000080012ec                MX_GPIO_Init
 .text.HAL_TIM_PeriodElapsedCallback
                0x0000000008001364       0x18 CMakeFiles/ReliableBinaryTransferF1Demo.elf.dir/Core/Src/main.c.obj
                0x0000000008001364                HAL_TIM_PeriodElapsedCallback
 .text.Error_Handler
                0x000000000800137c        0x4 CMakeFiles/ReliableBinaryTransferF1Demo.elf.dir/Core/Src/main.c.obj
                0x000000000800137c                Error_Handler
 .text.SystemClock_Config
                0x0000000008001380       0x64 CMakeFiles/ReliableBinaryTransferF1Demo.elf.dir/Core/Src/main.c.obj
                0x0000000008001380                SystemClock_Config
 .text.main     0x00000000080013e4       0x24 CMakeFiles/ReliableBinaryTransferF1Demo.elf.dir/Core/Src/main.c.obj
                0x00000000080013e4                main
 .text.HAL_MspInit
                0x0000000008001408       0x54 CMakeFiles/ReliableBinaryTransferF1Demo.elf.dir/Core/Src/stm32f1xx_hal_msp.c.obj
                0x0000000008001408                HAL_MspInit
 .text.HAL_InitTick
                0x000000000800145c       0xa0 CMakeFiles/ReliableBinaryTransferF1Demo.elf.dir/Core/Src/stm32f1xx_hal_timebase_tim.c.obj
                0x000000000800145c                HAL_InitTick
 .text.NMI_Handler
                0x00000000080014fc        0x2 CMakeFiles/ReliableBinaryTransferF1Demo.elf.dir/Core/Src/stm32f1xx_it.c.obj
                0x00000000080014fc                NMI_Handler
 .text.HardFault_Handler
                0x00000000080014fe        0x2 CMakeFiles/ReliableBinaryTransferF1Demo.elf.dir/Core/Src/stm32f1xx_it.c.obj
                0x00000000080014fe                HardFault_Handler
 .text.MemManage_Handler
                0x0000000008001500        0x2 CMakeFiles/ReliableBinaryTransferF1Demo.elf.dir/Core/Src/stm32f1xx_it.c.obj
                0x0000000008001500                MemManage_Handler
 .text.BusFault_Handler
                0x0000000008001502        0x2 CMakeFiles/ReliableBinaryTransferF1Demo.elf.dir/Core/Src/stm32f1xx_it.c.obj
                0x0000000008001502                BusFault_Handler
 .text.UsageFault_Handler
                0x0000000008001504        0x2 CMakeFiles/ReliableBinaryTransferF1Demo.elf.dir/Core/Src/stm32f1xx_it.c.obj
                0x0000000008001504                UsageFault_Handler
 .text.DebugMon_Handler
                0x0000000008001506        0x2 CMakeFiles/ReliableBinaryTransferF1Demo.elf.dir/Core/Src/stm32f1xx_it.c.obj
                0x0000000008001506                DebugMon_Handler
 .text.DMA1_Channel5_IRQHandler
                0x0000000008001508       0x10 CMakeFiles/ReliableBinaryTransferF1Demo.elf.dir/Core/Src/stm32f1xx_it.c.obj
                0x0000000008001508                DMA1_Channel5_IRQHandler
 .text.TIM4_IRQHandler
                0x0000000008001518       0x10 CMakeFiles/ReliableBinaryTransferF1Demo.elf.dir/Core/Src/stm32f1xx_it.c.obj
                0x0000000008001518                TIM4_IRQHandler
 .text.USART1_IRQHandler
                0x0000000008001528       0x10 CMakeFiles/ReliableBinaryTransferF1Demo.elf.dir/Core/Src/stm32f1xx_it.c.obj
                0x0000000008001528                USART1_IRQHandler
 .text._getpid  0x0000000008001538        0x4 CMakeFiles/ReliableBinaryTransferF1Demo.elf.dir/Core/Src/syscalls.c.obj
                0x0000000008001538                _getpid
 .text._kill    0x000000000800153c       0x10 CMakeFiles/ReliableBinaryTransferF1Demo.elf.dir/Core/Src/syscalls.c.obj
                0x000000000800153c                _kill
 .text._exit    0x000000000800154c        0xc CMakeFiles/ReliableBinaryTransferF1Demo.elf.dir/Core/Src/syscalls.c.obj
                0x000000000800154c                _exit
 .text.SystemInit
                0x0000000008001558        0x2 CMakeFiles/ReliableBinaryTransferF1Demo.elf.dir/Core/Src/system_stm32f1xx.c.obj
                0x0000000008001558                SystemInit
 *fill*         0x000000000800155a        0x2 
 .text.MX_USART1_UART_Init
                0x000000000800155c       0x34 CMakeFiles/ReliableBinaryTransferF1Demo.elf.dir/Core/Src/usart.c.obj
                0x000000000800155c                MX_USART1_UART_Init
 .text.HAL_UART_MspInit
                0x0000000008001590       0xc0 CMakeFiles/ReliableBinaryTransferF1Demo.elf.dir/Core/Src/usart.c.obj
                0x0000000008001590                HAL_UART_MspInit
 .text.HAL_UARTEx_RxEventCallback
                0x0000000008001650        0x8 CMakeFiles/ReliableBinaryTransferF1Demo.elf.dir/Core/Src/usart.c.obj
                0x0000000008001650                HAL_UARTEx_RxEventCallback
 .text.HAL_UART_TxCpltCallback
                0x0000000008001658        0x8 CMakeFiles/ReliableBinaryTransferF1Demo.elf.dir/Core/Src/usart.c.obj
                0x0000000008001658                HAL_UART_TxCpltCallback
 .text.HAL_UART_RxCpltCallback
                0x0000000008001660        0x8 CMakeFiles/ReliableBinaryTransferF1Demo.elf.dir/Core/Src/usart.c.obj
                0x0000000008001660                HAL_UART_RxCpltCallback
 .text.HAL_UART_ErrorCallback
                0x0000000008001668        0x8 CMakeFiles/ReliableBinaryTransferF1Demo.elf.dir/Core/Src/usart.c.obj
                0x0000000008001668                HAL_UART_ErrorCallback
 .text.Reset_Handler
                0x0000000008001670       0x48 CMakeFiles/ReliableBinaryTransferF1Demo.elf.dir/Core/Startup/startup_stm32f103c8tx.s.obj
                0x0000000008001670                Reset_Handler
 .text.Default_Handler
                0x00000000080016b8        0x2 CMakeFiles/ReliableBinaryTransferF1Demo.elf.dir/Core/Startup/startup_stm32f103c8tx.s.obj
                0x00000000080016b8                USBWakeUp_IRQHandler
                0x00000000080016b8                EXTI2_IRQHandler
                0x00000000080016b8                TIM1_CC_IRQHandler
                0x00000000080016b8                PVD_IRQHandler
                0x00000000080016b8                EXTI3_IRQHandler
                0x00000000080016b8                EXTI0_IRQHandler
                0x00000000080016b8                I2C2_EV_IRQHandler
                0x00000000080016b8                ADC1_2_IRQHandler
                0x00000000080016b8                SPI1_IRQHandler
                0x00000000080016b8                TAMPER_IRQHandler
                0x00000000080016b8                DMA1_Channel4_IRQHandler
                0x00000000080016b8                USART3_IRQHandler
                0x00000000080016b8                RTC_IRQHandler
                0x00000000080016b8                DMA1_Channel7_IRQHandler
                0x00000000080016b8                CAN1_RX1_IRQHandler
                0x00000000080016b8                I2C1_EV_IRQHandler
                0x00000000080016b8                DMA1_Channel6_IRQHandler
                0x00000000080016b8                TIM3_IRQHandler
                0x00000000080016b8                RCC_IRQHandler
                0x00000000080016b8                TIM1_TRG_COM_IRQHandler
                0x00000000080016b8                DMA1_Channel1_IRQHandler
                0x00000000080016b8                Default_Handler
                0x00000000080016b8                EXTI15_10_IRQHandler
                0x00000000080016b8                EXTI9_5_IRQHandler
                0x00000000080016b8                SPI2_IRQHandler
                0x00000000080016b8                EXTI4_IRQHandler
                0x00000000080016b8                USB_LP_CAN1_RX0_IRQHandler
                0x00000000080016b8                USB_HP_CAN1_TX_IRQHandler
                0x00000000080016b8                DMA1_Channel3_IRQHandler
                0x00000000080016b8                TIM1_UP_IRQHandler
                0x00000000080016b8                WWDG_IRQHandler
                0x00000000080016b8                TIM2_IRQHandler
                0x00000000080016b8                TIM1_BRK_IRQHandler
                0x00000000080016b8                EXTI1_IRQHandler
                0x00000000080016b8                USART2_IRQHandler
                0x00000000080016b8                I2C2_ER_IRQHandler
                0x00000000080016b8                DMA1_Channel2_IRQHandler
                0x00000000080016b8                CAN1_SCE_IRQHandler
                0x00000000080016b8                FLASH_IRQHandler
                0x00000000080016b8                I2C1_ER_IRQHandler
                0x00000000080016b8                RTC_Alarm_IRQHandler
 *fill*         0x00000000080016ba        0x2 
 .text.HAL_Init
                0x00000000080016bc       0x24 CMakeFiles/ReliableBinaryTransferF1Demo.elf.dir/Drivers/STM32F1xx_HAL_Driver/Src/stm32f1xx_hal.c.obj
                0x00000000080016bc                HAL_Init
 .text.HAL_IncTick
                0x00000000080016e0       0x18 CMakeFiles/ReliableBinaryTransferF1Demo.elf.dir/Drivers/STM32F1xx_HAL_Driver/Src/stm32f1xx_hal.c.obj
                0x00000000080016e0                HAL_IncTick
 .text.HAL_GetTick
                0x00000000080016f8        0xc CMakeFiles/ReliableBinaryTransferF1Demo.elf.dir/Drivers/STM32F1xx_HAL_Driver/Src/stm32f1xx_hal.c.obj
                0x00000000080016f8                HAL_GetTick
 .text.HAL_NVIC_SetPriorityGrouping
                0x0000000008001704       0x24 CMakeFiles/ReliableBinaryTransferF1Demo.elf.dir/Drivers/STM32F1xx_HAL_Driver/Src/stm32f1xx_hal_cortex.c.obj
                0x0000000008001704                HAL_NVIC_SetPriorityGrouping
 .text.HAL_NVIC_SetPriority
                0x0000000008001728       0x70 CMakeFiles/ReliableBinaryTransferF1Demo.elf.dir/Drivers/STM32F1xx_HAL_Driver/Src/stm32f1xx_hal_cortex.c.obj
                0x0000000008001728                HAL_NVIC_SetPriority
 .text.HAL_NVIC_EnableIRQ
                0x0000000008001798       0x1c CMakeFiles/ReliableBinaryTransferF1Demo.elf.dir/Drivers/STM32F1xx_HAL_Driver/Src/stm32f1xx_hal_cortex.c.obj
                0x0000000008001798                HAL_NVIC_EnableIRQ
 .text.DMA_SetConfig
                0x00000000080017b4       0x2c CMakeFiles/ReliableBinaryTransferF1Demo.elf.dir/Drivers/STM32F1xx_HAL_Driver/Src/stm32f1xx_hal_dma.c.obj
 .text.HAL_DMA_Init
                0x00000000080017e0       0x6c CMakeFiles/ReliableBinaryTransferF1Demo.elf.dir/Drivers/STM32F1xx_HAL_Driver/Src/stm32f1xx_hal_dma.c.obj
                0x00000000080017e0                HAL_DMA_Init
 .text.HAL_DMA_Start_IT
                0x000000000800184c       0x76 CMakeFiles/ReliableBinaryTransferF1Demo.elf.dir/Drivers/STM32F1xx_HAL_Driver/Src/stm32f1xx_hal_dma.c.obj
                0x000000000800184c                HAL_DMA_Start_IT
 .text.HAL_DMA_Abort
                0x00000000080018c2       0x46 CMakeFiles/ReliableBinaryTransferF1Demo.elf.dir/Drivers/STM32F1xx_HAL_Driver/Src/stm32f1xx_hal_dma.c.obj
                0x00000000080018c2                HAL_DMA_Abort
 .text.HAL_DMA_Abort_IT
                0x0000000008001908       0x98 CMakeFiles/ReliableBinaryTransferF1Demo.elf.dir/Drivers/STM32F1xx_HAL_Driver/Src/stm32f1xx_hal_dma.c.obj
                0x0000000008001908                HAL_DMA_Abort_IT
 .text.HAL_DMA_IRQHandler
                0x00000000080019a0      0x144 CMakeFiles/ReliableBinaryTransferF1Demo.elf.dir/Drivers/STM32F1xx_HAL_Driver/Src/stm32f1xx_hal_dma.c.obj
                0x00000000080019a0                HAL_DMA_IRQHandler
 .text.HAL_GPIO_Init
                0x0000000008001ae4      0x224 CMakeFiles/ReliableBinaryTransferF1Demo.elf.dir/Drivers/STM32F1xx_HAL_Driver/Src/stm32f1xx_hal_gpio.c.obj
                0x0000000008001ae4                HAL_GPIO_Init
 .text.HAL_GPIO_WritePin
                0x0000000008001d08        0xc CMakeFiles/ReliableBinaryTransferF1Demo.elf.dir/Drivers/STM32F1xx_HAL_Driver/Src/stm32f1xx_hal_gpio.c.obj
                0x0000000008001d08                HAL_GPIO_WritePin
 .text.RCC_Delay
                0x0000000008001d14       0x2c CMakeFiles/ReliableBinaryTransferF1Demo.elf.dir/Drivers/STM32F1xx_HAL_Driver/Src/stm32f1xx_hal_rcc.c.obj
 .text.HAL_RCC_OscConfig
                0x0000000008001d40      0x410 CMakeFiles/ReliableBinaryTransferF1Demo.elf.dir/Drivers/STM32F1xx_HAL_Driver/Src/stm32f1xx_hal_rcc.c.obj
                0x0000000008001d40                HAL_RCC_OscConfig
 .text.HAL_RCC_GetSysClockFreq
                0x0000000008002150       0x54 CMakeFiles/ReliableBinaryTransferF1Demo.elf.dir/Drivers/STM32F1xx_HAL_Driver/Src/stm32f1xx_hal_rcc.c.obj
                0x0000000008002150                HAL_RCC_GetSysClockFreq
 .text.HAL_RCC_ClockConfig
                0x00000000080021a4      0x16c CMakeFiles/ReliableBinaryTransferF1Demo.elf.dir/Drivers/STM32F1xx_HAL_Driver/Src/stm32f1xx_hal_rcc.c.obj
                0x00000000080021a4                HAL_RCC_ClockConfig
 .text.HAL_RCC_GetHCLKFreq
                0x0000000008002310        0xc CMakeFiles/ReliableBinaryTransferF1Demo.elf.dir/Drivers/STM32F1xx_HAL_Driver/Src/stm32f1xx_hal_rcc.c.obj
                0x0000000008002310                HAL_RCC_GetHCLKFreq
 .text.HAL_RCC_GetPCLK1Freq
                0x000000000800231c       0x20 CMakeFiles/ReliableBinaryTransferF1Demo.elf.dir/Drivers/STM32F1xx_HAL_Driver/Src/stm32f1xx_hal_rcc.c.obj
                0x000000000800231c                HAL_RCC_GetPCLK1Freq
 .text.HAL_RCC_GetPCLK2Freq
                0x000000000800233c       0x20 CMakeFiles/ReliableBinaryTransferF1Demo.elf.dir/Drivers/STM32F1xx_HAL_Driver/Src/stm32f1xx_hal_rcc.c.obj
                0x000000000800233c                HAL_RCC_GetPCLK2Freq
 .text.HAL_RCC_GetClockConfig
                0x000000000800235c       0x3c CMakeFiles/ReliableBinaryTransferF1Demo.elf.dir/Drivers/STM32F1xx_HAL_Driver/Src/stm32f1xx_hal_rcc.c.obj
                0x000000000800235c                HAL_RCC_GetClockConfig
 .text.HAL_TIM_Base_MspInit
                0x0000000008002398        0x2 CMakeFiles/ReliableBinaryTransferF1Demo.elf.dir/Drivers/STM32F1xx_HAL_Driver/Src/stm32f1xx_hal_tim.c.obj
                0x0000000008002398                HAL_TIM_Base_MspInit
 *fill*         0x000000000800239a        0x2 
 .text.HAL_TIM_Base_Start_IT
                0x000000000800239c       0x68 CMakeFiles/ReliableBinaryTransferF1Demo.elf.dir/Drivers/STM32F1xx_HAL_Driver/Src/stm32f1xx_hal_tim.c.obj
                0x000000000800239c                HAL_TIM_Base_Start_IT
 .text.HAL_TIM_OC_DelayElapsedCallback
                0x0000000008002404        0x2 CMakeFiles/ReliableBinaryTransferF1Demo.elf.dir/Drivers/STM32F1xx_HAL_Driver/Src/stm32f1xx_hal_tim.c.obj
                0x0000000008002404                HAL_TIM_OC_DelayElapsedCallback
 .text.HAL_TIM_IC_CaptureCallback
                0x0000000008002406        0x2 CMakeFiles/ReliableBinaryTransferF1Demo.elf.dir/Drivers/STM32F1xx_HAL_Driver/Src/stm32f1xx_hal_tim.c.obj
                0x0000000008002406                HAL_TIM_IC_CaptureCallback
 .text.HAL_TIM_PWM_PulseFinishedCallback
                0x0000000008002408        0x2 CMakeFiles/ReliableBinaryTransferF1Demo.elf.dir/Drivers/STM32F1xx_HAL_Driver/Src/stm32f1xx_hal_tim.c.obj
                0x0000000008002408                HAL_TIM_PWM_PulseFinishedCallback
 .text.HAL_TIM_TriggerCallback
                0x000000000800240a        0x2 CMakeFiles/ReliableBinaryTransferF1Demo.elf.dir/Drivers/STM32F1xx_HAL_Driver/Src/stm32f1xx_hal_tim.c.obj
                0x000000000800240a                HAL_TIM_TriggerCallback
 .text.HAL_TIM_IRQHandler
                0x000000000800240c      0x17a CMakeFiles/ReliableBinaryTransferF1Demo.elf.dir/Drivers/STM32F1xx_HAL_Driver/Src/stm32f1xx_hal_tim.c.obj
                0x000000000800240c                HAL_TIM_IRQHandler
 *fill*         0x0000000008002586        0x2 
 .text.TIM_Base_SetConfig
                0x0000000008002588       0x74 CMakeFiles/ReliableBinaryTransferF1Demo.elf.dir/Drivers/STM32F1xx_HAL_Driver/Src/stm32f1xx_hal_tim.c.obj
                0x0000000008002588                TIM_Base_SetConfig
 .text.HAL_TIM_Base_Init
                0x00000000080025fc       0x58 CMakeFiles/ReliableBinaryTransferF1Demo.elf.dir/Drivers/STM32F1xx_HAL_Driver/Src/stm32f1xx_hal_tim.c.obj
                0x00000000080025fc                HAL_TIM_Base_Init
 .text.HAL_TIMEx_CommutCallback
                0x0000000008002654        0x2 CMakeFiles/ReliableBinaryTransferF1Demo.elf.dir/Drivers/STM32F1xx_HAL_Driver/Src/stm32f1xx_hal_tim_ex.c.obj
                0x0000000008002654                HAL_TIMEx_CommutCallback
 .text.HAL_TIMEx_BreakCallback
                0x0000000008002656        0x2 CMakeFiles/ReliableBinaryTransferF1Demo.elf.dir/Drivers/STM32F1xx_HAL_Driver/Src/stm32f1xx_hal_tim_ex.c.obj
                0x0000000008002656                HAL_TIMEx_BreakCallback
 .text.UART_EndTxTransfer
                0x0000000008002658       0x20 CMakeFiles/ReliableBinaryTransferF1Demo.elf.dir/Drivers/STM32F1xx_HAL_Driver/Src/stm32f1xx_hal_uart.c.obj
 .text.UART_EndRxTransfer
                0x0000000008002678       0x5c CMakeFiles/ReliableBinaryTransferF1Demo.elf.dir/Drivers/STM32F1xx_HAL_Driver/Src/stm32f1xx_hal_uart.c.obj
 .text.UART_Transmit_IT
                0x00000000080026d4       0x60 CMakeFiles/ReliableBinaryTransferF1Demo.elf.dir/Drivers/STM32F1xx_HAL_Driver/Src/stm32f1xx_hal_uart.c.obj
 .text.UART_SetConfig
                0x0000000008002734       0x94 CMakeFiles/ReliableBinaryTransferF1Demo.elf.dir/Drivers/STM32F1xx_HAL_Driver/Src/stm32f1xx_hal_uart.c.obj
 .text.UART_WaitOnFlagUntilTimeout
                0x00000000080027c8       0x88 CMakeFiles/ReliableBinaryTransferF1Demo.elf.dir/Drivers/STM32F1xx_HAL_Driver/Src/stm32f1xx_hal_uart.c.obj
 .text.HAL_UART_Init
                0x0000000008002850       0x60 CMakeFiles/ReliableBinaryTransferF1Demo.elf.dir/Drivers/STM32F1xx_HAL_Driver/Src/stm32f1xx_hal_uart.c.obj
                0x0000000008002850                HAL_UART_Init
 .text.HAL_UART_Transmit
                0x00000000080028b0       0xbe CMakeFiles/ReliableBinaryTransferF1Demo.elf.dir/Drivers/STM32F1xx_HAL_Driver/Src/stm32f1xx_hal_uart.c.obj
                0x00000000080028b0                HAL_UART_Transmit
 .text.UART_EndTransmit_IT
                0x000000000800296e       0x1a CMakeFiles/ReliableBinaryTransferF1Demo.elf.dir/Drivers/STM32F1xx_HAL_Driver/Src/stm32f1xx_hal_uart.c.obj
 .text.HAL_UART_RxHalfCpltCallback
                0x0000000008002988        0x2 CMakeFiles/ReliableBinaryTransferF1Demo.elf.dir/Drivers/STM32F1xx_HAL_Driver/Src/stm32f1xx_hal_uart.c.obj
                0x0000000008002988                HAL_UART_RxHalfCpltCallback
 .text.UART_DMAError
                0x000000000800298a       0x58 CMakeFiles/ReliableBinaryTransferF1Demo.elf.dir/Drivers/STM32F1xx_HAL_Driver/Src/stm32f1xx_hal_uart.c.obj
 .text.UART_DMAAbortOnError
                0x00000000080029e2       0x10 CMakeFiles/ReliableBinaryTransferF1Demo.elf.dir/Drivers/STM32F1xx_HAL_Driver/Src/stm32f1xx_hal_uart.c.obj
 .text.UART_Receive_IT
                0x00000000080029f2       0xe6 CMakeFiles/ReliableBinaryTransferF1Demo.elf.dir/Drivers/STM32F1xx_HAL_Driver/Src/stm32f1xx_hal_uart.c.obj
 .text.HAL_UART_IRQHandler
                0x0000000008002ad8      0x288 CMakeFiles/ReliableBinaryTransferF1Demo.elf.dir/Drivers/STM32F1xx_HAL_Driver/Src/stm32f1xx_hal_uart.c.obj
                0x0000000008002ad8                HAL_UART_IRQHandler
 .text.UART_DMARxHalfCplt
                0x0000000008002d60       0x1e CMakeFiles/ReliableBinaryTransferF1Demo.elf.dir/Drivers/STM32F1xx_HAL_Driver/Src/stm32f1xx_hal_uart.c.obj
 .text.UART_DMAReceiveCplt
                0x0000000008002d7e       0x9a CMakeFiles/ReliableBinaryTransferF1Demo.elf.dir/Drivers/STM32F1xx_HAL_Driver/Src/stm32f1xx_hal_uart.c.obj
 .text.UART_Start_Receive_DMA
                0x0000000008002e18       0xa4 CMakeFiles/ReliableBinaryTransferF1Demo.elf.dir/Drivers/STM32F1xx_HAL_Driver/Src/stm32f1xx_hal_uart.c.obj
                0x0000000008002e18                UART_Start_Receive_DMA
 .text.HAL_UARTEx_ReceiveToIdle_DMA
                0x0000000008002ebc       0x66 CMakeFiles/ReliableBinaryTransferF1Demo.elf.dir/Drivers/STM32F1xx_HAL_Driver/Src/stm32f1xx_hal_uart.c.obj
                0x0000000008002ebc                HAL_UARTEx_ReceiveToIdle_DMA
 *fill*         0x0000000008002f22        0x2 
 .text.osKernelInitialize
                0x0000000008002f24       0x44 CMakeFiles/ReliableBinaryTransferF1Demo.elf.dir/Middlewares/Third_Party/FreeRTOS/Source/CMSIS_RTOS_V2/cmsis_os2.c.obj
                0x0000000008002f24                osKernelInitialize
 .text.osKernelStart
                0x0000000008002f68       0x4c CMakeFiles/ReliableBinaryTransferF1Demo.elf.dir/Middlewares/Third_Party/FreeRTOS/Source/CMSIS_RTOS_V2/cmsis_os2.c.obj
                0x0000000008002f68                osKernelStart
 .text.osThreadNew
                0x0000000008002fb4       0xec CMakeFiles/ReliableBinaryTransferF1Demo.elf.dir/Middlewares/Third_Party/FreeRTOS/Source/CMSIS_RTOS_V2/cmsis_os2.c.obj
                0x0000000008002fb4                osThreadNew
 .text.osDelay  0x00000000080030a0       0x44 CMakeFiles/ReliableBinaryTransferF1Demo.elf.dir/Middlewares/Third_Party/FreeRTOS/Source/CMSIS_RTOS_V2/cmsis_os2.c.obj
                0x00000000080030a0                osDelay
 .text.vApplicationGetIdleTaskMemory
                0x00000000080030e4       0x18 CMakeFiles/ReliableBinaryTransferF1Demo.elf.dir/Middlewares/Third_Party/FreeRTOS/Source/CMSIS_RTOS_V2/cmsis_os2.c.obj
                0x00000000080030e4                vApplicationGetIdleTaskMemory
 .text.vApplicationGetTimerTaskMemory
                0x00000000080030fc       0x18 CMakeFiles/ReliableBinaryTransferF1Demo.elf.dir/Middlewares/Third_Party/FreeRTOS/Source/CMSIS_RTOS_V2/cmsis_os2.c.obj
                0x00000000080030fc                vApplicationGetTimerTaskMemory
 .text.vListInitialise
                0x0000000008003114       0x16 CMakeFiles/ReliableBinaryTransferF1Demo.elf.dir/Middlewares/Third_Party/FreeRTOS/Source/list.c.obj
                0x0000000008003114                vListInitialise
 .text.vListInitialiseItem
                0x000000000800312a        0x6 CMakeFiles/ReliableBinaryTransferF1Demo.elf.dir/Middlewares/Third_Party/FreeRTOS/Source/list.c.obj
                0x000000000800312a                vListInitialiseItem
 .text.vListInsertEnd
                0x0000000008003130       0x16 CMakeFiles/ReliableBinaryTransferF1Demo.elf.dir/Middlewares/Third_Party/FreeRTOS/Source/list.c.obj
                0x0000000008003130                vListInsertEnd
 .text.vListInsert
                0x0000000008003146       0x32 CMakeFiles/ReliableBinaryTransferF1Demo.elf.dir/Middlewares/Third_Party/FreeRTOS/Source/list.c.obj
                0x0000000008003146                vListInsert
 .text.uxListRemove
                0x0000000008003178       0x26 CMakeFiles/ReliableBinaryTransferF1Demo.elf.dir/Middlewares/Third_Party/FreeRTOS/Source/list.c.obj
                0x0000000008003178                uxListRemove
 *fill*         0x000000000800319e        0x2 
 .text.prvTaskExitError
                0x00000000080031a0       0x40 CMakeFiles/ReliableBinaryTransferF1Demo.elf.dir/Middlewares/Third_Party/FreeRTOS/Source/portable/GCC/ARM_CM3/port.c.obj
 .text.prvPortStartFirstTask
                0x00000000080031e0       0x20 CMakeFiles/ReliableBinaryTransferF1Demo.elf.dir/Middlewares/Third_Party/FreeRTOS/Source/portable/GCC/ARM_CM3/port.c.obj
 .text.pxPortInitialiseStack
                0x0000000008003200       0x24 CMakeFiles/ReliableBinaryTransferF1Demo.elf.dir/Middlewares/Third_Party/FreeRTOS/Source/portable/GCC/ARM_CM3/port.c.obj
                0x0000000008003200                pxPortInitialiseStack
 *fill*         0x0000000008003224        0xc 
 .text.SVC_Handler
                0x0000000008003230       0x24 CMakeFiles/ReliableBinaryTransferF1Demo.elf.dir/Middlewares/Third_Party/FreeRTOS/Source/portable/GCC/ARM_CM3/port.c.obj
                0x0000000008003230                SVC_Handler
 .text.vPortEnterCritical
                0x0000000008003254       0x44 CMakeFiles/ReliableBinaryTransferF1Demo.elf.dir/Middlewares/Third_Party/FreeRTOS/Source/portable/GCC/ARM_CM3/port.c.obj
                0x0000000008003254                vPortEnterCritical
 .text.vPortExitCritical
                0x0000000008003298       0x2c CMakeFiles/ReliableBinaryTransferF1Demo.elf.dir/Middlewares/Third_Party/FreeRTOS/Source/portable/GCC/ARM_CM3/port.c.obj
                0x0000000008003298                vPortExitCritical
 *fill*         0x00000000080032c4        0xc 
 .text.PendSV_Handler
                0x00000000080032d0       0x44 CMakeFiles/ReliableBinaryTransferF1Demo.elf.dir/Middlewares/Third_Party/FreeRTOS/Source/portable/GCC/ARM_CM3/port.c.obj
                0x00000000080032d0                PendSV_Handler
 .text.SysTick_Handler
                0x0000000008003314       0x2c CMakeFiles/ReliableBinaryTransferF1Demo.elf.dir/Middlewares/Third_Party/FreeRTOS/Source/portable/GCC/ARM_CM3/port.c.obj
                0x0000000008003314                SysTick_Handler
 .text.vPortSetupTimerInterrupt
                0x0000000008003340       0x28 CMakeFiles/ReliableBinaryTransferF1Demo.elf.dir/Middlewares/Third_Party/FreeRTOS/Source/portable/GCC/ARM_CM3/port.c.obj
                0x0000000008003340                vPortSetupTimerInterrupt
 .text.xPortStartScheduler
                0x0000000008003368       0xc0 CMakeFiles/ReliableBinaryTransferF1Demo.elf.dir/Middlewares/Third_Party/FreeRTOS/Source/portable/GCC/ARM_CM3/port.c.obj
                0x0000000008003368                xPortStartScheduler
 .text.vPortValidateInterruptPriority
                0x0000000008003428       0x5c CMakeFiles/ReliableBinaryTransferF1Demo.elf.dir/Middlewares/Third_Party/FreeRTOS/Source/portable/GCC/ARM_CM3/port.c.obj
                0x0000000008003428                vPortValidateInterruptPriority
 .text.prvHeapInit
                0x0000000008003484       0x64 CMakeFiles/ReliableBinaryTransferF1Demo.elf.dir/Middlewares/Third_Party/FreeRTOS/Source/portable/MemMang/heap_4.c.obj
 .text.prvInsertBlockIntoFreeList
                0x00000000080034e8       0x60 CMakeFiles/ReliableBinaryTransferF1Demo.elf.dir/Middlewares/Third_Party/FreeRTOS/Source/portable/MemMang/heap_4.c.obj
 .text.pvPortMalloc
                0x0000000008003548       0xf0 CMakeFiles/ReliableBinaryTransferF1Demo.elf.dir/Middlewares/Third_Party/FreeRTOS/Source/portable/MemMang/heap_4.c.obj
                0x0000000008003548                pvPortMalloc
 .text.vPortFree
                0x0000000008003638       0x70 CMakeFiles/ReliableBinaryTransferF1Demo.elf.dir/Middlewares/Third_Party/FreeRTOS/Source/portable/MemMang/heap_4.c.obj
                0x0000000008003638                vPortFree
 .text.prvIsQueueFull
                0x00000000080036a8       0x1e CMakeFiles/ReliableBinaryTransferF1Demo.elf.dir/Middlewares/Third_Party/FreeRTOS/Source/queue.c.obj
 .text.prvIsQueueEmpty
                0x00000000080036c6       0x1a CMakeFiles/ReliableBinaryTransferF1Demo.elf.dir/Middlewares/Third_Party/FreeRTOS/Source/queue.c.obj
 .text.prvCopyDataToQueue
                0x00000000080036e0       0x76 CMakeFiles/ReliableBinaryTransferF1Demo.elf.dir/Middlewares/Third_Party/FreeRTOS/Source/queue.c.obj
 .text.prvCopyDataFromQueue
                0x0000000008003756       0x24 CMakeFiles/ReliableBinaryTransferF1Demo.elf.dir/Middlewares/Third_Party/FreeRTOS/Source/queue.c.obj
 .text.prvUnlockQueue
                0x000000000800377a       0x6e CMakeFiles/ReliableBinaryTransferF1Demo.elf.dir/Middlewares/Third_Party/FreeRTOS/Source/queue.c.obj
 .text.xQueueGenericReset
                0x00000000080037e8       0x84 CMakeFiles/ReliableBinaryTransferF1Demo.elf.dir/Middlewares/Third_Party/FreeRTOS/Source/queue.c.obj
                0x00000000080037e8                xQueueGenericReset
 .text.prvInitialiseNewQueue
                0x000000000800386c       0x22 CMakeFiles/ReliableBinaryTransferF1Demo.elf.dir/Middlewares/Third_Party/FreeRTOS/Source/queue.c.obj
 .text.xQueueGenericCreateStatic
                0x000000000800388e       0x92 CMakeFiles/ReliableBinaryTransferF1Demo.elf.dir/Middlewares/Third_Party/FreeRTOS/Source/queue.c.obj
                0x000000000800388e                xQueueGenericCreateStatic
 .text.xQueueGenericSend
                0x0000000008003920      0x188 CMakeFiles/ReliableBinaryTransferF1Demo.elf.dir/Middlewares/Third_Party/FreeRTOS/Source/queue.c.obj
                0x0000000008003920                xQueueGenericSend
 .text.xQueueGenericSendFromISR
                0x0000000008003aa8       0xcc CMakeFiles/ReliableBinaryTransferF1Demo.elf.dir/Middlewares/Third_Party/FreeRTOS/Source/queue.c.obj
                0x0000000008003aa8                xQueueGenericSendFromISR
 .text.xQueueReceive
                0x0000000008003b74      0x15e CMakeFiles/ReliableBinaryTransferF1Demo.elf.dir/Middlewares/Third_Party/FreeRTOS/Source/queue.c.obj
                0x0000000008003b74                xQueueReceive
 *fill*         0x0000000008003cd2        0x2 
 .text.vQueueAddToRegistry
                0x0000000008003cd4       0x28 CMakeFiles/ReliableBinaryTransferF1Demo.elf.dir/Middlewares/Third_Party/FreeRTOS/Source/queue.c.obj
                0x0000000008003cd4                vQueueAddToRegistry
 .text.vQueueWaitForMessageRestricted
                0x0000000008003cfc       0x52 CMakeFiles/ReliableBinaryTransferF1Demo.elf.dir/Middlewares/Third_Party/FreeRTOS/Source/queue.c.obj
                0x0000000008003cfc                vQueueWaitForMessageRestricted
 *fill*         0x0000000008003d4e        0x2 
 .text.prvResetNextTaskUnblockTime
                0x0000000008003d50       0x2c CMakeFiles/ReliableBinaryTransferF1Demo.elf.dir/Middlewares/Third_Party/FreeRTOS/Source/tasks.c.obj
 .text.prvInitialiseNewTask
                0x0000000008003d7c       0x9c CMakeFiles/ReliableBinaryTransferF1Demo.elf.dir/Middlewares/Third_Party/FreeRTOS/Source/tasks.c.obj
 .text.prvInitialiseTaskLists
                0x0000000008003e18       0x68 CMakeFiles/ReliableBinaryTransferF1Demo.elf.dir/Middlewares/Third_Party/FreeRTOS/Source/tasks.c.obj
 .text.prvAddNewTaskToReadyList
                0x0000000008003e80       0xac CMakeFiles/ReliableBinaryTransferF1Demo.elf.dir/Middlewares/Third_Party/FreeRTOS/Source/tasks.c.obj
 .text.prvDeleteTCB
                0x0000000008003f2c       0x38 CMakeFiles/ReliableBinaryTransferF1Demo.elf.dir/Middlewares/Third_Party/FreeRTOS/Source/tasks.c.obj
 .text.prvCheckTasksWaitingTermination
                0x0000000008003f64       0x4c CMakeFiles/ReliableBinaryTransferF1Demo.elf.dir/Middlewares/Third_Party/FreeRTOS/Source/tasks.c.obj
 .text.prvIdleTask
                0x0000000008003fb0       0x28 CMakeFiles/ReliableBinaryTransferF1Demo.elf.dir/Middlewares/Third_Party/FreeRTOS/Source/tasks.c.obj
 .text.prvAddCurrentTaskToDelayedList
                0x0000000008003fd8       0x7c CMakeFiles/ReliableBinaryTransferF1Demo.elf.dir/Middlewares/Third_Party/FreeRTOS/Source/tasks.c.obj
 .text.xTaskCreateStatic
                0x0000000008004054       0x74 CMakeFiles/ReliableBinaryTransferF1Demo.elf.dir/Middlewares/Third_Party/FreeRTOS/Source/tasks.c.obj
                0x0000000008004054                xTaskCreateStatic
 .text.xTaskCreate
                0x00000000080040c8       0x68 CMakeFiles/ReliableBinaryTransferF1Demo.elf.dir/Middlewares/Third_Party/FreeRTOS/Source/tasks.c.obj
                0x00000000080040c8                xTaskCreate
 .text.vTaskStartScheduler
                0x0000000008004130       0x9c CMakeFiles/ReliableBinaryTransferF1Demo.elf.dir/Middlewares/Third_Party/FreeRTOS/Source/tasks.c.obj
                0x0000000008004130                vTaskStartScheduler
 .text.vTaskSuspendAll
                0x00000000080041cc       0x10 CMakeFiles/ReliableBinaryTransferF1Demo.elf.dir/Middlewares/Third_Party/FreeRTOS/Source/tasks.c.obj
                0x00000000080041cc                vTaskSuspendAll
 .text.xTaskGetTickCount
                0x00000000080041dc        0xc CMakeFiles/ReliableBinaryTransferF1Demo.elf.dir/Middlewares/Third_Party/FreeRTOS/Source/tasks.c.obj
                0x00000000080041dc                xTaskGetTickCount
 .text.xTaskIncrementTick
                0x00000000080041e8      0x118 CMakeFiles/ReliableBinaryTransferF1Demo.elf.dir/Middlewares/Third_Party/FreeRTOS/Source/tasks.c.obj
                0x00000000080041e8                xTaskIncrementTick
 .text.xTaskResumeAll
                0x0000000008004300       0xf8 CMakeFiles/ReliableBinaryTransferF1Demo.elf.dir/Middlewares/Third_Party/FreeRTOS/Source/tasks.c.obj
                0x0000000008004300                xTaskResumeAll
 .text.vTaskDelay
                0x00000000080043f8       0x4c CMakeFiles/ReliableBinaryTransferF1Demo.elf.dir/Middlewares/Third_Party/FreeRTOS/Source/tasks.c.obj
                0x00000000080043f8                vTaskDelay
 .text.vTaskSwitchContext
                0x0000000008004444       0x94 CMakeFiles/ReliableBinaryTransferF1Demo.elf.dir/Middlewares/Third_Party/FreeRTOS/Source/tasks.c.obj
                0x0000000008004444                vTaskSwitchContext
 .text.vTaskPlaceOnEventList
                0x00000000080044d8       0x30 CMakeFiles/ReliableBinaryTransferF1Demo.elf.dir/Middlewares/Third_Party/FreeRTOS/Source/tasks.c.obj
                0x00000000080044d8                vTaskPlaceOnEventList
 .text.vTaskPlaceOnEventListRestricted
                0x0000000008004508       0x38 CMakeFiles/ReliableBinaryTransferF1Demo.elf.dir/Middlewares/Third_Party/FreeRTOS/Source/tasks.c.obj
                0x0000000008004508                vTaskPlaceOnEventListRestricted
 .text.xTaskRemoveFromEventList
                0x0000000008004540       0x8c CMakeFiles/ReliableBinaryTransferF1Demo.elf.dir/Middlewares/Third_Party/FreeRTOS/Source/tasks.c.obj
                0x0000000008004540                xTaskRemoveFromEventList
 .text.vTaskInternalSetTimeOutState
                0x00000000080045cc       0x18 CMakeFiles/ReliableBinaryTransferF1Demo.elf.dir/Middlewares/Third_Party/FreeRTOS/Source/tasks.c.obj
                0x00000000080045cc                vTaskInternalSetTimeOutState
 .text.xTaskCheckForTimeOut
                0x00000000080045e4       0x84 CMakeFiles/ReliableBinaryTransferF1Demo.elf.dir/Middlewares/Third_Party/FreeRTOS/Source/tasks.c.obj
                0x00000000080045e4                xTaskCheckForTimeOut
 .text.vTaskMissedYield
                0x0000000008004668        0xc CMakeFiles/ReliableBinaryTransferF1Demo.elf.dir/Middlewares/Third_Party/FreeRTOS/Source/tasks.c.obj
                0x0000000008004668                vTaskMissedYield
 .text.xTaskGetSchedulerState
                0x0000000008004674       0x20 CMakeFiles/ReliableBinaryTransferF1Demo.elf.dir/Middlewares/Third_Party/FreeRTOS/Source/tasks.c.obj
                0x0000000008004674                xTaskGetSchedulerState
 .text.xTaskPriorityDisinherit
                0x0000000008004694       0x90 CMakeFiles/ReliableBinaryTransferF1Demo.elf.dir/Middlewares/Third_Party/FreeRTOS/Source/tasks.c.obj
                0x0000000008004694                xTaskPriorityDisinherit
 .text.prvGetNextExpireTime
                0x0000000008004724       0x20 CMakeFiles/ReliableBinaryTransferF1Demo.elf.dir/Middlewares/Third_Party/FreeRTOS/Source/timers.c.obj
 .text.prvInsertTimerInActiveList
                0x0000000008004744       0x48 CMakeFiles/ReliableBinaryTransferF1Demo.elf.dir/Middlewares/Third_Party/FreeRTOS/Source/timers.c.obj
 .text.prvCheckForValidListAndQueue
                0x000000000800478c       0x70 CMakeFiles/ReliableBinaryTransferF1Demo.elf.dir/Middlewares/Third_Party/FreeRTOS/Source/timers.c.obj
 .text.xTimerCreateTimerTask
                0x00000000080047fc       0x64 CMakeFiles/ReliableBinaryTransferF1Demo.elf.dir/Middlewares/Third_Party/FreeRTOS/Source/timers.c.obj
                0x00000000080047fc                xTimerCreateTimerTask
 .text.xTimerGenericCommand
                0x0000000008004860       0x6c CMakeFiles/ReliableBinaryTransferF1Demo.elf.dir/Middlewares/Third_Party/FreeRTOS/Source/timers.c.obj
                0x0000000008004860                xTimerGenericCommand
 .text.prvSwitchTimerLists
                0x00000000080048cc       0x78 CMakeFiles/ReliableBinaryTransferF1Demo.elf.dir/Middlewares/Third_Party/FreeRTOS/Source/timers.c.obj
 .text.prvSampleTimeNow
                0x0000000008004944       0x2c CMakeFiles/ReliableBinaryTransferF1Demo.elf.dir/Middlewares/Third_Party/FreeRTOS/Source/timers.c.obj
 .text.prvProcessExpiredTimer
                0x0000000008004970       0x60 CMakeFiles/ReliableBinaryTransferF1Demo.elf.dir/Middlewares/Third_Party/FreeRTOS/Source/timers.c.obj
 .text.prvProcessTimerOrBlockTask
                0x00000000080049d0       0x74 CMakeFiles/ReliableBinaryTransferF1Demo.elf.dir/Middlewares/Third_Party/FreeRTOS/Source/timers.c.obj
 .text.prvProcessReceivedCommands
                0x0000000008004a44       0xf8 CMakeFiles/ReliableBinaryTransferF1Demo.elf.dir/Middlewares/Third_Party/FreeRTOS/Source/timers.c.obj
 .text.prvTimerTask
                0x0000000008004b3c       0x16 CMakeFiles/ReliableBinaryTransferF1Demo.elf.dir/Middlewares/Third_Party/FreeRTOS/Source/timers.c.obj
 .text._ZN14CircularBufferC2Ev
                0x0000000008004b52       0x16 CMakeFiles/ReliableBinaryTransferF1Demo.elf.dir/rdk/core/transfer/circular_buffer.cpp.obj
                0x0000000008004b52                CircularBuffer::CircularBuffer()
                0x0000000008004b52                CircularBuffer::CircularBuffer()
 .text._ZN14CircularBufferD2Ev
                0x0000000008004b68        0x2 CMakeFiles/ReliableBinaryTransferF1Demo.elf.dir/rdk/core/transfer/circular_buffer.cpp.obj
                0x0000000008004b68                CircularBuffer::~CircularBuffer()
                0x0000000008004b68                CircularBuffer::~CircularBuffer()
 .text._ZN14CircularBuffer9pop_frontEv
                0x0000000008004b6a       0x2c CMakeFiles/ReliableBinaryTransferF1Demo.elf.dir/rdk/core/transfer/circular_buffer.cpp.obj
                0x0000000008004b6a                CircularBuffer::pop_front()
 .text._ZN14CircularBuffer4fullEv
                0x0000000008004b96       0x12 CMakeFiles/ReliableBinaryTransferF1Demo.elf.dir/rdk/core/transfer/circular_buffer.cpp.obj
                0x0000000008004b96                CircularBuffer::full()
 .text._ZN14CircularBuffer9push_backEh
                0x0000000008004ba8       0x36 CMakeFiles/ReliableBinaryTransferF1Demo.elf.dir/rdk/core/transfer/circular_buffer.cpp.obj
                0x0000000008004ba8                CircularBuffer::push_back(unsigned char)
 .text._ZN14CircularBuffer9availableEv
                0x0000000008004bde        0xe CMakeFiles/ReliableBinaryTransferF1Demo.elf.dir/rdk/core/transfer/circular_buffer.cpp.obj
                0x0000000008004bde                CircularBuffer::available()
 .text._ZN14Crc8CalculatorD2Ev
                0x0000000008004bec        0x2 CMakeFiles/ReliableBinaryTransferF1Demo.elf.dir/rdk/core/transfer/crc.cpp.obj
                0x0000000008004bec                Crc8Calculator::~Crc8Calculator()
                0x0000000008004bec                Crc8Calculator::~Crc8Calculator()
 .text._ZN14Crc8Calculator13process_bytesEPhj
                0x0000000008004bee       0x20 CMakeFiles/ReliableBinaryTransferF1Demo.elf.dir/rdk/core/transfer/crc.cpp.obj
                0x0000000008004bee                Crc8Calculator::process_bytes(unsigned char*, unsigned int)
 .text._ZN14Crc8Calculator8checksumEv
                0x0000000008004c0e        0x4 CMakeFiles/ReliableBinaryTransferF1Demo.elf.dir/rdk/core/transfer/crc.cpp.obj
                0x0000000008004c0e                Crc8Calculator::checksum()
 .text._ZN14Crc8Calculator14crc_high_firstEPhj
                0x0000000008004c12       0x3a CMakeFiles/ReliableBinaryTransferF1Demo.elf.dir/rdk/core/transfer/crc.cpp.obj
                0x0000000008004c12                Crc8Calculator::crc_high_first(unsigned char*, unsigned int)
 .text._ZN14Crc8Calculator16create_crc_tableEv
                0x0000000008004c4c       0x2a CMakeFiles/ReliableBinaryTransferF1Demo.elf.dir/rdk/core/transfer/crc.cpp.obj
                0x0000000008004c4c                Crc8Calculator::create_crc_table()
 .text._ZN14Crc8CalculatorC2Eh
                0x0000000008004c76        0xe CMakeFiles/ReliableBinaryTransferF1Demo.elf.dir/rdk/core/transfer/crc.cpp.obj
                0x0000000008004c76                Crc8Calculator::Crc8Calculator(unsigned char)
                0x0000000008004c76                Crc8Calculator::Crc8Calculator(unsigned char)
 .text._ZN22ReliableBinaryTransferC2EP10SerialPortP14Crc8Calculator
                0x0000000008004c84       0x24 CMakeFiles/ReliableBinaryTransferF1Demo.elf.dir/rdk/core/transfer/reliable_binary_transfer.cpp.obj
                0x0000000008004c84                ReliableBinaryTransfer::ReliableBinaryTransfer(SerialPort*, Crc8Calculator*)
                0x0000000008004c84                ReliableBinaryTransfer::ReliableBinaryTransfer(SerialPort*, Crc8Calculator*)
 .text._ZN22ReliableBinaryTransferD2Ev
                0x0000000008004ca8        0xc CMakeFiles/ReliableBinaryTransferF1Demo.elf.dir/rdk/core/transfer/reliable_binary_transfer.cpp.obj
                0x0000000008004ca8                ReliableBinaryTransfer::~ReliableBinaryTransfer()
                0x0000000008004ca8                ReliableBinaryTransfer::~ReliableBinaryTransfer()
 .text._ZN22ReliableBinaryTransfer16send_binary_onceEPhj
                0x0000000008004cb4       0x9c CMakeFiles/ReliableBinaryTransferF1Demo.elf.dir/rdk/core/transfer/reliable_binary_transfer.cpp.obj
                0x0000000008004cb4                ReliableBinaryTransfer::send_binary_once(unsigned char*, unsigned int)
 .text._ZN22ReliableBinaryTransfer11send_binaryEPhj
                0x0000000008004d50       0x2a CMakeFiles/ReliableBinaryTransferF1Demo.elf.dir/rdk/core/transfer/reliable_binary_transfer.cpp.obj
                0x0000000008004d50                ReliableBinaryTransfer::send_binary(unsigned char*, unsigned int)
 .text._ZN22ReliableBinaryTransfer16recv_binary_onceEPhjPVii
                0x0000000008004d7a       0xd2 CMakeFiles/ReliableBinaryTransferF1Demo.elf.dir/rdk/core/transfer/reliable_binary_transfer.cpp.obj
                0x0000000008004d7a                ReliableBinaryTransfer::recv_binary_once(unsigned char*, unsigned int, int volatile*, int)
 .text._ZN22ReliableBinaryTransfer11recv_binaryEPhji
                0x0000000008004e4c       0x2c CMakeFiles/ReliableBinaryTransferF1Demo.elf.dir/rdk/core/transfer/reliable_binary_transfer.cpp.obj
                0x0000000008004e4c                ReliableBinaryTransfer::recv_binary(unsigned char*, unsigned int, int)
 .text._ZN10SerialPortC2EP20__UART_HandleTypeDefP14CircularBuffer
                0x0000000008004e78       0x10 CMakeFiles/ReliableBinaryTransferF1Demo.elf.dir/rdk/core/transfer/serial_port.cpp.obj
                0x0000000008004e78                SerialPort::SerialPort(__UART_HandleTypeDef*, CircularBuffer*)
                0x0000000008004e78                SerialPort::SerialPort(__UART_HandleTypeDef*, CircularBuffer*)
 .text._ZN10SerialPortD2Ev
                0x0000000008004e88        0x2 CMakeFiles/ReliableBinaryTransferF1Demo.elf.dir/rdk/core/transfer/serial_port.cpp.obj
                0x0000000008004e88                SerialPort::~SerialPort()
                0x0000000008004e88                SerialPort::~SerialPort()
 .text._ZN10SerialPort5startEv
                0x0000000008004e8a       0x12 CMakeFiles/ReliableBinaryTransferF1Demo.elf.dir/rdk/core/transfer/serial_port.cpp.obj
                0x0000000008004e8a                SerialPort::start()
 .text._ZN10SerialPort28OnHAL_UARTEx_RxEventCallbackEP20__UART_HandleTypeDeft
                0x0000000008004e9c       0x88 CMakeFiles/ReliableBinaryTransferF1Demo.elf.dir/rdk/core/transfer/serial_port.cpp.obj
                0x0000000008004e9c                SerialPort::OnHAL_UARTEx_RxEventCallback(__UART_HandleTypeDef*, unsigned short)
 .text._ZN10SerialPort25OnHAL_UART_TxCpltCallbackEP20__UART_HandleTypeDef
                0x0000000008004f24       0x20 CMakeFiles/ReliableBinaryTransferF1Demo.elf.dir/rdk/core/transfer/serial_port.cpp.obj
                0x0000000008004f24                SerialPort::OnHAL_UART_TxCpltCallback(__UART_HandleTypeDef*)
 .text._ZN10SerialPort25OnHAL_UART_RxCpltCallbackEP20__UART_HandleTypeDef
                0x0000000008004f44       0x20 CMakeFiles/ReliableBinaryTransferF1Demo.elf.dir/rdk/core/transfer/serial_port.cpp.obj
                0x0000000008004f44                SerialPort::OnHAL_UART_RxCpltCallback(__UART_HandleTypeDef*)
 .text._ZN10SerialPort24OnHAL_UART_ErrorCallbackEP20__UART_HandleTypeDef
                0x0000000008004f64       0x3a CMakeFiles/ReliableBinaryTransferF1Demo.elf.dir/rdk/core/transfer/serial_port.cpp.obj
                0x0000000008004f64                SerialPort::OnHAL_UART_ErrorCallback(__UART_HandleTypeDef*)
 .text._ZN10SerialPort5writeEPhji
                0x0000000008004f9e       0x10 CMakeFiles/ReliableBinaryTransferF1Demo.elf.dir/rdk/core/transfer/serial_port.cpp.obj
                0x0000000008004f9e                SerialPort::write(unsigned char*, unsigned int, int)
 .text._ZN10SerialPort5writeEPhj
                0x0000000008004fae       0x10 CMakeFiles/ReliableBinaryTransferF1Demo.elf.dir/rdk/core/transfer/serial_port.cpp.obj
                0x0000000008004fae                SerialPort::write(unsigned char*, unsigned int)
 .text._ZN10SerialPort4readEPhji
                0x0000000008004fbe       0x4c CMakeFiles/ReliableBinaryTransferF1Demo.elf.dir/rdk/core/transfer/serial_port.cpp.obj
                0x0000000008004fbe                SerialPort::read(unsigned char*, unsigned int, int)
 .text._ZN20SimpleBinaryTransferC2EP10SerialPortP14Crc8Calculator
                0x000000000800500a       0x1c CMakeFiles/ReliableBinaryTransferF1Demo.elf.dir/rdk/core/transfer/simple_binary_transfer.cpp.obj
                0x000000000800500a                SimpleBinaryTransfer::SimpleBinaryTransfer(SerialPort*, Crc8Calculator*)
                0x000000000800500a                SimpleBinaryTransfer::SimpleBinaryTransfer(SerialPort*, Crc8Calculator*)
 .text._ZN20SimpleBinaryTransferD2Ev
                0x0000000008005026        0x2 CMakeFiles/ReliableBinaryTransferF1Demo.elf.dir/rdk/core/transfer/simple_binary_transfer.cpp.obj
                0x0000000008005026                SimpleBinaryTransfer::~SimpleBinaryTransfer()
                0x0000000008005026                SimpleBinaryTransfer::~SimpleBinaryTransfer()
 .text._ZN20SimpleBinaryTransfer17check_recv_statusEv
                0x0000000008005028       0x10 CMakeFiles/ReliableBinaryTransferF1Demo.elf.dir/rdk/core/transfer/simple_binary_transfer.cpp.obj
                0x0000000008005028                SimpleBinaryTransfer::check_recv_status()
 .text._ZN20SimpleBinaryTransfer6encodeEPhj
                0x0000000008005038       0x30 CMakeFiles/ReliableBinaryTransferF1Demo.elf.dir/rdk/core/transfer/simple_binary_transfer.cpp.obj
                0x0000000008005038                SimpleBinaryTransfer::encode(unsigned char*, unsigned int)
 .text._ZN20SimpleBinaryTransfer11send_binaryEPhj
                0x0000000008005068       0x36 CMakeFiles/ReliableBinaryTransferF1Demo.elf.dir/rdk/core/transfer/simple_binary_transfer.cpp.obj
                0x0000000008005068                SimpleBinaryTransfer::send_binary(unsigned char*, unsigned int)
 .text._ZN20SimpleBinaryTransfer6decodeEPhjj
                0x000000000800509e       0x60 CMakeFiles/ReliableBinaryTransferF1Demo.elf.dir/rdk/core/transfer/simple_binary_transfer.cpp.obj
                0x000000000800509e                SimpleBinaryTransfer::decode(unsigned char*, unsigned int, unsigned int)
 *fill*         0x00000000080050fe        0x2 
 .text._ZN20SimpleBinaryTransfer11recv_binaryEPhji
                0x0000000008005100      0x11c CMakeFiles/ReliableBinaryTransferF1Demo.elf.dir/rdk/core/transfer/simple_binary_transfer.cpp.obj
                0x0000000008005100                SimpleBinaryTransfer::recv_binary(unsigned char*, unsigned int, int)
 .text.__aeabi_atexit
                0x000000000800521c        0xc /Applications/ARM/bin/../lib/gcc/arm-none-eabi/10.3.1/../../../../arm-none-eabi/lib/thumb/v7-m/nofp/libstdc++.a(atexit_arm.o)
                0x000000000800521c                __aeabi_atexit
 .text.abort    0x0000000008005228       0x10 /Applications/ARM/bin/../lib/gcc/arm-none-eabi/10.3.1/../../../../arm-none-eabi/lib/thumb/v7-m/nofp/libg.a(lib_a-abort.o)
                0x0000000008005228                abort
 .text.__cxa_atexit
                0x0000000008005238       0x18 /Applications/ARM/bin/../lib/gcc/arm-none-eabi/10.3.1/../../../../arm-none-eabi/lib/thumb/v7-m/nofp/libg.a(lib_a-cxa_atexit.o)
                0x0000000008005238                __cxa_atexit
 .text.__errno  0x0000000008005250        0xc /Applications/ARM/bin/../lib/gcc/arm-none-eabi/10.3.1/../../../../arm-none-eabi/lib/thumb/v7-m/nofp/libg.a(lib_a-errno.o)
                0x0000000008005250                __errno
 .text.__libc_init_array
                0x000000000800525c       0x48 /Applications/ARM/bin/../lib/gcc/arm-none-eabi/10.3.1/../../../../arm-none-eabi/lib/thumb/v7-m/nofp/libg.a(lib_a-init.o)
                0x000000000800525c                __libc_init_array
 .text.memset   0x00000000080052a4       0xa4 /Applications/ARM/bin/../lib/gcc/arm-none-eabi/10.3.1/../../../../arm-none-eabi/lib/thumb/v7-m/nofp/libg.a(lib_a-memset.o)
                0x00000000080052a4                memset
 .text.raise    0x0000000008005348       0x5c /Applications/ARM/bin/../lib/gcc/arm-none-eabi/10.3.1/../../../../arm-none-eabi/lib/thumb/v7-m/nofp/libg.a(lib_a-signal.o)
                0x0000000008005348                raise
 .text._kill_r  0x00000000080053a4       0x28 /Applications/ARM/bin/../lib/gcc/arm-none-eabi/10.3.1/../../../../arm-none-eabi/lib/thumb/v7-m/nofp/libg.a(lib_a-signalr.o)
                0x00000000080053a4                _kill_r
 .text._getpid_r
                0x00000000080053cc        0x4 /Applications/ARM/bin/../lib/gcc/arm-none-eabi/10.3.1/../../../../arm-none-eabi/lib/thumb/v7-m/nofp/libg.a(lib_a-signalr.o)
                0x00000000080053cc                _getpid_r
 .text.__register_exitproc
                0x00000000080053d0       0x8c /Applications/ARM/bin/../lib/gcc/arm-none-eabi/10.3.1/../../../../arm-none-eabi/lib/thumb/v7-m/nofp/libg.a(lib_a-__atexit.o)
                0x00000000080053d0                __register_exitproc
 .text.startup.register_fini
                0x000000000800545c       0x14 /Applications/ARM/bin/../lib/gcc/arm-none-eabi/10.3.1/../../../../arm-none-eabi/lib/thumb/v7-m/nofp/libg.a(lib_a-__call_atexit.o)
 .text.atexit   0x0000000008005470        0xc /Applications/ARM/bin/../lib/gcc/arm-none-eabi/10.3.1/../../../../arm-none-eabi/lib/thumb/v7-m/nofp/libg.a(lib_a-atexit.o)
                0x0000000008005470                atexit
 .text.__libc_fini_array
                0x000000000800547c       0x2c /Applications/ARM/bin/../lib/gcc/arm-none-eabi/10.3.1/../../../../arm-none-eabi/lib/thumb/v7-m/nofp/libg.a(lib_a-fini.o)
                0x000000000800547c                __libc_fini_array
 .text.__retarget_lock_acquire_recursive
                0x00000000080054a8        0x4 /Applications/ARM/bin/../lib/gcc/arm-none-eabi/10.3.1/../../../../arm-none-eabi/lib/thumb/v7-m/nofp/libg.a(lib_a-lock.o)
                0x00000000080054a8                __retarget_lock_acquire_recursive
 .text.__retarget_lock_release_recursive
                0x00000000080054ac        0x4 /Applications/ARM/bin/../lib/gcc/arm-none-eabi/10.3.1/../../../../arm-none-eabi/lib/thumb/v7-m/nofp/libg.a(lib_a-lock.o)
                0x00000000080054ac                __retarget_lock_release_recursive
 *(.glue_7)
 .glue_7        0x00000000080054b0        0x0 linker stubs
 *(.glue_7t)
 .glue_7t       0x00000000080054b0        0x0 linker stubs
 *(.eh_frame)
 .eh_frame      0x00000000080054b0        0x0 /Applications/ARM/bin/../lib/gcc/arm-none-eabi/10.3.1/thumb/v7-m/nofp/crtbegin.o
 *(.init)
 .init          0x00000000080054b0        0x4 /Applications/ARM/bin/../lib/gcc/arm-none-eabi/10.3.1/thumb/v7-m/nofp/crti.o
                0x00000000080054b0                _init
 .init          0x00000000080054b4        0x8 /Applications/ARM/bin/../lib/gcc/arm-none-eabi/10.3.1/thumb/v7-m/nofp/crtn.o
 *(.fini)
 .fini          0x00000000080054bc        0x4 /Applications/ARM/bin/../lib/gcc/arm-none-eabi/10.3.1/thumb/v7-m/nofp/crti.o
                0x00000000080054bc                _fini
 .fini          0x00000000080054c0        0x8 /Applications/ARM/bin/../lib/gcc/arm-none-eabi/10.3.1/thumb/v7-m/nofp/crtn.o
                0x00000000080054c8                . = ALIGN (0x4)
                0x00000000080054c8                _etext = .

.vfp11_veneer   0x00000000080054c8        0x0
 .vfp11_veneer  0x00000000080054c8        0x0 linker stubs

.v4_bx          0x00000000080054c8        0x0
 .v4_bx         0x00000000080054c8        0x0 linker stubs

.iplt           0x00000000080054c8        0x0
 .iplt          0x00000000080054c8        0x0 /Applications/ARM/bin/../lib/gcc/arm-none-eabi/10.3.1/thumb/v7-m/nofp/crtbegin.o

.rodata         0x00000000080054c8       0x7c
                0x00000000080054c8                . = ALIGN (0x4)
 *(.rodata)
 *(.rodata*)
 .rodata.str1.4
                0x00000000080054c8        0xe CMakeFiles/ReliableBinaryTransferF1Demo.elf.dir/Core/Src/freertos.c.obj
 *fill*         0x00000000080054d6        0x2 
 .rodata.recvMasterCmd_attributes
                0x00000000080054d8       0x24 CMakeFiles/ReliableBinaryTransferF1Demo.elf.dir/Core/Src/freertos.c.obj
                0x00000000080054d8                recvMasterCmd_attributes
 .rodata.AHBPrescTable
                0x00000000080054fc       0x10 CMakeFiles/ReliableBinaryTransferF1Demo.elf.dir/Core/Src/system_stm32f1xx.c.obj
                0x00000000080054fc                AHBPrescTable
 .rodata.APBPrescTable
                0x000000000800550c        0x8 CMakeFiles/ReliableBinaryTransferF1Demo.elf.dir/Core/Src/system_stm32f1xx.c.obj
                0x000000000800550c                APBPrescTable
 .rodata.aPLLMULFactorTable.1
                0x0000000008005514       0x10 CMakeFiles/ReliableBinaryTransferF1Demo.elf.dir/Drivers/STM32F1xx_HAL_Driver/Src/stm32f1xx_hal_rcc.c.obj
 .rodata.aPredivFactorTable.0
                0x0000000008005524        0x2 CMakeFiles/ReliableBinaryTransferF1Demo.elf.dir/Drivers/STM32F1xx_HAL_Driver/Src/stm32f1xx_hal_rcc.c.obj
 *fill*         0x0000000008005526        0x2 
 .rodata.vTaskStartScheduler.str1.4
                0x0000000008005528        0x5 CMakeFiles/ReliableBinaryTransferF1Demo.elf.dir/Middlewares/Third_Party/FreeRTOS/Source/tasks.c.obj
 *fill*         0x000000000800552d        0x3 
 .rodata.prvCheckForValidListAndQueue.str1.4
                0x0000000008005530        0x5 CMakeFiles/ReliableBinaryTransferF1Demo.elf.dir/Middlewares/Third_Party/FreeRTOS/Source/timers.c.obj
 *fill*         0x0000000008005535        0x3 
 .rodata.xTimerCreateTimerTask.str1.4
                0x0000000008005538        0x8 CMakeFiles/ReliableBinaryTransferF1Demo.elf.dir/Middlewares/Third_Party/FreeRTOS/Source/timers.c.obj
 .rodata._global_impure_ptr
                0x0000000008005540        0x4 /Applications/ARM/bin/../lib/gcc/arm-none-eabi/10.3.1/../../../../arm-none-eabi/lib/thumb/v7-m/nofp/libg.a(lib_a-impure.o)
                0x0000000008005540                _global_impure_ptr
                0x0000000008005544                . = ALIGN (0x4)

.ARM.extab      0x0000000008005544       0x6c
                0x0000000008005544                . = ALIGN (0x4)
 *(.ARM.extab* .gnu.linkonce.armextab.*)
 .ARM.extab.text.RobotInit
                0x0000000008005544        0xc CMakeFiles/ReliableBinaryTransferF1Demo.elf.dir/Core/Src/RobotMain.cpp.obj
 .ARM.extab.text.OnHAL_UARTEx_RxEventCallback
                0x0000000008005550        0xc CMakeFiles/ReliableBinaryTransferF1Demo.elf.dir/Core/Src/RobotMain.cpp.obj
 .ARM.extab.text.OnHAL_UART_TxCpltCallback
                0x000000000800555c        0xc CMakeFiles/ReliableBinaryTransferF1Demo.elf.dir/Core/Src/RobotMain.cpp.obj
 .ARM.extab.text.OnHAL_UART_ErrorCallback
                0x0000000008005568        0xc CMakeFiles/ReliableBinaryTransferF1Demo.elf.dir/Core/Src/RobotMain.cpp.obj
 .ARM.extab.text._ZN10SerialPort5startEv
                0x0000000008005574        0xc CMakeFiles/ReliableBinaryTransferF1Demo.elf.dir/rdk/core/transfer/serial_port.cpp.obj
 .ARM.extab.text._ZN10SerialPort25OnHAL_UART_TxCpltCallbackEP20__UART_HandleTypeDef
                0x0000000008005580        0xc CMakeFiles/ReliableBinaryTransferF1Demo.elf.dir/rdk/core/transfer/serial_port.cpp.obj
 .ARM.extab.text._ZN10SerialPort25OnHAL_UART_RxCpltCallbackEP20__UART_HandleTypeDef
                0x000000000800558c        0xc CMakeFiles/ReliableBinaryTransferF1Demo.elf.dir/rdk/core/transfer/serial_port.cpp.obj
 .ARM.extab     0x0000000008005598       0x18 /Applications/ARM/bin/../lib/gcc/arm-none-eabi/10.3.1/thumb/v7-m/nofp/libgcc.a(pr-support.o)
                0x00000000080055b0                . = ALIGN (0x4)

.ARM            0x00000000080055b0      0x190
                0x00000000080055b0                . = ALIGN (0x4)
                0x00000000080055b0                __exidx_start = .
 *(.ARM.exidx*)
 .ARM.exidx.text._Z41__static_initialization_and_destruction_0ii
                0x0000000008005668        0x0 CMakeFiles/ReliableBinaryTransferF1Demo.elf.dir/Core/Src/RobotMain.cpp.obj
                                          0x8 (size before relaxing)
 .ARM.exidx.text.RobotInit
                0x0000000008005668        0x8 CMakeFiles/ReliableBinaryTransferF1Demo.elf.dir/Core/Src/RobotMain.cpp.obj
 .ARM.exidx.text.RobotTest
                0x0000000008005670        0x8 CMakeFiles/ReliableBinaryTransferF1Demo.elf.dir/Core/Src/RobotMain.cpp.obj
 .ARM.exidx.text.OnHAL_UARTEx_RxEventCallback
                0x0000000008005678        0x8 CMakeFiles/ReliableBinaryTransferF1Demo.elf.dir/Core/Src/RobotMain.cpp.obj
 .ARM.exidx.text.OnHAL_UART_TxCpltCallback
                0x0000000008005680        0x8 CMakeFiles/ReliableBinaryTransferF1Demo.elf.dir/Core/Src/RobotMain.cpp.obj
 .ARM.exidx.text.OnHAL_UART_RxCpltCallback
                0x0000000008005688        0x8 CMakeFiles/ReliableBinaryTransferF1Demo.elf.dir/Core/Src/RobotMain.cpp.obj
 .ARM.exidx.text.OnHAL_UART_ErrorCallback
                0x0000000008005690        0x8 CMakeFiles/ReliableBinaryTransferF1Demo.elf.dir/Core/Src/RobotMain.cpp.obj
 .ARM.exidx.text._GLOBAL__sub_I_circular_buffer
                0x0000000008005698        0x8 CMakeFiles/ReliableBinaryTransferF1Demo.elf.dir/Core/Src/RobotMain.cpp.obj
 .ARM.exidx.text._ZN14CircularBufferC2Ev
                0x00000000080056a0        0x0 CMakeFiles/ReliableBinaryTransferF1Demo.elf.dir/rdk/core/transfer/circular_buffer.cpp.obj
                                          0x8 (size before relaxing)
 .ARM.exidx.text._ZN14CircularBufferD2Ev
                0x00000000080056a0        0x0 CMakeFiles/ReliableBinaryTransferF1Demo.elf.dir/rdk/core/transfer/circular_buffer.cpp.obj
                                          0x8 (size before relaxing)
 .ARM.exidx.text._ZN14CircularBuffer9pop_frontEv
                0x00000000080056a0        0x0 CMakeFiles/ReliableBinaryTransferF1Demo.elf.dir/rdk/core/transfer/circular_buffer.cpp.obj
                                          0x8 (size before relaxing)
 .ARM.exidx.text._ZN14CircularBuffer4fullEv
                0x00000000080056a0        0x0 CMakeFiles/ReliableBinaryTransferF1Demo.elf.dir/rdk/core/transfer/circular_buffer.cpp.obj
                                          0x8 (size before relaxing)
 .ARM.exidx.text._ZN14CircularBuffer9push_backEh
                0x00000000080056a0        0x0 CMakeFiles/ReliableBinaryTransferF1Demo.elf.dir/rdk/core/transfer/circular_buffer.cpp.obj
                                          0x8 (size before relaxing)
 .ARM.exidx.text._ZN14CircularBuffer9availableEv
                0x00000000080056a0        0x0 CMakeFiles/ReliableBinaryTransferF1Demo.elf.dir/rdk/core/transfer/circular_buffer.cpp.obj
                                          0x8 (size before relaxing)
 .ARM.exidx.text._ZN14Crc8CalculatorD2Ev
                0x00000000080056a0        0x0 CMakeFiles/ReliableBinaryTransferF1Demo.elf.dir/rdk/core/transfer/crc.cpp.obj
                                          0x8 (size before relaxing)
 .ARM.exidx.text._ZN14Crc8Calculator13process_bytesEPhj
                0x00000000080056a0        0x0 CMakeFiles/ReliableBinaryTransferF1Demo.elf.dir/rdk/core/transfer/crc.cpp.obj
                                          0x8 (size before relaxing)
 .ARM.exidx.text._ZN14Crc8Calculator8checksumEv
                0x00000000080056a0        0x0 CMakeFiles/ReliableBinaryTransferF1Demo.elf.dir/rdk/core/transfer/crc.cpp.obj
                                          0x8 (size before relaxing)
 .ARM.exidx.text._ZN14Crc8Calculator14crc_high_firstEPhj
                0x00000000080056a0        0x0 CMakeFiles/ReliableBinaryTransferF1Demo.elf.dir/rdk/core/transfer/crc.cpp.obj
                                          0x8 (size before relaxing)
 .ARM.exidx.text._ZN14Crc8Calculator16create_crc_tableEv
                0x00000000080056a0        0x0 CMakeFiles/ReliableBinaryTransferF1Demo.elf.dir/rdk/core/transfer/crc.cpp.obj
                                          0x8 (size before relaxing)
 .ARM.exidx.text._ZN14Crc8CalculatorC2Eh
                0x00000000080056a0        0x0 CMakeFiles/ReliableBinaryTransferF1Demo.elf.dir/rdk/core/transfer/crc.cpp.obj
                                          0x8 (size before relaxing)
 .ARM.exidx.text._ZN22ReliableBinaryTransferC2EP10SerialPortP14Crc8Calculator
                0x00000000080056a0        0x8 CMakeFiles/ReliableBinaryTransferF1Demo.elf.dir/rdk/core/transfer/reliable_binary_transfer.cpp.obj
 .ARM.exidx.text._ZN22ReliableBinaryTransferD2Ev
                0x00000000080056a8        0x8 CMakeFiles/ReliableBinaryTransferF1Demo.elf.dir/rdk/core/transfer/reliable_binary_transfer.cpp.obj
 .ARM.exidx.text._ZN22ReliableBinaryTransfer16send_binary_onceEPhj
                0x00000000080056b0        0x8 CMakeFiles/ReliableBinaryTransferF1Demo.elf.dir/rdk/core/transfer/reliable_binary_transfer.cpp.obj
 .ARM.exidx.text._ZN22ReliableBinaryTransfer11send_binaryEPhj
                0x00000000080056b8        0x8 CMakeFiles/ReliableBinaryTransferF1Demo.elf.dir/rdk/core/transfer/reliable_binary_transfer.cpp.obj
 .ARM.exidx.text._ZN22ReliableBinaryTransfer16recv_binary_onceEPhjPVii
                0x00000000080056c0        0x8 CMakeFiles/ReliableBinaryTransferF1Demo.elf.dir/rdk/core/transfer/reliable_binary_transfer.cpp.obj
 .ARM.exidx.text._ZN22ReliableBinaryTransfer11recv_binaryEPhji
                0x00000000080056c8        0x8 CMakeFiles/ReliableBinaryTransferF1Demo.elf.dir/rdk/core/transfer/reliable_binary_transfer.cpp.obj
 .ARM.exidx.text._ZN10SerialPortC2EP20__UART_HandleTypeDefP14CircularBuffer
                0x00000000080056d0        0x8 CMakeFiles/ReliableBinaryTransferF1Demo.elf.dir/rdk/core/transfer/serial_port.cpp.obj
 .ARM.exidx.text._ZN10SerialPortD2Ev
                0x00000000080056d8        0x0 CMakeFiles/ReliableBinaryTransferF1Demo.elf.dir/rdk/core/transfer/serial_port.cpp.obj
                                          0x8 (size before relaxing)
 .ARM.exidx.text._ZN10SerialPort5startEv
                0x00000000080056d8        0x8 CMakeFiles/ReliableBinaryTransferF1Demo.elf.dir/rdk/core/transfer/serial_port.cpp.obj
 .ARM.exidx.text._ZN10SerialPort28OnHAL_UARTEx_RxEventCallbackEP20__UART_HandleTypeDeft
                0x00000000080056e0        0x8 CMakeFiles/ReliableBinaryTransferF1Demo.elf.dir/rdk/core/transfer/serial_port.cpp.obj
 .ARM.exidx.text._ZN10SerialPort25OnHAL_UART_TxCpltCallbackEP20__UART_HandleTypeDef
                0x00000000080056e8        0x8 CMakeFiles/ReliableBinaryTransferF1Demo.elf.dir/rdk/core/transfer/serial_port.cpp.obj
 .ARM.exidx.text._ZN10SerialPort25OnHAL_UART_RxCpltCallbackEP20__UART_HandleTypeDef
                0x00000000080056f0        0x8 CMakeFiles/ReliableBinaryTransferF1Demo.elf.dir/rdk/core/transfer/serial_port.cpp.obj
 .ARM.exidx.text._ZN10SerialPort24OnHAL_UART_ErrorCallbackEP20__UART_HandleTypeDef
                0x00000000080056f8        0x8 CMakeFiles/ReliableBinaryTransferF1Demo.elf.dir/rdk/core/transfer/serial_port.cpp.obj
 .ARM.exidx.text._ZN10SerialPort5writeEPhji
                0x0000000008005700        0x8 CMakeFiles/ReliableBinaryTransferF1Demo.elf.dir/rdk/core/transfer/serial_port.cpp.obj
 .ARM.exidx.text._ZN10SerialPort5writeEPhj
                0x0000000008005708        0x0 CMakeFiles/ReliableBinaryTransferF1Demo.elf.dir/rdk/core/transfer/serial_port.cpp.obj
                                          0x8 (size before relaxing)
 .ARM.exidx.text._ZN10SerialPort4readEPhji
                0x0000000008005708        0x8 CMakeFiles/ReliableBinaryTransferF1Demo.elf.dir/rdk/core/transfer/serial_port.cpp.obj
 .ARM.exidx.text._ZN20SimpleBinaryTransferC2EP10SerialPortP14Crc8Calculator
                0x0000000008005710        0x8 CMakeFiles/ReliableBinaryTransferF1Demo.elf.dir/rdk/core/transfer/simple_binary_transfer.cpp.obj
 .ARM.exidx.text._ZN20SimpleBinaryTransferD2Ev
                0x0000000008005718        0x0 CMakeFiles/ReliableBinaryTransferF1Demo.elf.dir/rdk/core/transfer/simple_binary_transfer.cpp.obj
                                          0x8 (size before relaxing)
 .ARM.exidx.text._ZN20SimpleBinaryTransfer17check_recv_statusEv
                0x0000000008005718        0x0 CMakeFiles/ReliableBinaryTransferF1Demo.elf.dir/rdk/core/transfer/simple_binary_transfer.cpp.obj
                                          0x8 (size before relaxing)
 .ARM.exidx.text._ZN20SimpleBinaryTransfer6encodeEPhj
                0x0000000008005718        0x8 CMakeFiles/ReliableBinaryTransferF1Demo.elf.dir/rdk/core/transfer/simple_binary_transfer.cpp.obj
 .ARM.exidx.text._ZN20SimpleBinaryTransfer11send_binaryEPhj
                0x0000000008005720        0x8 CMakeFiles/ReliableBinaryTransferF1Demo.elf.dir/rdk/core/transfer/simple_binary_transfer.cpp.obj
 .ARM.exidx.text._ZN20SimpleBinaryTransfer6decodeEPhjj
                0x0000000008005728        0x8 CMakeFiles/ReliableBinaryTransferF1Demo.elf.dir/rdk/core/transfer/simple_binary_transfer.cpp.obj
 .ARM.exidx.text._ZN20SimpleBinaryTransfer11recv_binaryEPhji
                0x0000000008005730        0x8 CMakeFiles/ReliableBinaryTransferF1Demo.elf.dir/rdk/core/transfer/simple_binary_transfer.cpp.obj
 .ARM.exidx.text.__aeabi_atexit
                0x0000000008005738        0x8 /Applications/ARM/bin/../lib/gcc/arm-none-eabi/10.3.1/../../../../arm-none-eabi/lib/thumb/v7-m/nofp/libstdc++.a(atexit_arm.o)
 .ARM.exidx     0x00000000080055b0       0x80 /Applications/ARM/bin/../lib/gcc/arm-none-eabi/10.3.1/thumb/v7-m/nofp/libgcc.a(unwind-arm.o)
                                         0xd8 (size before relaxing)
 .ARM.exidx     0x0000000008005630       0x38 /Applications/ARM/bin/../lib/gcc/arm-none-eabi/10.3.1/thumb/v7-m/nofp/libgcc.a(pr-support.o)
                0x0000000008005740                __exidx_end = .
                0x0000000008005740                . = ALIGN (0x4)

.rel.dyn        0x0000000008005740        0x0
 .rel.iplt      0x0000000008005740        0x0 /Applications/ARM/bin/../lib/gcc/arm-none-eabi/10.3.1/thumb/v7-m/nofp/crtbegin.o

.preinit_array  0x0000000008005740        0x0
                0x0000000008005740                . = ALIGN (0x4)
                0x0000000008005740                PROVIDE (__preinit_array_start = .)
 *(.preinit_array*)
                0x0000000008005740                PROVIDE (__preinit_array_end = .)
                0x0000000008005740                . = ALIGN (0x4)

.init_array     0x0000000008005740        0xc
                0x0000000008005740                . = ALIGN (0x4)
                0x0000000008005740                PROVIDE (__init_array_start = .)
 *(SORT_BY_NAME(.init_array.*))
 .init_array.00000
                0x0000000008005740        0x4 /Applications/ARM/bin/../lib/gcc/arm-none-eabi/10.3.1/../../../../arm-none-eabi/lib/thumb/v7-m/nofp/libg.a(lib_a-__call_atexit.o)
 *(.init_array*)
 .init_array    0x0000000008005744        0x4 /Applications/ARM/bin/../lib/gcc/arm-none-eabi/10.3.1/thumb/v7-m/nofp/crtbegin.o
 .init_array    0x0000000008005748        0x4 CMakeFiles/ReliableBinaryTransferF1Demo.elf.dir/Core/Src/RobotMain.cpp.obj
                0x000000000800574c                PROVIDE (__init_array_end = .)
                0x000000000800574c                . = ALIGN (0x4)

.fini_array     0x000000000800574c        0x4
                0x000000000800574c                . = ALIGN (0x4)
                0x000000000800574c                PROVIDE (__fini_array_start = .)
 *(SORT_BY_NAME(.fini_array.*))
 *(.fini_array*)
 .fini_array    0x000000000800574c        0x4 /Applications/ARM/bin/../lib/gcc/arm-none-eabi/10.3.1/thumb/v7-m/nofp/crtbegin.o
                0x0000000008005750                PROVIDE (__fini_array_end = .)
                0x0000000008005750                . = ALIGN (0x4)
                0x0000000008005750                _sidata = LOADADDR (.data)

.data           0x0000000020000000      0x444 load address 0x0000000008005750
                0x0000000020000000                . = ALIGN (0x4)
                0x0000000020000000                _sdata = .
 *(.data)
 .data          0x0000000020000000        0x4 /Applications/ARM/bin/../lib/gcc/arm-none-eabi/10.3.1/thumb/v7-m/nofp/crtbegin.o
                0x0000000020000000                __dso_handle
 *(.data*)
 .data.SystemCoreClock
                0x0000000020000004        0x4 CMakeFiles/ReliableBinaryTransferF1Demo.elf.dir/Core/Src/system_stm32f1xx.c.obj
                0x0000000020000004                SystemCoreClock
 .data.uwTickFreq
                0x0000000020000008        0x1 CMakeFiles/ReliableBinaryTransferF1Demo.elf.dir/Drivers/STM32F1xx_HAL_Driver/Src/stm32f1xx_hal.c.obj
                0x0000000020000008                uwTickFreq
 *fill*         0x0000000020000009        0x3 
 .data.uwTickPrio
                0x000000002000000c        0x4 CMakeFiles/ReliableBinaryTransferF1Demo.elf.dir/Drivers/STM32F1xx_HAL_Driver/Src/stm32f1xx_hal.c.obj
                0x000000002000000c                uwTickPrio
 .data.uxCriticalNesting
                0x0000000020000010        0x4 CMakeFiles/ReliableBinaryTransferF1Demo.elf.dir/Middlewares/Third_Party/FreeRTOS/Source/portable/GCC/ARM_CM3/port.c.obj
 .data._impure_ptr
                0x0000000020000014        0x4 /Applications/ARM/bin/../lib/gcc/arm-none-eabi/10.3.1/../../../../arm-none-eabi/lib/thumb/v7-m/nofp/libg.a(lib_a-impure.o)
                0x0000000020000014                _impure_ptr
 .data.impure_data
                0x0000000020000018      0x428 /Applications/ARM/bin/../lib/gcc/arm-none-eabi/10.3.1/../../../../arm-none-eabi/lib/thumb/v7-m/nofp/libg.a(lib_a-impure.o)
 .data.__atexit_recursive_mutex
                0x0000000020000440        0x4 /Applications/ARM/bin/../lib/gcc/arm-none-eabi/10.3.1/../../../../arm-none-eabi/lib/thumb/v7-m/nofp/libg.a(lib_a-__call_atexit.o)
                0x0000000020000440                __atexit_recursive_mutex
 *(.RamFunc)
 *(.RamFunc*)
                0x0000000020000444                . = ALIGN (0x4)
                0x0000000020000444                _edata = .

.igot.plt       0x0000000020000444        0x0 load address 0x0000000008005b94
 .igot.plt      0x0000000020000444        0x0 /Applications/ARM/bin/../lib/gcc/arm-none-eabi/10.3.1/thumb/v7-m/nofp/crtbegin.o
                0x0000000020000444                . = ALIGN (0x4)

.bss            0x0000000020000444     0x3c18 load address 0x0000000008005b94
                0x0000000020000444                _sbss = .
                0x0000000020000444                __bss_start__ = _sbss
 *(.bss)
 .bss           0x0000000020000444       0x1c /Applications/ARM/bin/../lib/gcc/arm-none-eabi/10.3.1/thumb/v7-m/nofp/crtbegin.o
 *(.bss*)
 .bss.circular_buffer
                0x0000000020000460      0x410 CMakeFiles/ReliableBinaryTransferF1Demo.elf.dir/Core/Src/RobotMain.cpp.obj
                0x0000000020000460                circular_buffer
 .bss.crc8_calculator
                0x0000000020000870      0x102 CMakeFiles/ReliableBinaryTransferF1Demo.elf.dir/Core/Src/RobotMain.cpp.obj
                0x0000000020000870                crc8_calculator
 *fill*         0x0000000020000972        0x2 
 .bss.serial_port
                0x0000000020000974      0x414 CMakeFiles/ReliableBinaryTransferF1Demo.elf.dir/Core/Src/RobotMain.cpp.obj
                0x0000000020000974                serial_port
 .bss.transfer  0x0000000020000d88      0x4a8 CMakeFiles/ReliableBinaryTransferF1Demo.elf.dir/Core/Src/RobotMain.cpp.obj
                0x0000000020000d88                transfer
 .bss.recvMasterCmdHandle
                0x0000000020001230        0x4 CMakeFiles/ReliableBinaryTransferF1Demo.elf.dir/Core/Src/freertos.c.obj
                0x0000000020001230                recvMasterCmdHandle
 .bss.htim4     0x0000000020001234       0x48 CMakeFiles/ReliableBinaryTransferF1Demo.elf.dir/Core/Src/stm32f1xx_hal_timebase_tim.c.obj
                0x0000000020001234                htim4
 .bss.hdma_usart1_rx
                0x000000002000127c       0x44 CMakeFiles/ReliableBinaryTransferF1Demo.elf.dir/Core/Src/usart.c.obj
                0x000000002000127c                hdma_usart1_rx
 .bss.huart1    0x00000000200012c0       0x48 CMakeFiles/ReliableBinaryTransferF1Demo.elf.dir/Core/Src/usart.c.obj
                0x00000000200012c0                huart1
 .bss.uwTick    0x0000000020001308        0x4 CMakeFiles/ReliableBinaryTransferF1Demo.elf.dir/Drivers/STM32F1xx_HAL_Driver/Src/stm32f1xx_hal.c.obj
                0x0000000020001308                uwTick
 .bss.Idle_Stack
                0x000000002000130c      0x200 CMakeFiles/ReliableBinaryTransferF1Demo.elf.dir/Middlewares/Third_Party/FreeRTOS/Source/CMSIS_RTOS_V2/cmsis_os2.c.obj
 .bss.Idle_TCB  0x000000002000150c       0x5c CMakeFiles/ReliableBinaryTransferF1Demo.elf.dir/Middlewares/Third_Party/FreeRTOS/Source/CMSIS_RTOS_V2/cmsis_os2.c.obj
 .bss.KernelState
                0x0000000020001568        0x4 CMakeFiles/ReliableBinaryTransferF1Demo.elf.dir/Middlewares/Third_Party/FreeRTOS/Source/CMSIS_RTOS_V2/cmsis_os2.c.obj
 .bss.Timer_Stack
                0x000000002000156c      0x400 CMakeFiles/ReliableBinaryTransferF1Demo.elf.dir/Middlewares/Third_Party/FreeRTOS/Source/CMSIS_RTOS_V2/cmsis_os2.c.obj
 .bss.Timer_TCB
                0x000000002000196c       0x5c CMakeFiles/ReliableBinaryTransferF1Demo.elf.dir/Middlewares/Third_Party/FreeRTOS/Source/CMSIS_RTOS_V2/cmsis_os2.c.obj
 .bss.ucMaxSysCallPriority
                0x00000000200019c8        0x1 CMakeFiles/ReliableBinaryTransferF1Demo.elf.dir/Middlewares/Third_Party/FreeRTOS/Source/portable/GCC/ARM_CM3/port.c.obj
 *fill*         0x00000000200019c9        0x3 
 .bss.ulMaxPRIGROUPValue
                0x00000000200019cc        0x4 CMakeFiles/ReliableBinaryTransferF1Demo.elf.dir/Middlewares/Third_Party/FreeRTOS/Source/portable/GCC/ARM_CM3/port.c.obj
 .bss.pxEnd     0x00000000200019d0        0x4 CMakeFiles/ReliableBinaryTransferF1Demo.elf.dir/Middlewares/Third_Party/FreeRTOS/Source/portable/MemMang/heap_4.c.obj
 .bss.ucHeap    0x00000000200019d4     0x2000 CMakeFiles/ReliableBinaryTransferF1Demo.elf.dir/Middlewares/Third_Party/FreeRTOS/Source/portable/MemMang/heap_4.c.obj
 .bss.xBlockAllocatedBit
                0x00000000200039d4        0x4 CMakeFiles/ReliableBinaryTransferF1Demo.elf.dir/Middlewares/Third_Party/FreeRTOS/Source/portable/MemMang/heap_4.c.obj
 .bss.xFreeBytesRemaining
                0x00000000200039d8        0x4 CMakeFiles/ReliableBinaryTransferF1Demo.elf.dir/Middlewares/Third_Party/FreeRTOS/Source/portable/MemMang/heap_4.c.obj
 .bss.xMinimumEverFreeBytesRemaining
                0x00000000200039dc        0x4 CMakeFiles/ReliableBinaryTransferF1Demo.elf.dir/Middlewares/Third_Party/FreeRTOS/Source/portable/MemMang/heap_4.c.obj
 .bss.xStart    0x00000000200039e0        0x8 CMakeFiles/ReliableBinaryTransferF1Demo.elf.dir/Middlewares/Third_Party/FreeRTOS/Source/portable/MemMang/heap_4.c.obj
 .bss.xQueueRegistry
                0x00000000200039e8       0x40 CMakeFiles/ReliableBinaryTransferF1Demo.elf.dir/Middlewares/Third_Party/FreeRTOS/Source/queue.c.obj
                0x00000000200039e8                xQueueRegistry
 .bss.pxCurrentTCB
                0x0000000020003a28        0x4 CMakeFiles/ReliableBinaryTransferF1Demo.elf.dir/Middlewares/Third_Party/FreeRTOS/Source/tasks.c.obj
                0x0000000020003a28                pxCurrentTCB
 .bss.pxDelayedTaskList
                0x0000000020003a2c        0x4 CMakeFiles/ReliableBinaryTransferF1Demo.elf.dir/Middlewares/Third_Party/FreeRTOS/Source/tasks.c.obj
 .bss.pxOverflowDelayedTaskList
                0x0000000020003a30        0x4 CMakeFiles/ReliableBinaryTransferF1Demo.elf.dir/Middlewares/Third_Party/FreeRTOS/Source/tasks.c.obj
 .bss.pxReadyTasksLists
                0x0000000020003a34      0x460 CMakeFiles/ReliableBinaryTransferF1Demo.elf.dir/Middlewares/Third_Party/FreeRTOS/Source/tasks.c.obj
 .bss.uxCurrentNumberOfTasks
                0x0000000020003e94        0x4 CMakeFiles/ReliableBinaryTransferF1Demo.elf.dir/Middlewares/Third_Party/FreeRTOS/Source/tasks.c.obj
 .bss.uxDeletedTasksWaitingCleanUp
                0x0000000020003e98        0x4 CMakeFiles/ReliableBinaryTransferF1Demo.elf.dir/Middlewares/Third_Party/FreeRTOS/Source/tasks.c.obj
 .bss.uxPendedTicks
                0x0000000020003e9c        0x4 CMakeFiles/ReliableBinaryTransferF1Demo.elf.dir/Middlewares/Third_Party/FreeRTOS/Source/tasks.c.obj
 .bss.uxSchedulerSuspended
                0x0000000020003ea0        0x4 CMakeFiles/ReliableBinaryTransferF1Demo.elf.dir/Middlewares/Third_Party/FreeRTOS/Source/tasks.c.obj
 .bss.uxTaskNumber
                0x0000000020003ea4        0x4 CMakeFiles/ReliableBinaryTransferF1Demo.elf.dir/Middlewares/Third_Party/FreeRTOS/Source/tasks.c.obj
 .bss.uxTopReadyPriority
                0x0000000020003ea8        0x4 CMakeFiles/ReliableBinaryTransferF1Demo.elf.dir/Middlewares/Third_Party/FreeRTOS/Source/tasks.c.obj
 .bss.xDelayedTaskList1
                0x0000000020003eac       0x14 CMakeFiles/ReliableBinaryTransferF1Demo.elf.dir/Middlewares/Third_Party/FreeRTOS/Source/tasks.c.obj
 .bss.xDelayedTaskList2
                0x0000000020003ec0       0x14 CMakeFiles/ReliableBinaryTransferF1Demo.elf.dir/Middlewares/Third_Party/FreeRTOS/Source/tasks.c.obj
 .bss.xIdleTaskHandle
                0x0000000020003ed4        0x4 CMakeFiles/ReliableBinaryTransferF1Demo.elf.dir/Middlewares/Third_Party/FreeRTOS/Source/tasks.c.obj
 .bss.xNextTaskUnblockTime
                0x0000000020003ed8        0x4 CMakeFiles/ReliableBinaryTransferF1Demo.elf.dir/Middlewares/Third_Party/FreeRTOS/Source/tasks.c.obj
 .bss.xNumOfOverflows
                0x0000000020003edc        0x4 CMakeFiles/ReliableBinaryTransferF1Demo.elf.dir/Middlewares/Third_Party/FreeRTOS/Source/tasks.c.obj
 .bss.xPendingReadyList
                0x0000000020003ee0       0x14 CMakeFiles/ReliableBinaryTransferF1Demo.elf.dir/Middlewares/Third_Party/FreeRTOS/Source/tasks.c.obj
 .bss.xSchedulerRunning
                0x0000000020003ef4        0x4 CMakeFiles/ReliableBinaryTransferF1Demo.elf.dir/Middlewares/Third_Party/FreeRTOS/Source/tasks.c.obj
 .bss.xSuspendedTaskList
                0x0000000020003ef8       0x14 CMakeFiles/ReliableBinaryTransferF1Demo.elf.dir/Middlewares/Third_Party/FreeRTOS/Source/tasks.c.obj
 .bss.xTasksWaitingTermination
                0x0000000020003f0c       0x14 CMakeFiles/ReliableBinaryTransferF1Demo.elf.dir/Middlewares/Third_Party/FreeRTOS/Source/tasks.c.obj
 .bss.xTickCount
                0x0000000020003f20        0x4 CMakeFiles/ReliableBinaryTransferF1Demo.elf.dir/Middlewares/Third_Party/FreeRTOS/Source/tasks.c.obj
 .bss.xYieldPending
                0x0000000020003f24        0x4 CMakeFiles/ReliableBinaryTransferF1Demo.elf.dir/Middlewares/Third_Party/FreeRTOS/Source/tasks.c.obj
 .bss.pxCurrentTimerList
                0x0000000020003f28        0x4 CMakeFiles/ReliableBinaryTransferF1Demo.elf.dir/Middlewares/Third_Party/FreeRTOS/Source/timers.c.obj
 .bss.pxOverflowTimerList
                0x0000000020003f2c        0x4 CMakeFiles/ReliableBinaryTransferF1Demo.elf.dir/Middlewares/Third_Party/FreeRTOS/Source/timers.c.obj
 .bss.ucStaticTimerQueueStorage.1
                0x0000000020003f30       0xa0 CMakeFiles/ReliableBinaryTransferF1Demo.elf.dir/Middlewares/Third_Party/FreeRTOS/Source/timers.c.obj
 .bss.xActiveTimerList1
                0x0000000020003fd0       0x14 CMakeFiles/ReliableBinaryTransferF1Demo.elf.dir/Middlewares/Third_Party/FreeRTOS/Source/timers.c.obj
 .bss.xActiveTimerList2
                0x0000000020003fe4       0x14 CMakeFiles/ReliableBinaryTransferF1Demo.elf.dir/Middlewares/Third_Party/FreeRTOS/Source/timers.c.obj
 .bss.xLastTime.2
                0x0000000020003ff8        0x4 CMakeFiles/ReliableBinaryTransferF1Demo.elf.dir/Middlewares/Third_Party/FreeRTOS/Source/timers.c.obj
 .bss.xStaticTimerQueue.0
                0x0000000020003ffc       0x50 CMakeFiles/ReliableBinaryTransferF1Demo.elf.dir/Middlewares/Third_Party/FreeRTOS/Source/timers.c.obj
 .bss.xTimerQueue
                0x000000002000404c        0x4 CMakeFiles/ReliableBinaryTransferF1Demo.elf.dir/Middlewares/Third_Party/FreeRTOS/Source/timers.c.obj
 .bss.xTimerTaskHandle
                0x0000000020004050        0x4 CMakeFiles/ReliableBinaryTransferF1Demo.elf.dir/Middlewares/Third_Party/FreeRTOS/Source/timers.c.obj
 .bss.__lock___atexit_recursive_mutex
                0x0000000020004054        0x1 /Applications/ARM/bin/../lib/gcc/arm-none-eabi/10.3.1/../../../../arm-none-eabi/lib/thumb/v7-m/nofp/libg.a(lib_a-lock.o)
                0x0000000020004054                __lock___atexit_recursive_mutex
 *fill*         0x0000000020004055        0x3 
 .bss.errno     0x0000000020004058        0x4 /Applications/ARM/bin/../lib/gcc/arm-none-eabi/10.3.1/../../../../arm-none-eabi/lib/thumb/v7-m/nofp/libg.a(lib_a-reent.o)
                0x0000000020004058                errno
 *(COMMON)
                0x000000002000405c                . = ALIGN (0x4)
                0x000000002000405c                _ebss = .