Archive member included to satisfy reference by file (symbol)

/Applications/ARM/bin/../lib/gcc/arm-none-eabi/10.3.1/../../../../arm-none-eabi/lib/thumb/v7-m/nofp/libstdc++.a(atexit_arm.o)
                              CMakeFiles/ReliableBinaryTransferF1Demo.elf.dir/Core/Src/RobotMain.cpp.obj (__aeabi_atexit)
/Applications/ARM/bin/../lib/gcc/arm-none-eabi/10.3.1/thumb/v7-m/nofp/libgcc.a(unwind-arm.o)
                              CMakeFiles/ReliableBinaryTransferF1Demo.elf.dir/Core/Src/RobotMain.cpp.obj (__aeabi_unwind_cpp_pr0)
/Applications/ARM/bin/../lib/gcc/arm-none-eabi/10.3.1/thumb/v7-m/nofp/libgcc.a(libunwind.o)
                              /Applications/ARM/bin/../lib/gcc/arm-none-eabi/10.3.1/thumb/v7-m/nofp/libgcc.a(unwind-arm.o) (restore_core_regs)
/Applications/ARM/bin/../lib/gcc/arm-none-eabi/10.3.1/thumb/v7-m/nofp/libgcc.a(pr-support.o)
                              /Applications/ARM/bin/../lib/gcc/arm-none-eabi/10.3.1/thumb/v7-m/nofp/libgcc.a(unwind-arm.o) (__gnu_unwind_execute)
/Applications/ARM/bin/../lib/gcc/arm-none-eabi/10.3.1/../../../../arm-none-eabi/lib/thumb/v7-m/nofp/libc.a(lib_a-abort.o)
                              /Applications/ARM/bin/../lib/gcc/arm-none-eabi/10.3.1/thumb/v7-m/nofp/libgcc.a(unwind-arm.o) (abort)
/Applications/ARM/bin/../lib/gcc/arm-none-eabi/10.3.1/../../../../arm-none-eabi/lib/thumb/v7-m/nofp/libc.a(lib_a-cxa_atexit.o)
                              /Applications/ARM/bin/../lib/gcc/arm-none-eabi/10.3.1/../../../../arm-none-eabi/lib/thumb/v7-m/nofp/libstdc++.a(atexit_arm.o) (__cxa_atexit)
/Applications/ARM/bin/../lib/gcc/arm-none-eabi/10.3.1/../../../../arm-none-eabi/lib/thumb/v7-m/nofp/libc.a(lib_a-errno.o)
                              CMakeFiles/ReliableBinaryTransferF1Demo.elf.dir/Core/Src/syscalls.c.obj (__errno)
/Applications/ARM/bin/../lib/gcc/arm-none-eabi/10.3.1/../../../../arm-none-eabi/lib/thumb/v7-m/nofp/libc.a(lib_a-exit.o)
                              /Applications/ARM/bin/../lib/gcc/arm-none-eabi/10.3.1/../../../../arm-none-eabi/lib/thumb/v7-m/nofp/crt0.o (exit)
/Applications/ARM/bin/../lib/gcc/arm-none-eabi/10.3.1/../../../../arm-none-eabi/lib/thumb/v7-m/nofp/libc.a(lib_a-impure.o)
                              /Applications/ARM/bin/../lib/gcc/arm-none-eabi/10.3.1/../../../../arm-none-eabi/lib/thumb/v7-m/nofp/libc.a(lib_a-exit.o) (_global_impure_ptr)
/Applications/ARM/bin/../lib/gcc/arm-none-eabi/10.3.1/../../../../arm-none-eabi/lib/thumb/v7-m/nofp/libc.a(lib_a-init.o)
                              /Applications/ARM/bin/../lib/gcc/arm-none-eabi/10.3.1/../../../../arm-none-eabi/lib/thumb/v7-m/nofp/crt0.o (__libc_init_array)
/Applications/ARM/bin/../lib/gcc/arm-none-eabi/10.3.1/../../../../arm-none-eabi/lib/thumb/v7-m/nofp/libc.a(lib_a-memcpy.o)
                              CMakeFiles/ReliableBinaryTransferF1Demo.elf.dir/Middlewares/Third_Party/FreeRTOS/Source/CMSIS_RTOS_V2/cmsis_os2.c.obj (memcpy)
/Applications/ARM/bin/../lib/gcc/arm-none-eabi/10.3.1/../../../../arm-none-eabi/lib/thumb/v7-m/nofp/libc.a(lib_a-memset.o)
                              /Applications/ARM/bin/../lib/gcc/arm-none-eabi/10.3.1/../../../../arm-none-eabi/lib/thumb/v7-m/nofp/crt0.o (memset)
/Applications/ARM/bin/../lib/gcc/arm-none-eabi/10.3.1/../../../../arm-none-eabi/lib/thumb/v7-m/nofp/libc.a(lib_a-signal.o)
                              /Applications/ARM/bin/../lib/gcc/arm-none-eabi/10.3.1/../../../../arm-none-eabi/lib/thumb/v7-m/nofp/libc.a(lib_a-abort.o) (raise)
/Applications/ARM/bin/../lib/gcc/arm-none-eabi/10.3.1/../../../../arm-none-eabi/lib/thumb/v7-m/nofp/libc.a(lib_a-signalr.o)
                              /Applications/ARM/bin/../lib/gcc/arm-none-eabi/10.3.1/../../../../arm-none-eabi/lib/thumb/v7-m/nofp/libc.a(lib_a-signal.o) (_kill_r)
/Applications/ARM/bin/../lib/gcc/arm-none-eabi/10.3.1/../../../../arm-none-eabi/lib/thumb/v7-m/nofp/libc.a(lib_a-__atexit.o)
                              /Applications/ARM/bin/../lib/gcc/arm-none-eabi/10.3.1/../../../../arm-none-eabi/lib/thumb/v7-m/nofp/libc.a(lib_a-cxa_atexit.o) (__register_exitproc)
/Applications/ARM/bin/../lib/gcc/arm-none-eabi/10.3.1/../../../../arm-none-eabi/lib/thumb/v7-m/nofp/libc.a(lib_a-__call_atexit.o)
                              /Applications/ARM/bin/../lib/gcc/arm-none-eabi/10.3.1/../../../../arm-none-eabi/lib/thumb/v7-m/nofp/libc.a(lib_a-exit.o) (__call_exitprocs)
/Applications/ARM/bin/../lib/gcc/arm-none-eabi/10.3.1/../../../../arm-none-eabi/lib/thumb/v7-m/nofp/libc.a(lib_a-atexit.o)
                              /Applications/ARM/bin/../lib/gcc/arm-none-eabi/10.3.1/../../../../arm-none-eabi/lib/thumb/v7-m/nofp/libc.a(lib_a-__call_atexit.o) (atexit)
/Applications/ARM/bin/../lib/gcc/arm-none-eabi/10.3.1/../../../../arm-none-eabi/lib/thumb/v7-m/nofp/libc.a(lib_a-fini.o)
                              /Applications/ARM/bin/../lib/gcc/arm-none-eabi/10.3.1/../../../../arm-none-eabi/lib/thumb/v7-m/nofp/libc.a(lib_a-__call_atexit.o) (__libc_fini_array)
[...]
Memory Configuration

Name             Origin             Length             Attributes
RAM              0x0000000020000000 0x0000000000005000 xrw
FLASH            0x0000000008000000 0x0000000000010000 xr
*default*        0x0000000000000000 0xffffffffffffffff

Linker script and memory map

LOAD /Applications/ARM/bin/../lib/gcc/arm-none-eabi/10.3.1/thumb/v7-m/nofp/crti.o
LOAD /Applications/ARM/bin/../lib/gcc/arm-none-eabi/10.3.1/thumb/v7-m/nofp/crtbegin.o
LOAD /Applications/ARM/bin/../lib/gcc/arm-none-eabi/10.3.1/../../../../arm-none-eabi/lib/thumb/v7-m/nofp/crt0.o
LOAD CMakeFiles/ReliableBinaryTransferF1Demo.elf.dir/Core/Src/RobotMain.cpp.obj
LOAD CMakeFiles/ReliableBinaryTransferF1Demo.elf.dir/Core/Src/dma.c.obj
LOAD CMakeFiles/ReliableBinaryTransferF1Demo.elf.dir/Core/Src/freertos.c.obj
LOAD CMakeFiles/ReliableBinaryTransferF1Demo.elf.dir/Core/Src/gpio.c.obj
LOAD CMakeFiles/ReliableBinaryTransferF1Demo.elf.dir/Core/Src/main.c.obj
LOAD CMakeFiles/ReliableBinaryTransferF1Demo.elf.dir/Core/Src/stm32f1xx_hal_msp.c.obj
LOAD CMakeFiles/ReliableBinaryTransferF1Demo.elf.dir/Core/Src/stm32f1xx_hal_timebase_tim.c.obj
LOAD CMakeFiles/ReliableBinaryTransferF1Demo.elf.dir/Core/Src/stm32f1xx_it.c.obj
LOAD CMakeFiles/ReliableBinaryTransferF1Demo.elf.dir/Core/Src/syscalls.c.obj
LOAD CMakeFiles/ReliableBinaryTransferF1Demo.elf.dir/Core/Src/sysmem.c.obj
LOAD CMakeFiles/ReliableBinaryTransferF1Demo.elf.dir/Core/Src/system_stm32f1xx.c.obj
LOAD CMakeFiles/ReliableBinaryTransferF1Demo.elf.dir/Core/Src/usart.c.obj
LOAD CMakeFiles/ReliableBinaryTransferF1Demo.elf.dir/Core/Startup/startup_stm32f103c8tx.s.obj
LOAD CMakeFiles/ReliableBinaryTransferF1Demo.elf.dir/Drivers/STM32F1xx_HAL_Driver/Src/stm32f1xx_hal.c.obj
LOAD CMakeFiles/ReliableBinaryTransferF1Demo.elf.dir/Drivers/STM32F1xx_HAL_Driver/Src/stm32f1xx_hal_cortex.c.obj
LOAD CMakeFiles/ReliableBinaryTransferF1Demo.elf.dir/Drivers/STM32F1xx_HAL_Driver/Src/stm32f1xx_hal_dma.c.obj
LOAD CMakeFiles/ReliableBinaryTransferF1Demo.elf.dir/Drivers/STM32F1xx_HAL_Driver/Src/stm32f1xx_hal_exti.c.obj
LOAD CMakeFiles/ReliableBinaryTransferF1Demo.elf.dir/Drivers/STM32F1xx_HAL_Driver/Src/stm32f1xx_hal_flash.c.obj
LOAD CMakeFiles/ReliableBinaryTransferF1Demo.elf.dir/Drivers/STM32F1xx_HAL_Driver/Src/stm32f1xx_hal_flash_ex.c.obj
LOAD CMakeFiles/ReliableBinaryTransferF1Demo.elf.dir/Drivers/STM32F1xx_HAL_Driver/Src/stm32f1xx_hal_gpio.c.obj
LOAD CMakeFiles/ReliableBinaryTransferF1Demo.elf.dir/Drivers/STM32F1xx_HAL_Driver/Src/stm32f1xx_hal_gpio_ex.c.obj
LOAD CMakeFiles/ReliableBinaryTransferF1Demo.elf.dir/Drivers/STM32F1xx_HAL_Driver/Src/stm32f1xx_hal_pwr.c.obj
LOAD CMakeFiles/ReliableBinaryTransferF1Demo.elf.dir/Drivers/STM32F1xx_HAL_Driver/Src/stm32f1xx_hal_rcc.c.obj
LOAD CMakeFiles/ReliableBinaryTransferF1Demo.elf.dir/Drivers/STM32F1xx_HAL_Driver/Src/stm32f1xx_hal_rcc_ex.c.obj
LOAD CMakeFiles/ReliableBinaryTransferF1Demo.elf.dir/Drivers/STM32F1xx_HAL_Driver/Src/stm32f1xx_hal_tim.c.obj
LOAD CMakeFiles/ReliableBinaryTransferF1Demo.elf.dir/Drivers/STM32F1xx_HAL_Driver/Src/stm32f1xx_hal_tim_ex.c.obj
LOAD CMakeFiles/ReliableBinaryTransferF1Demo.elf.dir/Drivers/STM32F1xx_HAL_Driver/Src/stm32f1xx_hal_uart.c.obj
LOAD CMakeFiles/ReliableBinaryTransferF1Demo.elf.dir/Middlewares/Third_Party/FreeRTOS/Source/CMSIS_RTOS_V2/cmsis_os2.c.obj
LOAD CMakeFiles/ReliableBinaryTransferF1Demo.elf.dir/Middlewares/Third_Party/FreeRTOS/Source/croutine.c.obj
LOAD CMakeFiles/ReliableBinaryTransferF1Demo.elf.dir/Middlewares/Third_Party/FreeRTOS/Source/event_groups.c.obj
LOAD CMakeFiles/ReliableBinaryTransferF1Demo.elf.dir/Middlewares/Third_Party/FreeRTOS/Source/list.c.obj
LOAD CMakeFiles/ReliableBinaryTransferF1Demo.elf.dir/Middlewares/Third_Party/FreeRTOS/Source/portable/GCC/ARM_CM3/port.c.obj
LOAD CMakeFiles/ReliableBinaryTransferF1Demo.elf.dir/Middlewares/Third_Party/FreeRTOS/Source/portable/MemMang/heap_4.c.obj
LOAD CMakeFiles/ReliableBinaryTransferF1Demo.elf.dir/Middlewares/Third_Party/FreeRTOS/Source/queue.c.obj
LOAD CMakeFiles/ReliableBinaryTransferF1Demo.elf.dir/Middlewares/Third_Party/FreeRTOS/Source/stream_buffer.c.obj
LOAD CMakeFiles/ReliableBinaryTransferF1Demo.elf.dir/Middlewares/Third_Party/FreeRTOS/Source/tasks.c.obj
LOAD CMakeFiles/ReliableBinaryTransferF1Demo.elf.dir/Middlewares/Third_Party/FreeRTOS/Source/timers.c.obj
LOAD CMakeFiles/ReliableBinaryTransferF1Demo.elf.dir/rdk/core/transfer/circular_buffer.cpp.obj
LOAD CMakeFiles/ReliableBinaryTransferF1Demo.elf.dir/rdk/core/transfer/crc.cpp.obj
LOAD CMakeFiles/ReliableBinaryTransferF1Demo.elf.dir/rdk/core/transfer/reliable_binary_transfer.cpp.obj
LOAD CMakeFiles/ReliableBinaryTransferF1Demo.elf.dir/rdk/core/transfer/serial_port.cpp.obj
LOAD CMakeFiles/ReliableBinaryTransferF1Demo.elf.dir/rdk/core/transfer/simple_binary_transfer.cpp.obj
LOAD /Applications/ARM/bin/../lib/gcc/arm-none-eabi/10.3.1/../../../../arm-none-eabi/lib/thumb/v7-m/nofp/libstdc++.a
LOAD /Applications/ARM/bin/../lib/gcc/arm-none-eabi/10.3.1/../../../../arm-none-eabi/lib/thumb/v7-m/nofp/libm.a
START GROUP
LOAD /Applications/ARM/bin/../lib/gcc/arm-none-eabi/10.3.1/thumb/v7-m/nofp/libgcc.a
LOAD /Applications/ARM/bin/../lib/gcc/arm-none-eabi/10.3.1/../../../../arm-none-eabi/lib/thumb/v7-m/nofp/libc.a
END GROUP
LOAD /Applications/ARM/bin/../lib/gcc/arm-none-eabi/10.3.1/thumb/v7-m/nofp/crtend.o
LOAD /Applications/ARM/bin/../lib/gcc/arm-none-eabi/10.3.1/thumb/v7-m/nofp/crtn.o
                0x0000000020005000                _estack = (ORIGIN (RAM) + LENGTH (RAM))
                0x0000000000000200                _Min_Heap_Size = 0x200
                0x0000000000000400                _Min_Stack_Size = 0x400

.isr_vector     0x0000000008000000      0x10c
                0x0000000008000000                . = ALIGN (0x4)
 *(.isr_vector)
 .isr_vector    0x0000000008000000      0x10c CMakeFiles/ReliableBinaryTransferF1Demo.elf.dir/Core/Startup/startup_stm32f103c8tx.s.obj
                0x0000000008000000                g_pfnVectors
                0x000000000800010c                . = ALIGN (0x4)

.text           0x0000000008000110     0x55f0
                0x0000000008000110                . = ALIGN (0x4)
 *(.text)
 .text          0x0000000008000110       0x40 /Applications/ARM/bin/../lib/gcc/arm-none-eabi/10.3.1/thumb/v7-m/nofp/crtbegin.o
 .text          0x0000000008000150      0x9e4 /Applications/ARM/bin/../lib/gcc/arm-none-eabi/10.3.1/thumb/v7-m/nofp/libgcc.a(unwind-arm.o)
                0x0000000008000410                _Unwind_GetCFA
                0x0000000008000414                __gnu_Unwind_RaiseException
                0x000000000800047c                __gnu_Unwind_ForcedUnwind
                0x0000000008000490                __gnu_Unwind_Resume
                0x00000000080004d4                __gnu_Unwind_Resume_or_Rethrow
                0x00000000080004e8                _Unwind_Complete
                0x00000000080004ec                _Unwind_DeleteException
                0x00000000080004f8                _Unwind_VRS_Get
                0x0000000008000544                _Unwind_VRS_Set
                0x000000000800058c                __gnu_Unwind_Backtrace
                0x00000000080008b4                __aeabi_unwind_cpp_pr0
                0x00000000080008b8                __aeabi_unwind_cpp_pr1
                0x00000000080008bc                __aeabi_unwind_cpp_pr2
                0x00000000080008c0                _Unwind_VRS_Pop
 .text          0x0000000008000b34      0x1ac /Applications/ARM/bin/../lib/gcc/arm-none-eabi/10.3.1/thumb/v7-m/nofp/libgcc.a(libunwind.o)
                0x0000000008000b34                __restore_core_regs
                0x0000000008000b34                restore_core_regs
                0x0000000008000b4c                __gnu_Unwind_Restore_VFP
                0x0000000008000b54                __gnu_Unwind_Save_VFP
                0x0000000008000b5c                __gnu_Unwind_Restore_VFP_D
                0x0000000008000b64                __gnu_Unwind_Save_VFP_D
                0x0000000008000b6c                __gnu_Unwind_Restore_VFP_D_16_to_31
                0x0000000008000b74                __gnu_Unwind_Save_VFP_D_16_to_31
                0x0000000008000b7c                __gnu_Unwind_Restore_WMMXD
                0x0000000008000bc0                __gnu_Unwind_Save_WMMXD
                0x0000000008000c04                __gnu_Unwind_Restore_WMMXC
                0x0000000008000c18                __gnu_Unwind_Save_WMMXC
                0x0000000008000c2c                _Unwind_RaiseException
                0x0000000008000c2c                ___Unwind_RaiseException
                0x0000000008000c50                ___Unwind_Resume
                0x0000000008000c50                _Unwind_Resume
                0x0000000008000c74                ___Unwind_Resume_or_Rethrow
                0x0000000008000c74                _Unwind_Resume_or_Rethrow
                0x0000000008000c98                _Unwind_ForcedUnwind
                0x0000000008000c98                ___Unwind_ForcedUnwind
                0x0000000008000cbc                _Unwind_Backtrace
                0x0000000008000cbc                ___Unwind_Backtrace
 .text          0x0000000008000ce0      0x38c /Applications/ARM/bin/../lib/gcc/arm-none-eabi/10.3.1/thumb/v7-m/nofp/libgcc.a(pr-support.o)
                0x0000000008000d38                __gnu_unwind_execute
                0x000000000800101c                __gnu_unwind_frame
                0x000000000800104c                _Unwind_GetRegionStart
                0x0000000008001058                _Unwind_GetLanguageSpecificData
 .text          0x000000000800106c       0xec /Applications/ARM/bin/../lib/gcc/arm-none-eabi/10.3.1/../../../../arm-none-eabi/lib/thumb/v7-m/nofp/libc.a(lib_a-memcpy.o)
                0x000000000800106c                memcpy
 *(.text*)
 .text.RobotInit
                0x0000000008001158        0xc CMakeFiles/ReliableBinaryTransferF1Demo.elf.dir/Core/Src/RobotMain.cpp.obj
                0x0000000008001158                RobotInit
 .text.RobotTest
                0x0000000008001164       0x38 CMakeFiles/ReliableBinaryTransferF1Demo.elf.dir/Core/Src/RobotMain.cpp.obj
                0x0000000008001164                RobotTest
 .text.OnHAL_UARTEx_RxEventCallback
                0x000000000800119c       0x10 CMakeFiles/ReliableBinaryTransferF1Demo.elf.dir/Core/Src/RobotMain.cpp.obj
                0x000000000800119c                OnHAL_UARTEx_RxEventCallback
 .text.OnHAL_UART_TxCpltCallback
                0x00000000080011ac        0xc CMakeFiles/ReliableBinaryTransferF1Demo.elf.dir/Core/Src/RobotMain.cpp.obj
                0x00000000080011ac                OnHAL_UART_TxCpltCallback
 .text.OnHAL_UART_RxCpltCallback
                0x00000000080011b8        0xc CMakeFiles/ReliableBinaryTransferF1Demo.elf.dir/Core/Src/RobotMain.cpp.obj
                0x00000000080011b8                OnHAL_UART_RxCpltCallback
 .text.OnHAL_UART_ErrorCallback
                0x00000000080011c4        0xc CMakeFiles/ReliableBinaryTransferF1Demo.elf.dir/Core/Src/RobotMain.cpp.obj
                0x00000000080011c4                OnHAL_UART_ErrorCallback
 .text.startup._GLOBAL__sub_I_circular_buffer
                0x00000000080011d0       0x84 CMakeFiles/ReliableBinaryTransferF1Demo.elf.dir/Core/Src/RobotMain.cpp.obj
 .text.MX_DMA_Init
                0x0000000008001254       0x34 CMakeFiles/ReliableBinaryTransferF1Demo.elf.dir/Core/Src/dma.c.obj
                0x0000000008001254                MX_DMA_Init
 .text.RecvMasterCmd
                0x0000000008001288       0x14 CMakeFiles/ReliableBinaryTransferF1Demo.elf.dir/Core/Src/freertos.c.obj
                0x0000000008001288                RecvMasterCmd
 .text.MX_FREERTOS_Init
                0x000000000800129c       0x20 CMakeFiles/ReliableBinaryTransferF1Demo.elf.dir/Core/Src/freertos.c.obj
                0x000000000800129c                MX_FREERTOS_Init
 .text.MX_GPIO_Init
                0x00000000080012bc       0x78 CMakeFiles/ReliableBinaryTransferF1Demo.elf.dir/Core/Src/gpio.c.obj
                0x00000000080012bc                MX_GPIO_Init
 .text.SystemClock_Config
                0x0000000008001334       0x6c CMakeFiles/ReliableBinaryTransferF1Demo.elf.dir/Core/Src/main.c.obj
                0x0000000008001334                SystemClock_Config
 .text.startup.main
                0x00000000080013a0       0x24 CMakeFiles/ReliableBinaryTransferF1Demo.elf.dir/Core/Src/main.c.obj
                0x00000000080013a0                main
 .text.HAL_TIM_PeriodElapsedCallback
                0x00000000080013c4       0x14 CMakeFiles/ReliableBinaryTransferF1Demo.elf.dir/Core/Src/main.c.obj
                0x00000000080013c4                HAL_TIM_PeriodElapsedCallback
 .text.Error_Handler
                0x00000000080013d8        0x4 CMakeFiles/ReliableBinaryTransferF1Demo.elf.dir/Core/Src/main.c.obj
                0x00000000080013d8                Error_Handler
 .text.HAL_MspInit
                0x00000000080013dc       0x50 CMakeFiles/ReliableBinaryTransferF1Demo.elf.dir/Core/Src/stm32f1xx_hal_msp.c.obj
                0x00000000080013dc                HAL_MspInit
 .text.HAL_InitTick
                0x000000000800142c       0xa4 CMakeFiles/ReliableBinaryTransferF1Demo.elf.dir/Core/Src/stm32f1xx_hal_timebase_tim.c.obj
                0x000000000800142c                HAL_InitTick
 .text.NMI_Handler
                0x00000000080014d0        0x4 CMakeFiles/ReliableBinaryTransferF1Demo.elf.dir/Core/Src/stm32f1xx_it.c.obj
                0x00000000080014d0                NMI_Handler
 .text.HardFault_Handler
                0x00000000080014d4        0x4 CMakeFiles/ReliableBinaryTransferF1Demo.elf.dir/Core/Src/stm32f1xx_it.c.obj
                0x00000000080014d4                HardFault_Handler
 .text.MemManage_Handler
                0x00000000080014d8        0x4 CMakeFiles/ReliableBinaryTransferF1Demo.elf.dir/Core/Src/stm32f1xx_it.c.obj
                0x00000000080014d8                MemManage_Handler
 .text.BusFault_Handler
                0x00000000080014dc        0x4 CMakeFiles/ReliableBinaryTransferF1Demo.elf.dir/Core/Src/stm32f1xx_it.c.obj
                0x00000000080014dc                BusFault_Handler
 .text.UsageFault_Handler
                0x00000000080014e0        0x4 CMakeFiles/ReliableBinaryTransferF1Demo.elf.dir/Core/Src/stm32f1xx_it.c.obj
                0x00000000080014e0                UsageFault_Handler
 .text.DebugMon_Handler
                0x00000000080014e4        0x4 CMakeFiles/ReliableBinaryTransferF1Demo.elf.dir/Core/Src/stm32f1xx_it.c.obj
                0x00000000080014e4                DebugMon_Handler
 .text.DMA1_Channel5_IRQHandler
                0x00000000080014e8        0xc CMakeFiles/ReliableBinaryTransferF1Demo.elf.dir/Core/Src/stm32f1xx_it.c.obj
                0x00000000080014e8                DMA1_Channel5_IRQHandler
 .text.TIM4_IRQHandler
                0x00000000080014f4        0xc CMakeFiles/ReliableBinaryTransferF1Demo.elf.dir/Core/Src/stm32f1xx_it.c.obj
                0x00000000080014f4                TIM4_IRQHandler
 .text.USART1_IRQHandler
                0x0000000008001500        0xc CMakeFiles/ReliableBinaryTransferF1Demo.elf.dir/Core/Src/stm32f1xx_it.c.obj
                0x0000000008001500                USART1_IRQHandler
 .text._getpid  0x000000000800150c        0x4 CMakeFiles/ReliableBinaryTransferF1Demo.elf.dir/Core/Src/syscalls.c.obj
                0x000000000800150c                _getpid
 .text._kill    0x0000000008001510       0x14 CMakeFiles/ReliableBinaryTransferF1Demo.elf.dir/Core/Src/syscalls.c.obj
                0x0000000008001510                _kill
 .text._exit    0x0000000008001524        0xc CMakeFiles/ReliableBinaryTransferF1Demo.elf.dir/Core/Src/syscalls.c.obj
                0x0000000008001524                _exit
 .text.SystemInit
                0x0000000008001530        0x4 CMakeFiles/ReliableBinaryTransferF1Demo.elf.dir/Core/Src/system_stm32f1xx.c.obj
                0x0000000008001530                SystemInit
 .text.MX_USART1_UART_Init
                0x0000000008001534       0x38 CMakeFiles/ReliableBinaryTransferF1Demo.elf.dir/Core/Src/usart.c.obj
                0x0000000008001534                MX_USART1_UART_Init
 .text.HAL_UART_MspInit
                0x000000000800156c       0xc0 CMakeFiles/ReliableBinaryTransferF1Demo.elf.dir/Core/Src/usart.c.obj
                0x000000000800156c                HAL_UART_MspInit
 .text.HAL_UARTEx_RxEventCallback
                0x000000000800162c        0x4 CMakeFiles/ReliableBinaryTransferF1Demo.elf.dir/Core/Src/usart.c.obj
                0x000000000800162c                HAL_UARTEx_RxEventCallback
 .text.HAL_UART_TxCpltCallback
                0x0000000008001630        0x4 CMakeFiles/ReliableBinaryTransferF1Demo.elf.dir/Core/Src/usart.c.obj
                0x0000000008001630                HAL_UART_TxCpltCallback
 .text.HAL_UART_RxCpltCallback
                0x0000000008001634        0x4 CMakeFiles/ReliableBinaryTransferF1Demo.elf.dir/Core/Src/usart.c.obj
                0x0000000008001634                HAL_UART_RxCpltCallback
 .text.HAL_UART_ErrorCallback
                0x0000000008001638        0x4 CMakeFiles/ReliableBinaryTransferF1Demo.elf.dir/Core/Src/usart.c.obj
                0x0000000008001638                HAL_UART_ErrorCallback
 .text.Reset_Handler
                0x000000000800163c       0x48 CMakeFiles/ReliableBinaryTransferF1Demo.elf.dir/Core/Startup/startup_stm32f103c8tx.s.obj
                0x000000000800163c                Reset_Handler
 .text.Default_Handler
                0x0000000008001684        0x2 CMakeFiles/ReliableBinaryTransferF1Demo.elf.dir/Core/Startup/startup_stm32f103c8tx.s.obj
                0x0000000008001684                USBWakeUp_IRQHandler
                0x0000000008001684                EXTI2_IRQHandler
                0x0000000008001684                TIM1_CC_IRQHandler
                0x0000000008001684                PVD_IRQHandler
                0x0000000008001684                EXTI3_IRQHandler
                0x0000000008001684                EXTI0_IRQHandler
                0x0000000008001684                I2C2_EV_IRQHandler
                0x0000000008001684                ADC1_2_IRQHandler
                0x0000000008001684                SPI1_IRQHandler
                0x0000000008001684                TAMPER_IRQHandler
                0x0000000008001684                DMA1_Channel4_IRQHandler
                0x0000000008001684                USART3_IRQHandler
                0x0000000008001684                RTC_IRQHandler
                0x0000000008001684                DMA1_Channel7_IRQHandler
                0x0000000008001684                CAN1_RX1_IRQHandler
                0x0000000008001684                I2C1_EV_IRQHandler
                0x0000000008001684                DMA1_Channel6_IRQHandler
                0x0000000008001684                TIM3_IRQHandler
                0x0000000008001684                RCC_IRQHandler
                0x0000000008001684                TIM1_TRG_COM_IRQHandler
                0x0000000008001684                DMA1_Channel1_IRQHandler
                0x0000000008001684                Default_Handler
                0x0000000008001684                EXTI15_10_IRQHandler
                0x0000000008001684                EXTI9_5_IRQHandler
                0x0000000008001684                SPI2_IRQHandler
                0x0000000008001684                EXTI4_IRQHandler
                0x0000000008001684                USB_LP_CAN1_RX0_IRQHandler
                0x0000000008001684                USB_HP_CAN1_TX_IRQHandler
                0x0000000008001684                DMA1_Channel3_IRQHandler
                0x0000000008001684                TIM1_UP_IRQHandler
                0x0000000008001684                WWDG_IRQHandler
                0x0000000008001684                TIM2_IRQHandler
                0x0000000008001684                TIM1_BRK_IRQHandler
                0x0000000008001684                EXTI1_IRQHandler
                0x0000000008001684                USART2_IRQHandler
                0x0000000008001684                I2C2_ER_IRQHandler
                0x0000000008001684                DMA1_Channel2_IRQHandler
                0x0000000008001684                CAN1_SCE_IRQHandler
                0x0000000008001684                FLASH_IRQHandler
                0x0000000008001684                I2C1_ER_IRQHandler
                0x0000000008001684                RTC_Alarm_IRQHandler
 *fill*         0x0000000008001686        0x2 
 .text.HAL_Init
                0x0000000008001688       0x24 CMakeFiles/ReliableBinaryTransferF1Demo.elf.dir/Drivers/STM32F1xx_HAL_Driver/Src/stm32f1xx_hal.c.obj
                0x0000000008001688                HAL_Init
 .text.HAL_IncTick
                0x00000000080016ac       0x18 CMakeFiles/ReliableBinaryTransferF1Demo.elf.dir/Drivers/STM32F1xx_HAL_Driver/Src/stm32f1xx_hal.c.obj
                0x00000000080016ac                HAL_IncTick
 .text.HAL_GetTick
                0x00000000080016c4        0xc CMakeFiles/ReliableBinaryTransferF1Demo.elf.dir/Drivers/STM32F1xx_HAL_Driver/Src/stm32f1xx_hal.c.obj
                0x00000000080016c4                HAL_GetTick
 .text.HAL_NVIC_SetPriorityGrouping
                0x00000000080016d0       0x24 CMakeFiles/ReliableBinaryTransferF1Demo.elf.dir/Drivers/STM32F1xx_HAL_Driver/Src/stm32f1xx_hal_cortex.c.obj
                0x00000000080016d0                HAL_NVIC_SetPriorityGrouping
 .text.HAL_NVIC_SetPriority
                0x00000000080016f4       0x7c CMakeFiles/ReliableBinaryTransferF1Demo.elf.dir/Drivers/STM32F1xx_HAL_Driver/Src/stm32f1xx_hal_cortex.c.obj
                0x00000000080016f4                HAL_NVIC_SetPriority
 .text.HAL_NVIC_EnableIRQ
                0x0000000008001770       0x1c CMakeFiles/ReliableBinaryTransferF1Demo.elf.dir/Drivers/STM32F1xx_HAL_Driver/Src/stm32f1xx_hal_cortex.c.obj
                0x0000000008001770                HAL_NVIC_EnableIRQ
 .text.HAL_DMA_Init
                0x000000000800178c       0x70 CMakeFiles/ReliableBinaryTransferF1Demo.elf.dir/Drivers/STM32F1xx_HAL_Driver/Src/stm32f1xx_hal_dma.c.obj
                0x000000000800178c                HAL_DMA_Init
 .text.HAL_DMA_Start_IT
                0x00000000080017fc       0x90 CMakeFiles/ReliableBinaryTransferF1Demo.elf.dir/Drivers/STM32F1xx_HAL_Driver/Src/stm32f1xx_hal_dma.c.obj
                0x00000000080017fc                HAL_DMA_Start_IT
 .text.HAL_DMA_Abort
                0x000000000800188c       0x4c CMakeFiles/ReliableBinaryTransferF1Demo.elf.dir/Drivers/STM32F1xx_HAL_Driver/Src/stm32f1xx_hal_dma.c.obj
                0x000000000800188c                HAL_DMA_Abort
 .text.HAL_DMA_Abort_IT
                0x00000000080018d8       0x98 CMakeFiles/ReliableBinaryTransferF1Demo.elf.dir/Drivers/STM32F1xx_HAL_Driver/Src/stm32f1xx_hal_dma.c.obj
                0x00000000080018d8                HAL_DMA_Abort_IT
 .text.HAL_DMA_IRQHandler
                0x0000000008001970      0x12c CMakeFiles/ReliableBinaryTransferF1Demo.elf.dir/Drivers/STM32F1xx_HAL_Driver/Src/stm32f1xx_hal_dma.c.obj
                0x0000000008001970                HAL_DMA_IRQHandler
 .text.HAL_GPIO_Init
                0x0000000008001a9c      0x21c CMakeFiles/ReliableBinaryTransferF1Demo.elf.dir/Drivers/STM32F1xx_HAL_Driver/Src/stm32f1xx_hal_gpio.c.obj
                0x0000000008001a9c                HAL_GPIO_Init
 .text.HAL_GPIO_WritePin
                0x0000000008001cb8        0x8 CMakeFiles/ReliableBinaryTransferF1Demo.elf.dir/Drivers/STM32F1xx_HAL_Driver/Src/stm32f1xx_hal_gpio.c.obj
                0x0000000008001cb8                HAL_GPIO_WritePin
 .text.HAL_GPIO_TogglePin
                0x0000000008001cc0       0x14 CMakeFiles/ReliableBinaryTransferF1Demo.elf.dir/Drivers/STM32F1xx_HAL_Driver/Src/stm32f1xx_hal_gpio.c.obj
                0x0000000008001cc0                HAL_GPIO_TogglePin
 .text.HAL_RCC_OscConfig
                0x0000000008001cd4      0x3e0 CMakeFiles/ReliableBinaryTransferF1Demo.elf.dir/Drivers/STM32F1xx_HAL_Driver/Src/stm32f1xx_hal_rcc.c.obj
                0x0000000008001cd4                HAL_RCC_OscConfig
 .text.HAL_RCC_ClockConfig
                0x00000000080020b4      0x184 CMakeFiles/ReliableBinaryTransferF1Demo.elf.dir/Drivers/STM32F1xx_HAL_Driver/Src/stm32f1xx_hal_rcc.c.obj
                0x00000000080020b4                HAL_RCC_ClockConfig
 .text.HAL_RCC_GetPCLK1Freq
                0x0000000008002238       0x20 CMakeFiles/ReliableBinaryTransferF1Demo.elf.dir/Drivers/STM32F1xx_HAL_Driver/Src/stm32f1xx_hal_rcc.c.obj
                0x0000000008002238                HAL_RCC_GetPCLK1Freq
 .text.HAL_RCC_GetPCLK2Freq
                0x0000000008002258       0x20 CMakeFiles/ReliableBinaryTransferF1Demo.elf.dir/Drivers/STM32F1xx_HAL_Driver/Src/stm32f1xx_hal_rcc.c.obj
                0x0000000008002258                HAL_RCC_GetPCLK2Freq
 .text.HAL_RCC_GetClockConfig
                0x0000000008002278       0x40 CMakeFiles/ReliableBinaryTransferF1Demo.elf.dir/Drivers/STM32F1xx_HAL_Driver/Src/stm32f1xx_hal_rcc.c.obj
                0x0000000008002278                HAL_RCC_GetClockConfig
 .text.HAL_TIM_Base_MspInit
                0x00000000080022b8        0x4 CMakeFiles/ReliableBinaryTransferF1Demo.elf.dir/Drivers/STM32F1xx_HAL_Driver/Src/stm32f1xx_hal_tim.c.obj
                0x00000000080022b8                HAL_TIM_Base_MspInit
 .text.HAL_TIM_Base_Init
                0x00000000080022bc       0xdc CMakeFiles/ReliableBinaryTransferF1Demo.elf.dir/Drivers/STM32F1xx_HAL_Driver/Src/stm32f1xx_hal_tim.c.obj
                0x00000000080022bc                HAL_TIM_Base_Init
 .text.HAL_TIM_Base_Start_IT
                0x0000000008002398       0x58 CMakeFiles/ReliableBinaryTransferF1Demo.elf.dir/Drivers/STM32F1xx_HAL_Driver/Src/stm32f1xx_hal_tim.c.obj
                0x0000000008002398                HAL_TIM_Base_Start_IT
 .text.HAL_TIM_OC_DelayElapsedCallback
                0x00000000080023f0        0x4 CMakeFiles/ReliableBinaryTransferF1Demo.elf.dir/Drivers/STM32F1xx_HAL_Driver/Src/stm32f1xx_hal_tim.c.obj
                0x00000000080023f0                HAL_TIM_OC_DelayElapsedCallback
 .text.HAL_TIM_IC_CaptureCallback
                0x00000000080023f4        0x4 CMakeFiles/ReliableBinaryTransferF1Demo.elf.dir/Drivers/STM32F1xx_HAL_Driver/Src/stm32f1xx_hal_tim.c.obj
                0x00000000080023f4                HAL_TIM_IC_CaptureCallback
 .text.HAL_TIM_PWM_PulseFinishedCallback
                0x00000000080023f8        0x4 CMakeFiles/ReliableBinaryTransferF1Demo.elf.dir/Drivers/STM32F1xx_HAL_Driver/Src/stm32f1xx_hal_tim.c.obj
                0x00000000080023f8                HAL_TIM_PWM_PulseFinishedCallback
 .text.HAL_TIM_TriggerCallback
                0x00000000080023fc        0x4 CMakeFiles/ReliableBinaryTransferF1Demo.elf.dir/Drivers/STM32F1xx_HAL_Driver/Src/stm32f1xx_hal_tim.c.obj
                0x00000000080023fc                HAL_TIM_TriggerCallback
 .text.HAL_TIM_IRQHandler
                0x0000000008002400      0x154 CMakeFiles/ReliableBinaryTransferF1Demo.elf.dir/Drivers/STM32F1xx_HAL_Driver/Src/stm32f1xx_hal_tim.c.obj
                0x0000000008002400                HAL_TIM_IRQHandler
 .text.HAL_TIMEx_CommutCallback
                0x0000000008002554        0x4 CMakeFiles/ReliableBinaryTransferF1Demo.elf.dir/Drivers/STM32F1xx_HAL_Driver/Src/stm32f1xx_hal_tim_ex.c.obj
                0x0000000008002554                HAL_TIMEx_CommutCallback
 .text.HAL_TIMEx_BreakCallback
                0x0000000008002558        0x4 CMakeFiles/ReliableBinaryTransferF1Demo.elf.dir/Drivers/STM32F1xx_HAL_Driver/Src/stm32f1xx_hal_tim_ex.c.obj
                0x0000000008002558                HAL_TIMEx_BreakCallback
 .text.HAL_UART_Init
                0x000000000800255c       0xdc CMakeFiles/ReliableBinaryTransferF1Demo.elf.dir/Drivers/STM32F1xx_HAL_Driver/Src/stm32f1xx_hal_uart.c.obj
                0x000000000800255c                HAL_UART_Init
 .text.HAL_UART_Transmit
                0x0000000008002638      0x144 CMakeFiles/ReliableBinaryTransferF1Demo.elf.dir/Drivers/STM32F1xx_HAL_Driver/Src/stm32f1xx_hal_uart.c.obj
                0x0000000008002638                HAL_UART_Transmit
 .text.HAL_UART_RxHalfCpltCallback
                0x000000000800277c        0x4 CMakeFiles/ReliableBinaryTransferF1Demo.elf.dir/Drivers/STM32F1xx_HAL_Driver/Src/stm32f1xx_hal_uart.c.obj
                0x000000000800277c                HAL_UART_RxHalfCpltCallback
 .text.UART_DMAError
                0x0000000008002780       0xbc CMakeFiles/ReliableBinaryTransferF1Demo.elf.dir/Drivers/STM32F1xx_HAL_Driver/Src/stm32f1xx_hal_uart.c.obj
 .text.UART_DMAAbortOnError
                0x000000000800283c       0x10 CMakeFiles/ReliableBinaryTransferF1Demo.elf.dir/Drivers/STM32F1xx_HAL_Driver/Src/stm32f1xx_hal_uart.c.obj
 .text.UART_DMARxHalfCplt
                0x000000000800284c       0x20 CMakeFiles/ReliableBinaryTransferF1Demo.elf.dir/Drivers/STM32F1xx_HAL_Driver/Src/stm32f1xx_hal_uart.c.obj
 .text.UART_DMAReceiveCplt
                0x000000000800286c       0x98 CMakeFiles/ReliableBinaryTransferF1Demo.elf.dir/Drivers/STM32F1xx_HAL_Driver/Src/stm32f1xx_hal_uart.c.obj
 .text.UART_Receive_IT.part.0.isra.0
                0x0000000008002904       0xd0 CMakeFiles/ReliableBinaryTransferF1Demo.elf.dir/Drivers/STM32F1xx_HAL_Driver/Src/stm32f1xx_hal_uart.c.obj
 .text.HAL_UART_IRQHandler
                0x00000000080029d4      0x31c CMakeFiles/ReliableBinaryTransferF1Demo.elf.dir/Drivers/STM32F1xx_HAL_Driver/Src/stm32f1xx_hal_uart.c.obj
                0x00000000080029d4                HAL_UART_IRQHandler
 .text.UART_Start_Receive_DMA
                0x0000000008002cf0       0xa0 CMakeFiles/ReliableBinaryTransferF1Demo.elf.dir/Drivers/STM32F1xx_HAL_Driver/Src/stm32f1xx_hal_uart.c.obj
                0x0000000008002cf0                UART_Start_Receive_DMA
 .text.HAL_UARTEx_ReceiveToIdle_DMA
                0x0000000008002d90       0x60 CMakeFiles/ReliableBinaryTransferF1Demo.elf.dir/Drivers/STM32F1xx_HAL_Driver/Src/stm32f1xx_hal_uart.c.obj
                0x0000000008002d90                HAL_UARTEx_ReceiveToIdle_DMA
 .text.osKernelInitialize
                0x0000000008002df0       0x34 CMakeFiles/ReliableBinaryTransferF1Demo.elf.dir/Middlewares/Third_Party/FreeRTOS/Source/CMSIS_RTOS_V2/cmsis_os2.c.obj
                0x0000000008002df0                osKernelInitialize
 .text.osKernelStart
                0x0000000008002e24       0x44 CMakeFiles/ReliableBinaryTransferF1Demo.elf.dir/Middlewares/Third_Party/FreeRTOS/Source/CMSIS_RTOS_V2/cmsis_os2.c.obj
                0x0000000008002e24                osKernelStart
 .text.osThreadNew
                0x0000000008002e68       0xc4 CMakeFiles/ReliableBinaryTransferF1Demo.elf.dir/Middlewares/Third_Party/FreeRTOS/Source/CMSIS_RTOS_V2/cmsis_os2.c.obj
                0x0000000008002e68                osThreadNew
 .text.osDelay  0x0000000008002f2c       0x34 CMakeFiles/ReliableBinaryTransferF1Demo.elf.dir/Middlewares/Third_Party/FreeRTOS/Source/CMSIS_RTOS_V2/cmsis_os2.c.obj
                0x0000000008002f2c                osDelay
 .text.vApplicationGetIdleTaskMemory
                0x0000000008002f60       0x1c CMakeFiles/ReliableBinaryTransferF1Demo.elf.dir/Middlewares/Third_Party/FreeRTOS/Source/CMSIS_RTOS_V2/cmsis_os2.c.obj
                0x0000000008002f60                vApplicationGetIdleTaskMemory
 .text.vApplicationGetTimerTaskMemory
                0x0000000008002f7c       0x1c CMakeFiles/ReliableBinaryTransferF1Demo.elf.dir/Middlewares/Third_Party/FreeRTOS/Source/CMSIS_RTOS_V2/cmsis_os2.c.obj
                0x0000000008002f7c                vApplicationGetTimerTaskMemory
 .text.vListInitialise
                0x0000000008002f98       0x18 CMakeFiles/ReliableBinaryTransferF1Demo.elf.dir/Middlewares/Third_Party/FreeRTOS/Source/list.c.obj
                0x0000000008002f98                vListInitialise
 .text.vListInitialiseItem
                0x0000000008002fb0        0x8 CMakeFiles/ReliableBinaryTransferF1Demo.elf.dir/Middlewares/Third_Party/FreeRTOS/Source/list.c.obj
                0x0000000008002fb0                vListInitialiseItem
 .text.vListInsertEnd
                0x0000000008002fb8       0x1c CMakeFiles/ReliableBinaryTransferF1Demo.elf.dir/Middlewares/Third_Party/FreeRTOS/Source/list.c.obj
                0x0000000008002fb8                vListInsertEnd
 .text.vListInsert
                0x0000000008002fd4       0x30 CMakeFiles/ReliableBinaryTransferF1Demo.elf.dir/Middlewares/Third_Party/FreeRTOS/Source/list.c.obj
                0x0000000008002fd4                vListInsert
 .text.uxListRemove
                0x0000000008003004       0x24 CMakeFiles/ReliableBinaryTransferF1Demo.elf.dir/Middlewares/Third_Party/FreeRTOS/Source/list.c.obj
                0x0000000008003004                uxListRemove
 .text.prvPortStartFirstTask
                0x0000000008003028       0x20 CMakeFiles/ReliableBinaryTransferF1Demo.elf.dir/Middlewares/Third_Party/FreeRTOS/Source/portable/GCC/ARM_CM3/port.c.obj
 .text.prvTaskExitError
                0x0000000008003048       0x40 CMakeFiles/ReliableBinaryTransferF1Demo.elf.dir/Middlewares/Third_Party/FreeRTOS/Source/portable/GCC/ARM_CM3/port.c.obj
 .text.pxPortInitialiseStack
                0x0000000008003088       0x24 CMakeFiles/ReliableBinaryTransferF1Demo.elf.dir/Middlewares/Third_Party/FreeRTOS/Source/portable/GCC/ARM_CM3/port.c.obj
                0x0000000008003088                pxPortInitialiseStack
 *fill*         0x00000000080030ac        0x4 
 .text.SVC_Handler
                0x00000000080030b0       0x24 CMakeFiles/ReliableBinaryTransferF1Demo.elf.dir/Middlewares/Third_Party/FreeRTOS/Source/portable/GCC/ARM_CM3/port.c.obj
                0x00000000080030b0                SVC_Handler
 .text.vPortEnterCritical
                0x00000000080030d4       0x44 CMakeFiles/ReliableBinaryTransferF1Demo.elf.dir/Middlewares/Third_Party/FreeRTOS/Source/portable/GCC/ARM_CM3/port.c.obj
                0x00000000080030d4                vPortEnterCritical
 .text.vPortExitCritical
                0x0000000008003118       0x28 CMakeFiles/ReliableBinaryTransferF1Demo.elf.dir/Middlewares/Third_Party/FreeRTOS/Source/portable/GCC/ARM_CM3/port.c.obj
                0x0000000008003118                vPortExitCritical
 .text.PendSV_Handler
                0x0000000008003140       0x44 CMakeFiles/ReliableBinaryTransferF1Demo.elf.dir/Middlewares/Third_Party/FreeRTOS/Source/portable/GCC/ARM_CM3/port.c.obj
                0x0000000008003140                PendSV_Handler
 .text.SysTick_Handler
                0x0000000008003184       0x2c CMakeFiles/ReliableBinaryTransferF1Demo.elf.dir/Middlewares/Third_Party/FreeRTOS/Source/portable/GCC/ARM_CM3/port.c.obj
                0x0000000008003184                SysTick_Handler
 .text.vPortSetupTimerInterrupt
                0x00000000080031b0       0x2c CMakeFiles/ReliableBinaryTransferF1Demo.elf.dir/Middlewares/Third_Party/FreeRTOS/Source/portable/GCC/ARM_CM3/port.c.obj
                0x00000000080031b0                vPortSetupTimerInterrupt
 .text.xPortStartScheduler
                0x00000000080031dc       0xec CMakeFiles/ReliableBinaryTransferF1Demo.elf.dir/Middlewares/Third_Party/FreeRTOS/Source/portable/GCC/ARM_CM3/port.c.obj
                0x00000000080031dc                xPortStartScheduler
 .text.pvPortMalloc
                0x00000000080032c8      0x168 CMakeFiles/ReliableBinaryTransferF1Demo.elf.dir/Middlewares/Third_Party/FreeRTOS/Source/portable/MemMang/heap_4.c.obj
                0x00000000080032c8                pvPortMalloc
 .text.vPortFree
                0x0000000008003430       0xb4 CMakeFiles/ReliableBinaryTransferF1Demo.elf.dir/Middlewares/Third_Party/FreeRTOS/Source/portable/MemMang/heap_4.c.obj
                0x0000000008003430                vPortFree
 .text.prvCopyDataToQueue
                0x00000000080034e4       0x70 CMakeFiles/ReliableBinaryTransferF1Demo.elf.dir/Middlewares/Third_Party/FreeRTOS/Source/queue.c.obj
 .text.xQueueGenericCreateStatic
                0x0000000008003554       0xe0 CMakeFiles/ReliableBinaryTransferF1Demo.elf.dir/Middlewares/Third_Party/FreeRTOS/Source/queue.c.obj
                0x0000000008003554                xQueueGenericCreateStatic
 .text.xQueueGenericSend
                0x0000000008003634      0x2fc CMakeFiles/ReliableBinaryTransferF1Demo.elf.dir/Middlewares/Third_Party/FreeRTOS/Source/queue.c.obj
                0x0000000008003634                xQueueGenericSend
 .text.xQueueReceive
                0x0000000008003930      0x308 CMakeFiles/ReliableBinaryTransferF1Demo.elf.dir/Middlewares/Third_Party/FreeRTOS/Source/queue.c.obj
                0x0000000008003930                xQueueReceive
 .text.vQueueAddToRegistry
                0x0000000008003c38       0x50 CMakeFiles/ReliableBinaryTransferF1Demo.elf.dir/Middlewares/Third_Party/FreeRTOS/Source/queue.c.obj
                0x0000000008003c38                vQueueAddToRegistry
 .text.vQueueWaitForMessageRestricted
                0x0000000008003c88       0xc8 CMakeFiles/ReliableBinaryTransferF1Demo.elf.dir/Middlewares/Third_Party/FreeRTOS/Source/queue.c.obj
                0x0000000008003c88                vQueueWaitForMessageRestricted
 .text.prvAddNewTaskToReadyList
                0x0000000008003d50      0x110 CMakeFiles/ReliableBinaryTransferF1Demo.elf.dir/Middlewares/Third_Party/FreeRTOS/Source/tasks.c.obj
 .text.prvIdleTask
                0x0000000008003e60       0x98 CMakeFiles/ReliableBinaryTransferF1Demo.elf.dir/Middlewares/Third_Party/FreeRTOS/Source/tasks.c.obj
 .text.xTaskCreateStatic
                0x0000000008003ef8      0x168 CMakeFiles/ReliableBinaryTransferF1Demo.elf.dir/Middlewares/Third_Party/FreeRTOS/Source/tasks.c.obj
                0x0000000008003ef8                xTaskCreateStatic
 .text.xTaskCreate
                0x0000000008004060      0x150 CMakeFiles/ReliableBinaryTransferF1Demo.elf.dir/Middlewares/Third_Party/FreeRTOS/Source/tasks.c.obj
                0x0000000008004060                xTaskCreate
 .text.vTaskStartScheduler
                0x00000000080041b0      0x120 CMakeFiles/ReliableBinaryTransferF1Demo.elf.dir/Middlewares/Third_Party/FreeRTOS/Source/tasks.c.obj
                0x00000000080041b0                vTaskStartScheduler
 .text.vTaskSuspendAll
                0x00000000080042d0       0x10 CMakeFiles/ReliableBinaryTransferF1Demo.elf.dir/Middlewares/Third_Party/FreeRTOS/Source/tasks.c.obj
                0x00000000080042d0                vTaskSuspendAll
 .text.xTaskGetTickCount
                0x00000000080042e0        0xc CMakeFiles/ReliableBinaryTransferF1Demo.elf.dir/Middlewares/Third_Party/FreeRTOS/Source/tasks.c.obj
                0x00000000080042e0                xTaskGetTickCount
 .text.xTaskIncrementTick
                0x00000000080042ec      0x168 CMakeFiles/ReliableBinaryTransferF1Demo.elf.dir/Middlewares/Third_Party/FreeRTOS/Source/tasks.c.obj
                0x00000000080042ec                xTaskIncrementTick
 .text.xTaskResumeAll.part.0
                0x0000000008004454      0x120 CMakeFiles/ReliableBinaryTransferF1Demo.elf.dir/Middlewares/Third_Party/FreeRTOS/Source/tasks.c.obj
 .text.xTaskResumeAll
                0x0000000008004574       0x20 CMakeFiles/ReliableBinaryTransferF1Demo.elf.dir/Middlewares/Third_Party/FreeRTOS/Source/tasks.c.obj
                0x0000000008004574                xTaskResumeAll
 .text.vTaskDelay
                0x0000000008004594       0xac CMakeFiles/ReliableBinaryTransferF1Demo.elf.dir/Middlewares/Third_Party/FreeRTOS/Source/tasks.c.obj
                0x0000000008004594                vTaskDelay
 .text.vTaskSwitchContext
                0x0000000008004640       0x84 CMakeFiles/ReliableBinaryTransferF1Demo.elf.dir/Middlewares/Third_Party/FreeRTOS/Source/tasks.c.obj
                0x0000000008004640                vTaskSwitchContext
 .text.vTaskPlaceOnEventList
                0x00000000080046c4       0x88 CMakeFiles/ReliableBinaryTransferF1Demo.elf.dir/Middlewares/Third_Party/FreeRTOS/Source/tasks.c.obj
                0x00000000080046c4                vTaskPlaceOnEventList
 .text.vTaskPlaceOnEventListRestricted
                0x000000000800474c       0x94 CMakeFiles/ReliableBinaryTransferF1Demo.elf.dir/Middlewares/Third_Party/FreeRTOS/Source/tasks.c.obj
                0x000000000800474c                vTaskPlaceOnEventListRestricted
 .text.xTaskRemoveFromEventList
                0x00000000080047e0       0x8c CMakeFiles/ReliableBinaryTransferF1Demo.elf.dir/Middlewares/Third_Party/FreeRTOS/Source/tasks.c.obj
                0x00000000080047e0                xTaskRemoveFromEventList
 .text.vTaskInternalSetTimeOutState
                0x000000000800486c       0x18 CMakeFiles/ReliableBinaryTransferF1Demo.elf.dir/Middlewares/Third_Party/FreeRTOS/Source/tasks.c.obj
                0x000000000800486c                vTaskInternalSetTimeOutState
 .text.xTaskCheckForTimeOut
                0x0000000008004884       0x8c CMakeFiles/ReliableBinaryTransferF1Demo.elf.dir/Middlewares/Third_Party/FreeRTOS/Source/tasks.c.obj
                0x0000000008004884                xTaskCheckForTimeOut
 .text.vTaskMissedYield
                0x0000000008004910        0xc CMakeFiles/ReliableBinaryTransferF1Demo.elf.dir/Middlewares/Third_Party/FreeRTOS/Source/tasks.c.obj
                0x0000000008004910                vTaskMissedYield
 .text.xTaskGetSchedulerState
                0x000000000800491c       0x20 CMakeFiles/ReliableBinaryTransferF1Demo.elf.dir/Middlewares/Third_Party/FreeRTOS/Source/tasks.c.obj
                0x000000000800491c                xTaskGetSchedulerState
 .text.xTaskPriorityDisinherit
                0x000000000800493c       0x88 CMakeFiles/ReliableBinaryTransferF1Demo.elf.dir/Middlewares/Third_Party/FreeRTOS/Source/tasks.c.obj
                0x000000000800493c                xTaskPriorityDisinherit
 .text.prvSwitchTimerLists
                0x00000000080049c4       0x98 CMakeFiles/ReliableBinaryTransferF1Demo.elf.dir/Middlewares/Third_Party/FreeRTOS/Source/timers.c.obj
 .text.prvTimerTask
                0x0000000008004a5c      0x264 CMakeFiles/ReliableBinaryTransferF1Demo.elf.dir/Middlewares/Third_Party/FreeRTOS/Source/timers.c.obj
 .text.xTimerCreateTimerTask
                0x0000000008004cc0       0xbc CMakeFiles/ReliableBinaryTransferF1Demo.elf.dir/Middlewares/Third_Party/FreeRTOS/Source/timers.c.obj
                0x0000000008004cc0                xTimerCreateTimerTask
 .text._ZN14CircularBufferC2Ev
                0x0000000008004d7c       0x18 CMakeFiles/ReliableBinaryTransferF1Demo.elf.dir/rdk/core/transfer/circular_buffer.cpp.obj
                0x0000000008004d7c                CircularBuffer::CircularBuffer()
                0x0000000008004d7c                CircularBuffer::CircularBuffer()
 .text._ZN14CircularBufferD2Ev
                0x0000000008004d94        0x4 CMakeFiles/ReliableBinaryTransferF1Demo.elf.dir/rdk/core/transfer/circular_buffer.cpp.obj
                0x0000000008004d94                CircularBuffer::~CircularBuffer()
                0x0000000008004d94                CircularBuffer::~CircularBuffer()
 .text._ZN14CircularBuffer9push_backEh
                0x0000000008004d98       0x38 CMakeFiles/ReliableBinaryTransferF1Demo.elf.dir/rdk/core/transfer/circular_buffer.cpp.obj
                0x0000000008004d98                CircularBuffer::push_back(unsigned char)
 .text._ZN14CircularBuffer9pop_frontEv
                0x0000000008004dd0       0x2c CMakeFiles/ReliableBinaryTransferF1Demo.elf.dir/rdk/core/transfer/circular_buffer.cpp.obj
                0x0000000008004dd0                CircularBuffer::pop_front()
 .text._ZN14CircularBuffer9availableEv
                0x0000000008004dfc        0xc CMakeFiles/ReliableBinaryTransferF1Demo.elf.dir/rdk/core/transfer/circular_buffer.cpp.obj
                0x0000000008004dfc                CircularBuffer::available()
 .text._ZN14Crc8CalculatorC2Eh
                0x0000000008004e08       0xcc CMakeFiles/ReliableBinaryTransferF1Demo.elf.dir/rdk/core/transfer/crc.cpp.obj
                0x0000000008004e08                Crc8Calculator::Crc8Calculator(unsigned char)
                0x0000000008004e08                Crc8Calculator::Crc8Calculator(unsigned char)
 .text._ZN14Crc8CalculatorD2Ev
                0x0000000008004ed4        0x4 CMakeFiles/ReliableBinaryTransferF1Demo.elf.dir/rdk/core/transfer/crc.cpp.obj
                0x0000000008004ed4                Crc8Calculator::~Crc8Calculator()
                0x0000000008004ed4                Crc8Calculator::~Crc8Calculator()
 .text._ZN14Crc8Calculator13process_bytesEPhj
                0x0000000008004ed8       0x1c CMakeFiles/ReliableBinaryTransferF1Demo.elf.dir/rdk/core/transfer/crc.cpp.obj
                0x0000000008004ed8                Crc8Calculator::process_bytes(unsigned char*, unsigned int)
 .text._ZN14Crc8Calculator8checksumEv
                0x0000000008004ef4        0x4 CMakeFiles/ReliableBinaryTransferF1Demo.elf.dir/rdk/core/transfer/crc.cpp.obj
                0x0000000008004ef4                Crc8Calculator::checksum()
 .text._ZN22ReliableBinaryTransferC2EP10SerialPortP14Crc8Calculator
                0x0000000008004ef8       0x20 CMakeFiles/ReliableBinaryTransferF1Demo.elf.dir/rdk/core/transfer/reliable_binary_transfer.cpp.obj
                0x0000000008004ef8                ReliableBinaryTransfer::ReliableBinaryTransfer(SerialPort*, Crc8Calculator*)
                0x0000000008004ef8                ReliableBinaryTransfer::ReliableBinaryTransfer(SerialPort*, Crc8Calculator*)
 .text._ZN22ReliableBinaryTransferD2Ev
                0x0000000008004f18        0xc CMakeFiles/ReliableBinaryTransferF1Demo.elf.dir/rdk/core/transfer/reliable_binary_transfer.cpp.obj
                0x0000000008004f18                ReliableBinaryTransfer::~ReliableBinaryTransfer()
                0x0000000008004f18                ReliableBinaryTransfer::~ReliableBinaryTransfer()
 .text._ZN22ReliableBinaryTransfer11recv_binaryEPhji
                0x0000000008004f24       0xe4 CMakeFiles/ReliableBinaryTransferF1Demo.elf.dir/rdk/core/transfer/reliable_binary_transfer.cpp.obj
                0x0000000008004f24                ReliableBinaryTransfer::recv_binary(unsigned char*, unsigned int, int)
 .text._ZN22ReliableBinaryTransfer16send_binary_onceEPhj
                0x0000000008005008       0xa8 CMakeFiles/ReliableBinaryTransferF1Demo.elf.dir/rdk/core/transfer/reliable_binary_transfer.cpp.obj
                0x0000000008005008                ReliableBinaryTransfer::send_binary_once(unsigned char*, unsigned int)
 .text._ZN22ReliableBinaryTransfer11send_binaryEPhj
                0x00000000080050b0       0x34 CMakeFiles/ReliableBinaryTransferF1Demo.elf.dir/rdk/core/transfer/reliable_binary_transfer.cpp.obj
                0x00000000080050b0                ReliableBinaryTransfer::send_binary(unsigned char*, unsigned int)
 .text._ZN10SerialPortC2EP20__UART_HandleTypeDefP14CircularBuffer
                0x00000000080050e4       0x10 CMakeFiles/ReliableBinaryTransferF1Demo.elf.dir/rdk/core/transfer/serial_port.cpp.obj
                0x00000000080050e4                SerialPort::SerialPort(__UART_HandleTypeDef*, CircularBuffer*)
                0x00000000080050e4                SerialPort::SerialPort(__UART_HandleTypeDef*, CircularBuffer*)
 .text._ZN10SerialPortD2Ev
                0x00000000080050f4        0x4 CMakeFiles/ReliableBinaryTransferF1Demo.elf.dir/rdk/core/transfer/serial_port.cpp.obj
                0x00000000080050f4                SerialPort::~SerialPort()
                0x00000000080050f4                SerialPort::~SerialPort()
 .text._ZN10SerialPort5startEv
                0x00000000080050f8       0x10 CMakeFiles/ReliableBinaryTransferF1Demo.elf.dir/rdk/core/transfer/serial_port.cpp.obj
                0x00000000080050f8                SerialPort::start()
 .text._ZN10SerialPort28OnHAL_UARTEx_RxEventCallbackEP20__UART_HandleTypeDeft
                0x0000000008005108       0x98 CMakeFiles/ReliableBinaryTransferF1Demo.elf.dir/rdk/core/transfer/serial_port.cpp.obj
                0x0000000008005108                SerialPort::OnHAL_UARTEx_RxEventCallback(__UART_HandleTypeDef*, unsigned short)
 .text._ZN10SerialPort25OnHAL_UART_TxCpltCallbackEP20__UART_HandleTypeDef
                0x00000000080051a0       0x1c CMakeFiles/ReliableBinaryTransferF1Demo.elf.dir/rdk/core/transfer/serial_port.cpp.obj
                0x00000000080051a0                SerialPort::OnHAL_UART_TxCpltCallback(__UART_HandleTypeDef*)
 .text._ZN10SerialPort25OnHAL_UART_RxCpltCallbackEP20__UART_HandleTypeDef
                0x00000000080051bc       0x1c CMakeFiles/ReliableBinaryTransferF1Demo.elf.dir/rdk/core/transfer/serial_port.cpp.obj
                0x00000000080051bc                SerialPort::OnHAL_UART_RxCpltCallback(__UART_HandleTypeDef*)
 .text._ZN10SerialPort24OnHAL_UART_ErrorCallbackEP20__UART_HandleTypeDef
                0x00000000080051d8       0x3c CMakeFiles/ReliableBinaryTransferF1Demo.elf.dir/rdk/core/transfer/serial_port.cpp.obj
                0x00000000080051d8                SerialPort::OnHAL_UART_ErrorCallback(__UART_HandleTypeDef*)
 .text._ZN10SerialPort5writeEPhj
                0x0000000008005214       0x14 CMakeFiles/ReliableBinaryTransferF1Demo.elf.dir/rdk/core/transfer/serial_port.cpp.obj
                0x0000000008005214                SerialPort::write(unsigned char*, unsigned int)
 .text._ZN10SerialPort4readEPhji
                0x0000000008005228       0x5c CMakeFiles/ReliableBinaryTransferF1Demo.elf.dir/rdk/core/transfer/serial_port.cpp.obj
                0x0000000008005228                SerialPort::read(unsigned char*, unsigned int, int)
 .text._ZN20SimpleBinaryTransferC2EP10SerialPortP14Crc8Calculator
                0x0000000008005284       0x1c CMakeFiles/ReliableBinaryTransferF1Demo.elf.dir/rdk/core/transfer/simple_binary_transfer.cpp.obj
                0x0000000008005284                SimpleBinaryTransfer::SimpleBinaryTransfer(SerialPort*, Crc8Calculator*)
                0x0000000008005284                SimpleBinaryTransfer::SimpleBinaryTransfer(SerialPort*, Crc8Calculator*)
 .text._ZN20SimpleBinaryTransferD2Ev
                0x00000000080052a0        0x4 CMakeFiles/ReliableBinaryTransferF1Demo.elf.dir/rdk/core/transfer/simple_binary_transfer.cpp.obj
                0x00000000080052a0                SimpleBinaryTransfer::~SimpleBinaryTransfer()
                0x00000000080052a0                SimpleBinaryTransfer::~SimpleBinaryTransfer()
 .text._ZN20SimpleBinaryTransfer11send_binaryEPhj
                0x00000000080052a4       0x58 CMakeFiles/ReliableBinaryTransferF1Demo.elf.dir/rdk/core/transfer/simple_binary_transfer.cpp.obj
                0x00000000080052a4                SimpleBinaryTransfer::send_binary(unsigned char*, unsigned int)
 .text._ZN20SimpleBinaryTransfer11recv_binaryEPhji
                0x00000000080052fc      0x158 CMakeFiles/ReliableBinaryTransferF1Demo.elf.dir/rdk/core/transfer/simple_binary_transfer.cpp.obj
                0x00000000080052fc                SimpleBinaryTransfer::recv_binary(unsigned char*, unsigned int, int)
 .text.__aeabi_atexit
                0x0000000008005454        0xc /Applications/ARM/bin/../lib/gcc/arm-none-eabi/10.3.1/../../../../arm-none-eabi/lib/thumb/v7-m/nofp/libstdc++.a(atexit_arm.o)
                0x0000000008005454                __aeabi_atexit
 .text.abort    0x0000000008005460       0x10 /Applications/ARM/bin/../lib/gcc/arm-none-eabi/10.3.1/../../../../arm-none-eabi/lib/thumb/v7-m/nofp/libc.a(lib_a-abort.o)
                0x0000000008005460                abort
 .text.__cxa_atexit
                0x0000000008005470       0x18 /Applications/ARM/bin/../lib/gcc/arm-none-eabi/10.3.1/../../../../arm-none-eabi/lib/thumb/v7-m/nofp/libc.a(lib_a-cxa_atexit.o)
                0x0000000008005470                __cxa_atexit
 .text.__errno  0x0000000008005488        0xc /Applications/ARM/bin/../lib/gcc/arm-none-eabi/10.3.1/../../../../arm-none-eabi/lib/thumb/v7-m/nofp/libc.a(lib_a-errno.o)
                0x0000000008005488                __errno
 .text.__libc_init_array
                0x0000000008005494       0x48 /Applications/ARM/bin/../lib/gcc/arm-none-eabi/10.3.1/../../../../arm-none-eabi/lib/thumb/v7-m/nofp/libc.a(lib_a-init.o)
                0x0000000008005494                __libc_init_array
 .text.memset   0x00000000080054dc       0xa4 /Applications/ARM/bin/../lib/gcc/arm-none-eabi/10.3.1/../../../../arm-none-eabi/lib/thumb/v7-m/nofp/libc.a(lib_a-memset.o)
                0x00000000080054dc                memset
 .text.raise    0x0000000008005580       0x5c /Applications/ARM/bin/../lib/gcc/arm-none-eabi/10.3.1/../../../../arm-none-eabi/lib/thumb/v7-m/nofp/libc.a(lib_a-signal.o)
                0x0000000008005580                raise
 .text._kill_r  0x00000000080055dc       0x28 /Applications/ARM/bin/../lib/gcc/arm-none-eabi/10.3.1/../../../../arm-none-eabi/lib/thumb/v7-m/nofp/libc.a(lib_a-signalr.o)
                0x00000000080055dc                _kill_r
 .text._getpid_r
                0x0000000008005604        0x4 /Applications/ARM/bin/../lib/gcc/arm-none-eabi/10.3.1/../../../../arm-none-eabi/lib/thumb/v7-m/nofp/libc.a(lib_a-signalr.o)
                0x0000000008005604                _getpid_r
 .text.__register_exitproc
                0x0000000008005608       0x8c /Applications/ARM/bin/../lib/gcc/arm-none-eabi/10.3.1/../../../../arm-none-eabi/lib/thumb/v7-m/nofp/libc.a(lib_a-__atexit.o)
                0x0000000008005608                __register_exitproc
 .text.startup.register_fini
                0x0000000008005694       0x14 /Applications/ARM/bin/../lib/gcc/arm-none-eabi/10.3.1/../../../../arm-none-eabi/lib/thumb/v7-m/nofp/libc.a(lib_a-__call_atexit.o)
 .text.atexit   0x00000000080056a8        0xc /Applications/ARM/bin/../lib/gcc/arm-none-eabi/10.3.1/../../../../arm-none-eabi/lib/thumb/v7-m/nofp/libc.a(lib_a-atexit.o)
                0x00000000080056a8                atexit
 .text.__libc_fini_array
                0x00000000080056b4       0x2c /Applications/ARM/bin/../lib/gcc/arm-none-eabi/10.3.1/../../../../arm-none-eabi/lib/thumb/v7-m/nofp/libc.a(lib_a-fini.o)
                0x00000000080056b4                __libc_fini_array
 .text.__retarget_lock_acquire_recursive
                0x00000000080056e0        0x4 /Applications/ARM/bin/../lib/gcc/arm-none-eabi/10.3.1/../../../../arm-none-eabi/lib/thumb/v7-m/nofp/libc.a(lib_a-lock.o)
                0x00000000080056e0                __retarget_lock_acquire_recursive
 .text.__retarget_lock_release_recursive
                0x00000000080056e4        0x4 /Applications/ARM/bin/../lib/gcc/arm-none-eabi/10.3.1/../../../../arm-none-eabi/lib/thumb/v7-m/nofp/libc.a(lib_a-lock.o)
                0x00000000080056e4                __retarget_lock_release_recursive
 *(.glue_7)
 .glue_7        0x00000000080056e8        0x0 linker stubs
 *(.glue_7t)
 .glue_7t       0x00000000080056e8        0x0 linker stubs
 *(.eh_frame)
 .eh_frame      0x00000000080056e8        0x0 /Applications/ARM/bin/../lib/gcc/arm-none-eabi/10.3.1/thumb/v7-m/nofp/crtbegin.o
 *(.init)
 .init          0x00000000080056e8        0x4 /Applications/ARM/bin/../lib/gcc/arm-none-eabi/10.3.1/thumb/v7-m/nofp/crti.o
                0x00000000080056e8                _init
 .init          0x00000000080056ec        0x8 /Applications/ARM/bin/../lib/gcc/arm-none-eabi/10.3.1/thumb/v7-m/nofp/crtn.o
 *(.fini)
 .fini          0x00000000080056f4        0x4 /Applications/ARM/bin/../lib/gcc/arm-none-eabi/10.3.1/thumb/v7-m/nofp/crti.o
                0x00000000080056f4                _fini
 .fini          0x00000000080056f8        0x8 /Applications/ARM/bin/../lib/gcc/arm-none-eabi/10.3.1/thumb/v7-m/nofp/crtn.o
                0x0000000008005700                . = ALIGN (0x4)
                0x0000000008005700                _etext = .

.vfp11_veneer   0x0000000008005700        0x0
 .vfp11_veneer  0x0000000008005700        0x0 linker stubs

.v4_bx          0x0000000008005700        0x0
 .v4_bx         0x0000000008005700        0x0 linker stubs

.iplt           0x0000000008005700        0x0
 .iplt          0x0000000008005700        0x0 /Applications/ARM/bin/../lib/gcc/arm-none-eabi/10.3.1/thumb/v7-m/nofp/crtbegin.o

.rodata         0x0000000008005700       0x74
                0x0000000008005700                . = ALIGN (0x4)
 *(.rodata)
 *(.rodata*)
 .rodata.str1.4
                0x0000000008005700        0xe CMakeFiles/ReliableBinaryTransferF1Demo.elf.dir/Core/Src/freertos.c.obj
 *fill*         0x000000000800570e        0x2 
 .rodata.recvMasterCmd_attributes
                0x0000000008005710       0x24 CMakeFiles/ReliableBinaryTransferF1Demo.elf.dir/Core/Src/freertos.c.obj
                0x0000000008005710                recvMasterCmd_attributes
 .rodata.AHBPrescTable
                0x0000000008005734       0x10 CMakeFiles/ReliableBinaryTransferF1Demo.elf.dir/Core/Src/system_stm32f1xx.c.obj
                0x0000000008005734                AHBPrescTable
 .rodata.APBPrescTable
                0x0000000008005744        0x8 CMakeFiles/ReliableBinaryTransferF1Demo.elf.dir/Core/Src/system_stm32f1xx.c.obj
                0x0000000008005744                APBPrescTable
 .rodata.aPLLMULFactorTable.1
                0x000000000800574c       0x10 CMakeFiles/ReliableBinaryTransferF1Demo.elf.dir/Drivers/STM32F1xx_HAL_Driver/Src/stm32f1xx_hal_rcc.c.obj
 .rodata.aPredivFactorTable.0
                0x000000000800575c        0x2 CMakeFiles/ReliableBinaryTransferF1Demo.elf.dir/Drivers/STM32F1xx_HAL_Driver/Src/stm32f1xx_hal_rcc.c.obj
 *fill*         0x000000000800575e        0x2 
 .rodata.xTimerCreateTimerTask.str1.4
                0x0000000008005760       0x10 CMakeFiles/ReliableBinaryTransferF1Demo.elf.dir/Middlewares/Third_Party/FreeRTOS/Source/timers.c.obj
 .rodata._global_impure_ptr
                0x0000000008005770        0x4 /Applications/ARM/bin/../lib/gcc/arm-none-eabi/10.3.1/../../../../arm-none-eabi/lib/thumb/v7-m/nofp/libc.a(lib_a-impure.o)
                0x0000000008005770                _global_impure_ptr
                0x0000000008005774                . = ALIGN (0x4)

.ARM.extab      0x0000000008005774       0x18
                0x0000000008005774                . = ALIGN (0x4)
 *(.ARM.extab* .gnu.linkonce.armextab.*)
 .ARM.extab     0x0000000008005774       0x18 /Applications/ARM/bin/../lib/gcc/arm-none-eabi/10.3.1/thumb/v7-m/nofp/libgcc.a(pr-support.o)
                0x000000000800578c                . = ALIGN (0x4)

.ARM            0x000000000800578c      0x140
                0x000000000800578c                . = ALIGN (0x4)
                0x000000000800578c                __exidx_start = .
 *(.ARM.exidx*)
 .ARM.exidx.text.RobotInit
                0x0000000008005844        0x0 CMakeFiles/ReliableBinaryTransferF1Demo.elf.dir/Core/Src/RobotMain.cpp.obj
                                          0x8 (size before relaxing)
 .ARM.exidx.text.RobotTest
                0x0000000008005844        0x8 CMakeFiles/ReliableBinaryTransferF1Demo.elf.dir/Core/Src/RobotMain.cpp.obj
 .ARM.exidx.text.OnHAL_UARTEx_RxEventCallback
                0x000000000800584c        0x8 CMakeFiles/ReliableBinaryTransferF1Demo.elf.dir/Core/Src/RobotMain.cpp.obj
 .ARM.exidx.text.OnHAL_UART_TxCpltCallback
                0x0000000008005854        0x0 CMakeFiles/ReliableBinaryTransferF1Demo.elf.dir/Core/Src/RobotMain.cpp.obj
                                          0x8 (size before relaxing)
 .ARM.exidx.text.OnHAL_UART_RxCpltCallback
                0x0000000008005854        0x0 CMakeFiles/ReliableBinaryTransferF1Demo.elf.dir/Core/Src/RobotMain.cpp.obj
                                          0x8 (size before relaxing)
 .ARM.exidx.text.OnHAL_UART_ErrorCallback
                0x0000000008005854        0x0 CMakeFiles/ReliableBinaryTransferF1Demo.elf.dir/Core/Src/RobotMain.cpp.obj
                                          0x8 (size before relaxing)
 .ARM.exidx.text.startup._GLOBAL__sub_I_circular_buffer
                0x0000000008005854        0x0 CMakeFiles/ReliableBinaryTransferF1Demo.elf.dir/Core/Src/RobotMain.cpp.obj
                                          0x8 (size before relaxing)
 .ARM.exidx.text._ZN14CircularBufferC2Ev
                0x0000000008005854        0x0 CMakeFiles/ReliableBinaryTransferF1Demo.elf.dir/rdk/core/transfer/circular_buffer.cpp.obj
                                          0x8 (size before relaxing)
 .ARM.exidx.text._ZN14CircularBufferD2Ev
                0x0000000008005854        0x0 CMakeFiles/ReliableBinaryTransferF1Demo.elf.dir/rdk/core/transfer/circular_buffer.cpp.obj
                                          0x8 (size before relaxing)
 .ARM.exidx.text._ZN14CircularBuffer9push_backEh
                0x0000000008005854        0x0 CMakeFiles/ReliableBinaryTransferF1Demo.elf.dir/rdk/core/transfer/circular_buffer.cpp.obj
                                          0x8 (size before relaxing)
 .ARM.exidx.text._ZN14CircularBuffer9pop_frontEv
                0x0000000008005854        0x0 CMakeFiles/ReliableBinaryTransferF1Demo.elf.dir/rdk/core/transfer/circular_buffer.cpp.obj
                                          0x8 (size before relaxing)
 .ARM.exidx.text._ZN14CircularBuffer9availableEv
                0x0000000008005854        0x0 CMakeFiles/ReliableBinaryTransferF1Demo.elf.dir/rdk/core/transfer/circular_buffer.cpp.obj
                                          0x8 (size before relaxing)
 .ARM.exidx.text._ZN14Crc8CalculatorC2Eh
                0x0000000008005854        0x0 CMakeFiles/ReliableBinaryTransferF1Demo.elf.dir/rdk/core/transfer/crc.cpp.obj
                                          0x8 (size before relaxing)
 .ARM.exidx.text._ZN14Crc8CalculatorD2Ev
                0x0000000008005854        0x0 CMakeFiles/ReliableBinaryTransferF1Demo.elf.dir/rdk/core/transfer/crc.cpp.obj
                                          0x8 (size before relaxing)
 .ARM.exidx.text._ZN14Crc8Calculator13process_bytesEPhj
                0x0000000008005854        0x0 CMakeFiles/ReliableBinaryTransferF1Demo.elf.dir/rdk/core/transfer/crc.cpp.obj
                                          0x8 (size before relaxing)
 .ARM.exidx.text._ZN14Crc8Calculator8checksumEv
                0x0000000008005854        0x0 CMakeFiles/ReliableBinaryTransferF1Demo.elf.dir/rdk/core/transfer/crc.cpp.obj
                                          0x8 (size before relaxing)
 .ARM.exidx.text._ZN22ReliableBinaryTransferC2EP10SerialPortP14Crc8Calculator
                0x0000000008005854        0x8 CMakeFiles/ReliableBinaryTransferF1Demo.elf.dir/rdk/core/transfer/reliable_binary_transfer.cpp.obj
 .ARM.exidx.text._ZN22ReliableBinaryTransferD2Ev
                0x000000000800585c        0x8 CMakeFiles/ReliableBinaryTransferF1Demo.elf.dir/rdk/core/transfer/reliable_binary_transfer.cpp.obj
 .ARM.exidx.text._ZN22ReliableBinaryTransfer11recv_binaryEPhji
                0x0000000008005864        0x8 CMakeFiles/ReliableBinaryTransferF1Demo.elf.dir/rdk/core/transfer/reliable_binary_transfer.cpp.obj
 .ARM.exidx.text._ZN22ReliableBinaryTransfer16send_binary_onceEPhj
                0x000000000800586c        0x8 CMakeFiles/ReliableBinaryTransferF1Demo.elf.dir/rdk/core/transfer/reliable_binary_transfer.cpp.obj
 .ARM.exidx.text._ZN22ReliableBinaryTransfer11send_binaryEPhj
                0x0000000008005874        0x8 CMakeFiles/ReliableBinaryTransferF1Demo.elf.dir/rdk/core/transfer/reliable_binary_transfer.cpp.obj
 .ARM.exidx.text._ZN10SerialPortC2EP20__UART_HandleTypeDefP14CircularBuffer
                0x000000000800587c        0x8 CMakeFiles/ReliableBinaryTransferF1Demo.elf.dir/rdk/core/transfer/serial_port.cpp.obj
 .ARM.exidx.text._ZN10SerialPortD2Ev
                0x0000000008005884        0x0 CMakeFiles/ReliableBinaryTransferF1Demo.elf.dir/rdk/core/transfer/serial_port.cpp.obj
                                          0x8 (size before relaxing)
 .ARM.exidx.text._ZN10SerialPort5startEv
                0x0000000008005884        0x0 CMakeFiles/ReliableBinaryTransferF1Demo.elf.dir/rdk/core/transfer/serial_port.cpp.obj
                                          0x8 (size before relaxing)
 .ARM.exidx.text._ZN10SerialPort28OnHAL_UARTEx_RxEventCallbackEP20__UART_HandleTypeDeft
                0x0000000008005884        0x8 CMakeFiles/ReliableBinaryTransferF1Demo.elf.dir/rdk/core/transfer/serial_port.cpp.obj
 .ARM.exidx.text._ZN10SerialPort25OnHAL_UART_TxCpltCallbackEP20__UART_HandleTypeDef
                0x000000000800588c        0x8 CMakeFiles/ReliableBinaryTransferF1Demo.elf.dir/rdk/core/transfer/serial_port.cpp.obj
 .ARM.exidx.text._ZN10SerialPort25OnHAL_UART_RxCpltCallbackEP20__UART_HandleTypeDef
                0x0000000008005894        0x0 CMakeFiles/ReliableBinaryTransferF1Demo.elf.dir/rdk/core/transfer/serial_port.cpp.obj
                                          0x8 (size before relaxing)
 .ARM.exidx.text._ZN10SerialPort24OnHAL_UART_ErrorCallbackEP20__UART_HandleTypeDef
                0x0000000008005894        0x8 CMakeFiles/ReliableBinaryTransferF1Demo.elf.dir/rdk/core/transfer/serial_port.cpp.obj
 .ARM.exidx.text._ZN10SerialPort5writeEPhj
                0x000000000800589c        0x8 CMakeFiles/ReliableBinaryTransferF1Demo.elf.dir/rdk/core/transfer/serial_port.cpp.obj
 .ARM.exidx.text._ZN10SerialPort4readEPhji
                0x00000000080058a4        0x8 CMakeFiles/ReliableBinaryTransferF1Demo.elf.dir/rdk/core/transfer/serial_port.cpp.obj
 .ARM.exidx.text._ZN20SimpleBinaryTransferC2EP10SerialPortP14Crc8Calculator
                0x00000000080058ac        0x8 CMakeFiles/ReliableBinaryTransferF1Demo.elf.dir/rdk/core/transfer/simple_binary_transfer.cpp.obj
 .ARM.exidx.text._ZN20SimpleBinaryTransferD2Ev
                0x00000000080058b4        0x0 CMakeFiles/ReliableBinaryTransferF1Demo.elf.dir/rdk/core/transfer/simple_binary_transfer.cpp.obj
                                          0x8 (size before relaxing)
 .ARM.exidx.text._ZN20SimpleBinaryTransfer11send_binaryEPhj
                0x00000000080058b4        0x8 CMakeFiles/ReliableBinaryTransferF1Demo.elf.dir/rdk/core/transfer/simple_binary_transfer.cpp.obj
 .ARM.exidx.text._ZN20SimpleBinaryTransfer11recv_binaryEPhji
                0x00000000080058bc        0x8 CMakeFiles/ReliableBinaryTransferF1Demo.elf.dir/rdk/core/transfer/simple_binary_transfer.cpp.obj
 .ARM.exidx.text.__aeabi_atexit
                0x00000000080058c4        0x8 /Applications/ARM/bin/../lib/gcc/arm-none-eabi/10.3.1/../../../../arm-none-eabi/lib/thumb/v7-m/nofp/libstdc++.a(atexit_arm.o)
 .ARM.exidx     0x000000000800578c       0x80 /Applications/ARM/bin/../lib/gcc/arm-none-eabi/10.3.1/thumb/v7-m/nofp/libgcc.a(unwind-arm.o)
                                         0xd8 (size before relaxing)
 .ARM.exidx     0x000000000800580c       0x38 /Applications/ARM/bin/../lib/gcc/arm-none-eabi/10.3.1/thumb/v7-m/nofp/libgcc.a(pr-support.o)
                0x00000000080058cc                __exidx_end = .
                0x00000000080058cc                . = ALIGN (0x4)

.rel.dyn        0x00000000080058cc        0x0
 .rel.iplt      0x00000000080058cc        0x0 /Applications/ARM/bin/../lib/gcc/arm-none-eabi/10.3.1/thumb/v7-m/nofp/crtbegin.o

.preinit_array  0x00000000080058cc        0x0
                0x00000000080058cc                . = ALIGN (0x4)
                0x00000000080058cc                PROVIDE (__preinit_array_start = .)
 *(.preinit_array*)
                0x00000000080058cc                PROVIDE (__preinit_array_end = .)
                0x00000000080058cc                . = ALIGN (0x4)

.init_array     0x00000000080058cc        0xc
                0x00000000080058cc                . = ALIGN (0x4)
                0x00000000080058cc                PROVIDE (__init_array_start = .)
 *(SORT_BY_NAME(.init_array.*))
 .init_array.00000
                0x00000000080058cc        0x4 /Applications/ARM/bin/../lib/gcc/arm-none-eabi/10.3.1/../../../../arm-none-eabi/lib/thumb/v7-m/nofp/libc.a(lib_a-__call_atexit.o)
 *(.init_array*)
 .init_array    0x00000000080058d0        0x4 /Applications/ARM/bin/../lib/gcc/arm-none-eabi/10.3.1/thumb/v7-m/nofp/crtbegin.o
 .init_array    0x00000000080058d4        0x4 CMakeFiles/ReliableBinaryTransferF1Demo.elf.dir/Core/Src/RobotMain.cpp.obj
                0x00000000080058d8                PROVIDE (__init_array_end = .)
                0x00000000080058d8                . = ALIGN (0x4)

.fini_array     0x00000000080058d8        0x4
                0x00000000080058d8                . = ALIGN (0x4)
                0x00000000080058d8                PROVIDE (__fini_array_start = .)
 *(SORT_BY_NAME(.fini_array.*))
 *(.fini_array*)
 .fini_array    0x00000000080058d8        0x4 /Applications/ARM/bin/../lib/gcc/arm-none-eabi/10.3.1/thumb/v7-m/nofp/crtbegin.o
                0x00000000080058dc                PROVIDE (__fini_array_end = .)
                0x00000000080058dc                . = ALIGN (0x4)
                0x00000000080058dc                _sidata = LOADADDR (.data)

.data           0x0000000020000000      0x444 load address 0x00000000080058dc
                0x0000000020000000                . = ALIGN (0x4)
                0x0000000020000000                _sdata = .
 *(.data)
 .data          0x0000000020000000        0x4 /Applications/ARM/bin/../lib/gcc/arm-none-eabi/10.3.1/thumb/v7-m/nofp/crtbegin.o
                0x0000000020000000                __dso_handle
 *(.data*)
 .data.SystemCoreClock
                0x0000000020000004        0x4 CMakeFiles/ReliableBinaryTransferF1Demo.elf.dir/Core/Src/system_stm32f1xx.c.obj
                0x0000000020000004                SystemCoreClock
 .data.uwTickFreq
                0x0000000020000008        0x1 CMakeFiles/ReliableBinaryTransferF1Demo.elf.dir/Drivers/STM32F1xx_HAL_Driver/Src/stm32f1xx_hal.c.obj
                0x0000000020000008                uwTickFreq
 *fill*         0x0000000020000009        0x3 
 .data.uwTickPrio
                0x000000002000000c        0x4 CMakeFiles/ReliableBinaryTransferF1Demo.elf.dir/Drivers/STM32F1xx_HAL_Driver/Src/stm32f1xx_hal.c.obj
                0x000000002000000c                uwTickPrio
 .data.uxCriticalNesting
                0x0000000020000010        0x4 CMakeFiles/ReliableBinaryTransferF1Demo.elf.dir/Middlewares/Third_Party/FreeRTOS/Source/portable/GCC/ARM_CM3/port.c.obj
 .data._impure_ptr
                0x0000000020000014        0x4 /Applications/ARM/bin/../lib/gcc/arm-none-eabi/10.3.1/../../../../arm-none-eabi/lib/thumb/v7-m/nofp/libc.a(lib_a-impure.o)
                0x0000000020000014                _impure_ptr
 .data.impure_data
                0x0000000020000018      0x428 /Applications/ARM/bin/../lib/gcc/arm-none-eabi/10.3.1/../../../../arm-none-eabi/lib/thumb/v7-m/nofp/libc.a(lib_a-impure.o)
 .data.__atexit_recursive_mutex
                0x0000000020000440        0x4 /Applications/ARM/bin/../lib/gcc/arm-none-eabi/10.3.1/../../../../arm-none-eabi/lib/thumb/v7-m/nofp/libc.a(lib_a-__call_atexit.o)
                0x0000000020000440                __atexit_recursive_mutex
 *(.RamFunc)
 *(.RamFunc*)
                0x0000000020000444                . = ALIGN (0x4)
                0x0000000020000444                _edata = .

.igot.plt       0x0000000020000444        0x0 load address 0x0000000008005d20
 .igot.plt      0x0000000020000444        0x0 /Applications/ARM/bin/../lib/gcc/arm-none-eabi/10.3.1/thumb/v7-m/nofp/crtbegin.o
                0x0000000020000444                . = ALIGN (0x4)

.bss            0x0000000020000448     0x3c18 load address 0x0000000008005d20
                0x0000000020000448                _sbss = .
                0x0000000020000448                __bss_start__ = _sbss
 *(.bss)
 .bss           0x0000000020000448       0x1c /Applications/ARM/bin/../lib/gcc/arm-none-eabi/10.3.1/thumb/v7-m/nofp/crtbegin.o
 *(.bss*)
 .bss.circular_buffer
                0x0000000020000464      0x410 CMakeFiles/ReliableBinaryTransferF1Demo.elf.dir/Core/Src/RobotMain.cpp.obj
                0x0000000020000464                circular_buffer
 .bss.crc8_calculator
                0x0000000020000874      0x102 CMakeFiles/ReliableBinaryTransferF1Demo.elf.dir/Core/Src/RobotMain.cpp.obj
                0x0000000020000874                crc8_calculator
 *fill*         0x0000000020000976        0x2 
 .bss.serial_port
                0x0000000020000978      0x414 CMakeFiles/ReliableBinaryTransferF1Demo.elf.dir/Core/Src/RobotMain.cpp.obj
                0x0000000020000978                serial_port
 .bss.transfer  0x0000000020000d8c      0x4a8 CMakeFiles/ReliableBinaryTransferF1Demo.elf.dir/Core/Src/RobotMain.cpp.obj
                0x0000000020000d8c                transfer
 .bss.recvMasterCmdHandle
                0x0000000020001234        0x4 CMakeFiles/ReliableBinaryTransferF1Demo.elf.dir/Core/Src/freertos.c.obj
                0x0000000020001234                recvMasterCmdHandle
 .bss.htim4     0x0000000020001238       0x48 CMakeFiles/ReliableBinaryTransferF1Demo.elf.dir/Core/Src/stm32f1xx_hal_timebase_tim.c.obj
                0x0000000020001238                htim4
 .bss.hdma_usart1_rx
                0x0000000020001280       0x44 CMakeFiles/ReliableBinaryTransferF1Demo.elf.dir/Core/Src/usart.c.obj
                0x0000000020001280                hdma_usart1_rx
 .bss.huart1    0x00000000200012c4       0x48 CMakeFiles/ReliableBinaryTransferF1Demo.elf.dir/Core/Src/usart.c.obj
                0x00000000200012c4                huart1
 .bss.uwTick    0x000000002000130c        0x4 CMakeFiles/ReliableBinaryTransferF1Demo.elf.dir/Drivers/STM32F1xx_HAL_Driver/Src/stm32f1xx_hal.c.obj
                0x000000002000130c                uwTick
 .bss.Idle_Stack
                0x0000000020001310      0x200 CMakeFiles/ReliableBinaryTransferF1Demo.elf.dir/Middlewares/Third_Party/FreeRTOS/Source/CMSIS_RTOS_V2/cmsis_os2.c.obj
 .bss.Idle_TCB  0x0000000020001510       0x5c CMakeFiles/ReliableBinaryTransferF1Demo.elf.dir/Middlewares/Third_Party/FreeRTOS/Source/CMSIS_RTOS_V2/cmsis_os2.c.obj
 .bss.KernelState
                0x000000002000156c        0x4 CMakeFiles/ReliableBinaryTransferF1Demo.elf.dir/Middlewares/Third_Party/FreeRTOS/Source/CMSIS_RTOS_V2/cmsis_os2.c.obj
 .bss.Timer_Stack
                0x0000000020001570      0x400 CMakeFiles/ReliableBinaryTransferF1Demo.elf.dir/Middlewares/Third_Party/FreeRTOS/Source/CMSIS_RTOS_V2/cmsis_os2.c.obj
 .bss.Timer_TCB
                0x0000000020001970       0x5c CMakeFiles/ReliableBinaryTransferF1Demo.elf.dir/Middlewares/Third_Party/FreeRTOS/Source/CMSIS_RTOS_V2/cmsis_os2.c.obj
 .bss.ucMaxSysCallPriority
                0x00000000200019cc        0x1 CMakeFiles/ReliableBinaryTransferF1Demo.elf.dir/Middlewares/Third_Party/FreeRTOS/Source/portable/GCC/ARM_CM3/port.c.obj
 *fill*         0x00000000200019cd        0x3 
 .bss.ulMaxPRIGROUPValue
                0x00000000200019d0        0x4 CMakeFiles/ReliableBinaryTransferF1Demo.elf.dir/Middlewares/Third_Party/FreeRTOS/Source/portable/GCC/ARM_CM3/port.c.obj
 .bss.pxEnd     0x00000000200019d4        0x4 CMakeFiles/ReliableBinaryTransferF1Demo.elf.dir/Middlewares/Third_Party/FreeRTOS/Source/portable/MemMang/heap_4.c.obj
 .bss.ucHeap    0x00000000200019d8     0x2000 CMakeFiles/ReliableBinaryTransferF1Demo.elf.dir/Middlewares/Third_Party/FreeRTOS/Source/portable/MemMang/heap_4.c.obj
 .bss.xBlockAllocatedBit
                0x00000000200039d8        0x4 CMakeFiles/ReliableBinaryTransferF1Demo.elf.dir/Middlewares/Third_Party/FreeRTOS/Source/portable/MemMang/heap_4.c.obj
 .bss.xFreeBytesRemaining
                0x00000000200039dc        0x4 CMakeFiles/ReliableBinaryTransferF1Demo.elf.dir/Middlewares/Third_Party/FreeRTOS/Source/portable/MemMang/heap_4.c.obj
 .bss.xMinimumEverFreeBytesRemaining
                0x00000000200039e0        0x4 CMakeFiles/ReliableBinaryTransferF1Demo.elf.dir/Middlewares/Third_Party/FreeRTOS/Source/portable/MemMang/heap_4.c.obj
 .bss.xStart    0x00000000200039e4        0x8 CMakeFiles/ReliableBinaryTransferF1Demo.elf.dir/Middlewares/Third_Party/FreeRTOS/Source/portable/MemMang/heap_4.c.obj
 *fill*         0x00000000200039ec        0x4 
 .bss.xQueueRegistry
                0x00000000200039f0       0x40 CMakeFiles/ReliableBinaryTransferF1Demo.elf.dir/Middlewares/Third_Party/FreeRTOS/Source/queue.c.obj
                0x00000000200039f0                xQueueRegistry
 .bss.pxCurrentTCB
                0x0000000020003a30        0x4 CMakeFiles/ReliableBinaryTransferF1Demo.elf.dir/Middlewares/Third_Party/FreeRTOS/Source/tasks.c.obj
                0x0000000020003a30                pxCurrentTCB
 .bss.pxDelayedTaskList
                0x0000000020003a34        0x4 CMakeFiles/ReliableBinaryTransferF1Demo.elf.dir/Middlewares/Third_Party/FreeRTOS/Source/tasks.c.obj
 .bss.pxOverflowDelayedTaskList
                0x0000000020003a38        0x4 CMakeFiles/ReliableBinaryTransferF1Demo.elf.dir/Middlewares/Third_Party/FreeRTOS/Source/tasks.c.obj
 .bss.pxReadyTasksLists
                0x0000000020003a3c      0x460 CMakeFiles/ReliableBinaryTransferF1Demo.elf.dir/Middlewares/Third_Party/FreeRTOS/Source/tasks.c.obj
 .bss.uxCurrentNumberOfTasks
                0x0000000020003e9c        0x4 CMakeFiles/ReliableBinaryTransferF1Demo.elf.dir/Middlewares/Third_Party/FreeRTOS/Source/tasks.c.obj
 .bss.uxDeletedTasksWaitingCleanUp
                0x0000000020003ea0        0x4 CMakeFiles/ReliableBinaryTransferF1Demo.elf.dir/Middlewares/Third_Party/FreeRTOS/Source/tasks.c.obj
 .bss.uxPendedTicks
                0x0000000020003ea4        0x4 CMakeFiles/ReliableBinaryTransferF1Demo.elf.dir/Middlewares/Third_Party/FreeRTOS/Source/tasks.c.obj
 .bss.uxSchedulerSuspended
                0x0000000020003ea8        0x4 CMakeFiles/ReliableBinaryTransferF1Demo.elf.dir/Middlewares/Third_Party/FreeRTOS/Source/tasks.c.obj
 .bss.uxTaskNumber
                0x0000000020003eac        0x4 CMakeFiles/ReliableBinaryTransferF1Demo.elf.dir/Middlewares/Third_Party/FreeRTOS/Source/tasks.c.obj
 .bss.uxTopReadyPriority
                0x0000000020003eb0        0x4 CMakeFiles/ReliableBinaryTransferF1Demo.elf.dir/Middlewares/Third_Party/FreeRTOS/Source/tasks.c.obj
 .bss.xDelayedTaskList1
                0x0000000020003eb4       0x14 CMakeFiles/ReliableBinaryTransferF1Demo.elf.dir/Middlewares/Third_Party/FreeRTOS/Source/tasks.c.obj
 .bss.xDelayedTaskList2
                0x0000000020003ec8       0x14 CMakeFiles/ReliableBinaryTransferF1Demo.elf.dir/Middlewares/Third_Party/FreeRTOS/Source/tasks.c.obj
 .bss.xNextTaskUnblockTime
                0x0000000020003edc        0x4 CMakeFiles/ReliableBinaryTransferF1Demo.elf.dir/Middlewares/Third_Party/FreeRTOS/Source/tasks.c.obj
 .bss.xNumOfOverflows
                0x0000000020003ee0        0x4 CMakeFiles/ReliableBinaryTransferF1Demo.elf.dir/Middlewares/Third_Party/FreeRTOS/Source/tasks.c.obj
 .bss.xPendingReadyList
                0x0000000020003ee4       0x14 CMakeFiles/ReliableBinaryTransferF1Demo.elf.dir/Middlewares/Third_Party/FreeRTOS/Source/tasks.c.obj
 .bss.xSchedulerRunning
                0x0000000020003ef8        0x4 CMakeFiles/ReliableBinaryTransferF1Demo.elf.dir/Middlewares/Third_Party/FreeRTOS/Source/tasks.c.obj
 .bss.xSuspendedTaskList
                0x0000000020003efc       0x14 CMakeFiles/ReliableBinaryTransferF1Demo.elf.dir/Middlewares/Third_Party/FreeRTOS/Source/tasks.c.obj
 .bss.xTasksWaitingTermination
                0x0000000020003f10       0x14 CMakeFiles/ReliableBinaryTransferF1Demo.elf.dir/Middlewares/Third_Party/FreeRTOS/Source/tasks.c.obj
 .bss.xTickCount
                0x0000000020003f24        0x4 CMakeFiles/ReliableBinaryTransferF1Demo.elf.dir/Middlewares/Third_Party/FreeRTOS/Source/tasks.c.obj
 .bss.xYieldPending
                0x0000000020003f28        0x4 CMakeFiles/ReliableBinaryTransferF1Demo.elf.dir/Middlewares/Third_Party/FreeRTOS/Source/tasks.c.obj
 .bss.pxCurrentTimerList
                0x0000000020003f2c        0x4 CMakeFiles/ReliableBinaryTransferF1Demo.elf.dir/Middlewares/Third_Party/FreeRTOS/Source/timers.c.obj
 .bss.pxOverflowTimerList
                0x0000000020003f30        0x4 CMakeFiles/ReliableBinaryTransferF1Demo.elf.dir/Middlewares/Third_Party/FreeRTOS/Source/timers.c.obj
 .bss.ucStaticTimerQueueStorage.1
                0x0000000020003f34       0xa0 CMakeFiles/ReliableBinaryTransferF1Demo.elf.dir/Middlewares/Third_Party/FreeRTOS/Source/timers.c.obj
 .bss.xActiveTimerList1
                0x0000000020003fd4       0x14 CMakeFiles/ReliableBinaryTransferF1Demo.elf.dir/Middlewares/Third_Party/FreeRTOS/Source/timers.c.obj
 .bss.xActiveTimerList2
                0x0000000020003fe8       0x14 CMakeFiles/ReliableBinaryTransferF1Demo.elf.dir/Middlewares/Third_Party/FreeRTOS/Source/timers.c.obj
 .bss.xLastTime.2
                0x0000000020003ffc        0x4 CMakeFiles/ReliableBinaryTransferF1Demo.elf.dir/Middlewares/Third_Party/FreeRTOS/Source/timers.c.obj
 .bss.xStaticTimerQueue.0
                0x0000000020004000       0x50 CMakeFiles/ReliableBinaryTransferF1Demo.elf.dir/Middlewares/Third_Party/FreeRTOS/Source/timers.c.obj
 .bss.xTimerQueue
                0x0000000020004050        0x4 CMakeFiles/ReliableBinaryTransferF1Demo.elf.dir/Middlewares/Third_Party/FreeRTOS/Source/timers.c.obj
 .bss.xTimerTaskHandle
                0x0000000020004054        0x4 CMakeFiles/ReliableBinaryTransferF1Demo.elf.dir/Middlewares/Third_Party/FreeRTOS/Source/timers.c.obj
 .bss.__lock___atexit_recursive_mutex
                0x0000000020004058        0x1 /Applications/ARM/bin/../lib/gcc/arm-none-eabi/10.3.1/../../../../arm-none-eabi/lib/thumb/v7-m/nofp/libc.a(lib_a-lock.o)
                0x0000000020004058                __lock___atexit_recursive_mutex
 *fill*         0x0000000020004059        0x3 
 .bss.errno     0x000000002000405c        0x4 /Applications/ARM/bin/../lib/gcc/arm-none-eabi/10.3.1/../../../../arm-none-eabi/lib/thumb/v7-m/nofp/libc.a(lib_a-reent.o)
                0x000000002000405c                errno
 *(COMMON)
                0x0000000020004060                . = ALIGN (0x4)
                0x0000000020004060                _ebss = .
                0x0000000020004060                __bss_end__ = _ebss

._user_heap_stack
                0x0000000020004060      0x600 load address 0x0000000008005d20
                0x0000000020004060                . = ALIGN (0x8)
                [!provide]                        PROVIDE (end = .)
                0x0000000020004060                PROVIDE (_end = .)
                0x0000000020004260                . = (. + _Min_Heap_Size)
 *fill*         0x0000000020004060      0x200 
                0x0000000020004660                . = (. + _Min_Stack_Size)
 *fill*         0x0000000020004260      0x400 
                0x0000000020004660                . = ALIGN (0x8)

/DISCARD/
 libc.a(*)
 libm.a(*)
 libgcc.a(*)

.ARM.attributes
                0x0000000000000000       0x29
 *(.ARM.attributes)
 .ARM.attributes
                0x0000000000000000       0x1d /Applications/ARM/bin/../lib/gcc/arm-none-eabi/10.3.1/thumb/v7-m/nofp/crti.o
 .ARM.attributes
                0x000000000000001d       0x2d /Applications/ARM/bin/../lib/gcc/arm-none-eabi/10.3.1/thumb/v7-m/nofp/crtbegin.o
 .ARM.attributes
                0x000000000000004a       0x29 CMakeFiles/ReliableBinaryTransferF1Demo.elf.dir/Core/Src/RobotMain.cpp.obj
 .ARM.attributes
                0x0000000000000073       0x29 CMakeFiles/ReliableBinaryTransferF1Demo.elf.dir/Core/Src/dma.c.obj
 .ARM.attributes
                0x000000000000009c       0x29 CMakeFiles/ReliableBinaryTransferF1Demo.elf.dir/Core/Src/freertos.c.obj
 .ARM.attributes
                0x00000000000000c5       0x29 CMakeFiles/ReliableBinaryTransferF1Demo.elf.dir/Core/Src/gpio.c.obj
 .ARM.attributes
                0x00000000000000ee       0x29 CMakeFiles/ReliableBinaryTransferF1Demo.elf.dir/Core/Src/main.c.obj
 .ARM.attributes
                0x0000000000000117       0x29 CMakeFiles/ReliableBinaryTransferF1Demo.elf.dir/Core/Src/stm32f1xx_hal_msp.c.obj
 .ARM.attributes
                0x0000000000000140       0x29 CMakeFiles/ReliableBinaryTransferF1Demo.elf.dir/Core/Src/stm32f1xx_hal_timebase_tim.c.obj
 .ARM.attributes
                0x0000000000000169       0x29 CMakeFiles/ReliableBinaryTransferF1Demo.elf.dir/Core/Src/stm32f1xx_it.c.obj
 .ARM.attributes
                0x0000000000000192       0x29 CMakeFiles/ReliableBinaryTransferF1Demo.elf.dir/Core/Src/syscalls.c.obj
 .ARM.attributes
                0x00000000000001bb       0x29 CMakeFiles/ReliableBinaryTransferF1Demo.elf.dir/Core/Src/system_stm32f1xx.c.obj
 .ARM.attributes
                0x00000000000001e4       0x29 CMakeFiles/ReliableBinaryTransferF1Demo.elf.dir/Core/Src/usart.c.obj
 .ARM.attributes
                0x000000000000020d       0x21 CMakeFiles/ReliableBinaryTransferF1Demo.elf.dir/Core/Startup/startup_stm32f103c8tx.s.obj
 .ARM.attributes
                0x000000000000022e       0x29 CMakeFiles/ReliableBinaryTransferF1Demo.elf.dir/Drivers/STM32F1xx_HAL_Driver/Src/stm32f1xx_hal.c.obj
 .ARM.attributes
                0x0000000000000257       0x29 CMakeFiles/ReliableBinaryTransferF1Demo.elf.dir/Drivers/STM32F1xx_HAL_Driver/Src/stm32f1xx_hal_cortex.c.obj
 .ARM.attributes
                0x0000000000000280       0x29 CMakeFiles/ReliableBinaryTransferF1Demo.elf.dir/Drivers/STM32F1xx_HAL_Driver/Src/stm32f1xx_hal_dma.c.obj
 .ARM.attributes
                0x00000000000002a9       0x29 CMakeFiles/ReliableBinaryTransferF1Demo.elf.dir/Drivers/STM32F1xx_HAL_Driver/Src/stm32f1xx_hal_gpio.c.obj
 .ARM.attributes
                0x00000000000002d2       0x29 CMakeFiles/ReliableBinaryTransferF1Demo.elf.dir/Drivers/STM32F1xx_HAL_Driver/Src/stm32f1xx_hal_rcc.c.obj
 .ARM.attributes
                0x00000000000002fb       0x29 CMakeFiles/ReliableBinaryTransferF1Demo.elf.dir/Drivers/STM32F1xx_HAL_Driver/Src/stm32f1xx_hal_tim.c.obj
 .ARM.attributes
                0x0000000000000324       0x29 CMakeFiles/ReliableBinaryTransferF1Demo.elf.dir/Drivers/STM32F1xx_HAL_Driver/Src/stm32f1xx_hal_tim_ex.c.obj
 .ARM.attributes
                0x000000000000034d       0x29 CMakeFiles/ReliableBinaryTransferF1Demo.elf.dir/Drivers/STM32F1xx_HAL_Driver/Src/stm32f1xx_hal_uart.c.obj
 .ARM.attributes
                0x0000000000000376       0x29 CMakeFiles/ReliableBinaryTransferF1Demo.elf.dir/Middlewares/Third_Party/FreeRTOS/Source/CMSIS_RTOS_V2/cmsis_os2.c.obj
 .ARM.attributes
                0x000000000000039f       0x29 CMakeFiles/ReliableBinaryTransferF1Demo.elf.dir/Middlewares/Third_Party/FreeRTOS/Source/list.c.obj
 .ARM.attributes
                0x00000000000003c8       0x29 CMakeFiles/ReliableBinaryTransferF1Demo.elf.dir/Middlewares/Third_Party/FreeRTOS/Source/portable/GCC/ARM_CM3/port.c.obj
 .ARM.attributes
                0x00000000000003f1       0x29 CMakeFiles/ReliableBinaryTransferF1Demo.elf.dir/Middlewares/Third_Party/FreeRTOS/Source/portable/MemMang/heap_4.c.obj
 .ARM.attributes
                0x000000000000041a       0x29 CMakeFiles/ReliableBinaryTransferF1Demo.elf.dir/Middlewares/Third_Party/FreeRTOS/Source/queue.c.obj
 .ARM.attributes
                0x0000000000000443       0x29 CMakeFiles/ReliableBinaryTransferF1Demo.elf.dir/Middlewares/Third_Party/FreeRTOS/Source/tasks.c.obj
 .ARM.attributes
                0x000000000000046c       0x29 CMakeFiles/ReliableBinaryTransferF1Demo.elf.dir/Middlewares/Third_Party/FreeRTOS/Source/timers.c.obj
 .ARM.attributes
                0x0000000000000495       0x29 CMakeFiles/ReliableBinaryTransferF1Demo.elf.dir/rdk/core/transfer/circular_buffer.cpp.obj
 .ARM.attributes
                0x00000000000004be       0x29 CMakeFiles/ReliableBinaryTransferF1Demo.elf.dir/rdk/core/transfer/crc.cpp.obj
 .ARM.attributes
                0x00000000000004e7       0x29 CMakeFiles/ReliableBinaryTransferF1Demo.elf.dir/rdk/core/transfer/reliable_binary_transfer.cpp.obj
 .ARM.attributes
                0x0000000000000510       0x29 CMakeFiles/ReliableBinaryTransferF1Demo.elf.dir/rdk/core/transfer/serial_port.cpp.obj
 .ARM.attributes
                0x0000000000000539       0x29 CMakeFiles/ReliableBinaryTransferF1Demo.elf.dir/rdk/core/transfer/simple_binary_transfer.cpp.obj
 .ARM.attributes
                0x0000000000000562       0x2d /Applications/ARM/bin/../lib/gcc/arm-none-eabi/10.3.1/../../../../arm-none-eabi/lib/thumb/v7-m/nofp/libstdc++.a(atexit_arm.o)
 .ARM.attributes
                0x000000000000058f       0x2d /Applications/ARM/bin/../lib/gcc/arm-none-eabi/10.3.1/thumb/v7-m/nofp/libgcc.a(unwind-arm.o)
 .ARM.attributes
                0x00000000000005bc       0x1d /Applications/ARM/bin/../lib/gcc/arm-none-eabi/10.3.1/thumb/v7-m/nofp/libgcc.a(libunwind.o)
 .ARM.attributes
                0x00000000000005d9       0x2d /Applications/ARM/bin/../lib/gcc/arm-none-eabi/10.3.1/thumb/v7-m/nofp/libgcc.a(pr-support.o)
 .ARM.attributes
                0x0000000000000606       0x2d /Applications/ARM/bin/../lib/gcc/arm-none-eabi/10.3.1/../../../../arm-none-eabi/lib/thumb/v7-m/nofp/libc.a(lib_a-abort.o)
 .ARM.attributes
                0x0000000000000633       0x2d /Applications/ARM/bin/../lib/gcc/arm-none-eabi/10.3.1/../../../../arm-none-eabi/lib/thumb/v7-m/nofp/libc.a(lib_a-cxa_atexit.o)
 .ARM.attributes
                0x0000000000000660       0x2d /Applications/ARM/bin/../lib/gcc/arm-none-eabi/10.3.1/../../../../arm-none-eabi/lib/thumb/v7-m/nofp/libc.a(lib_a-errno.o)
 .ARM.attributes
                0x000000000000068d       0x2d /Applications/ARM/bin/../lib/gcc/arm-none-eabi/10.3.1/../../../../arm-none-eabi/lib/thumb/v7-m/nofp/libc.a(lib_a-impure.o)
 .ARM.attributes
                0x00000000000006ba       0x2d /Applications/ARM/bin/../lib/gcc/arm-none-eabi/10.3.1/../../../../arm-none-eabi/lib/thumb/v7-m/nofp/libc.a(lib_a-init.o)
 .ARM.attributes
                0x00000000000006e7       0x1b /Applications/ARM/bin/../lib/gcc/arm-none-eabi/10.3.1/../../../../arm-none-eabi/lib/thumb/v7-m/nofp/libc.a(lib_a-memcpy.o)
 .ARM.attributes
                0x0000000000000702       0x2d /Applications/ARM/bin/../lib/gcc/arm-none-eabi/10.3.1/../../../../arm-none-eabi/lib/thumb/v7-m/nofp/libc.a(lib_a-memset.o)
 .ARM.attributes
                0x000000000000072f       0x2d /Applications/ARM/bin/../lib/gcc/arm-none-eabi/10.3.1/../../../../arm-none-eabi/lib/thumb/v7-m/nofp/libc.a(lib_a-signal.o)
 .ARM.attributes
                0x000000000000075c       0x2d /Applications/ARM/bin/../lib/gcc/arm-none-eabi/10.3.1/../../../../arm-none-eabi/lib/thumb/v7-m/nofp/libc.a(lib_a-signalr.o)
 .ARM.attributes
                0x0000000000000789       0x2d /Applications/ARM/bin/../lib/gcc/arm-none-eabi/10.3.1/../../../../arm-none-eabi/lib/thumb/v7-m/nofp/libc.a(lib_a-__atexit.o)
 .ARM.attributes
                0x00000000000007b6       0x2d /Applications/ARM/bin/../lib/gcc/arm-none-eabi/10.3.1/../../../../arm-none-eabi/lib/thumb/v7-m/nofp/libc.a(lib_a-__call_atexit.o)
 .ARM.attributes
                0x00000000000007e3       0x2d /Applications/ARM/bin/../lib/gcc/arm-none-eabi/10.3.1/../../../../arm-none-eabi/lib/thumb/v7-m/nofp/libc.a(lib_a-atexit.o)
 .ARM.attributes
                0x0000000000000810       0x2d /Applications/ARM/bin/../lib/gcc/arm-none-eabi/10.3.1/../../../../arm-none-eabi/lib/thumb/v7-m/nofp/libc.a(lib_a-fini.o)
 .ARM.attributes
                0x000000000000083d       0x2d /Applications/ARM/bin/../lib/gcc/arm-none-eabi/10.3.1/../../../../arm-none-eabi/lib/thumb/v7-m/nofp/libc.a(lib_a-lock.o)
 .ARM.attributes
                0x000000000000086a       0x2d /Applications/ARM/bin/../lib/gcc/arm-none-eabi/10.3.1/../../../../arm-none-eabi/lib/thumb/v7-m/nofp/libc.a(lib_a-reent.o)
 .ARM.attributes
                0x0000000000000897       0x1d /Applications/ARM/bin/../lib/gcc/arm-none-eabi/10.3.1/thumb/v7-m/nofp/crtn.o
OUTPUT(ReliableBinaryTransferF1Demo.elf elf32-littlearm)
LOAD linker stubs
LOAD /Applications/ARM/bin/../lib/gcc/arm-none-eabi/10.3.1/../../../../arm-none-eabi/lib/thumb/v7-m/nofp/libc.a
LOAD /Applications/ARM/bin/../lib/gcc/arm-none-eabi/10.3.1/../../../../arm-none-eabi/lib/thumb/v7-m/nofp/libm.a
LOAD /Applications/ARM/bin/../lib/gcc/arm-none-eabi/10.3.1/thumb/v7-m/nofp/libgcc.a

.comment        0x0000000000000000       0x49
 .comment       0x0000000000000000       0x49 CMakeFiles/ReliableBinaryTransferF1Demo.elf.dir/Core/Src/RobotMain.cpp.obj
                                         0x4a (size before relaxing)
 .comment       0x0000000000000049       0x4a CMakeFiles/ReliableBinaryTransferF1Demo.elf.dir/Core/Src/dma.c.obj
 .comment       0x0000000000000049       0x4a CMakeFiles/ReliableBinaryTransferF1Demo.elf.dir/Core/Src/freertos.c.obj
 .comment       0x0000000000000049       0x4a CMakeFiles/ReliableBinaryTransferF1Demo.elf.dir/Core/Src/gpio.c.obj
 .comment       0x0000000000000049       0x4a CMakeFiles/ReliableBinaryTransferF1Demo.elf.dir/Core/Src/main.c.obj
 .comment       0x0000000000000049       0x4a CMakeFiles/ReliableBinaryTransferF1Demo.elf.dir/Core/Src/stm32f1xx_hal_msp.c.obj
 .comment       0x0000000000000049       0x4a CMakeFiles/ReliableBinaryTransferF1Demo.elf.dir/Core/Src/stm32f1xx_hal_timebase_tim.c.obj
 .comment       0x0000000000000049       0x4a CMakeFiles/ReliableBinaryTransferF1Demo.elf.dir/Core/Src/stm32f1xx_it.c.obj
 .comment       0x0000000000000049       0x4a CMakeFiles/ReliableBinaryTransferF1Demo.elf.dir/Core/Src/syscalls.c.obj
 .comment       0x0000000000000049       0x4a CMakeFiles/ReliableBinaryTransferF1Demo.elf.dir/Core/Src/system_stm32f1xx.c.obj
 .comment       0x0000000000000049       0x4a CMakeFiles/ReliableBinaryTransferF1Demo.elf.dir/Core/Src/usart.c.obj
 .comment       0x0000000000000049       0x4a CMakeFiles/ReliableBinaryTransferF1Demo.elf.dir/Drivers/STM32F1xx_HAL_Driver/Src/stm32f1xx_hal.c.obj
 .comment       0x0000000000000049       0x4a CMakeFiles/ReliableBinaryTransferF1Demo.elf.dir/Drivers/STM32F1xx_HAL_Driver/Src/stm32f1xx_hal_cortex.c.obj
 .comment       0x0000000000000049       0x4a CMakeFiles/ReliableBinaryTransferF1Demo.elf.dir/Drivers/STM32F1xx_HAL_Driver/Src/stm32f1xx_hal_dma.c.obj
 .comment       0x0000000000000049       0x4a CMakeFiles/ReliableBinaryTransferF1Demo.elf.dir/Drivers/STM32F1xx_HAL_Driver/Src/stm32f1xx_hal_gpio.c.obj
 .comment       0x0000000000000049       0x4a CMakeFiles/ReliableBinaryTransferF1Demo.elf.dir/Drivers/STM32F1xx_HAL_Driver/Src/stm32f1xx_hal_rcc.c.obj
 .comment       0x0000000000000049       0x4a CMakeFiles/ReliableBinaryTransferF1Demo.elf.dir/Drivers/STM32F1xx_HAL_Driver/Src/stm32f1xx_hal_tim.c.obj
 .comment       0x0000000000000049       0x4a CMakeFiles/ReliableBinaryTransferF1Demo.elf.dir/Drivers/STM32F1xx_HAL_Driver/Src/stm32f1xx_hal_tim_ex.c.obj
 .comment       0x0000000000000049       0x4a CMakeFiles/ReliableBinaryTransferF1Demo.elf.dir/Drivers/STM32F1xx_HAL_Driver/Src/stm32f1xx_hal_uart.c.obj
 .comment       0x0000000000000049       0x4a CMakeFiles/ReliableBinaryTransferF1Demo.elf.dir/Middlewares/Third_Party/FreeRTOS/Source/CMSIS_RTOS_V2/cmsis_os2.c.obj