Archive member included to satisfy reference by file (symbol)

/Applications/ARM/bin/../lib/gcc/arm-none-eabi/10.3.1/../../../../arm-none-eabi/lib/thumb/v7e-m+fp/hard/libstdc++.a(atexit_arm.o)
                              CMakeFiles/SimpleMessageTransferDemo.elf.dir/Core/Src/RobotMain.cpp.obj (__aeabi_atexit)
/Applications/ARM/bin/../lib/gcc/arm-none-eabi/10.3.1/../../../../arm-none-eabi/lib/thumb/v7e-m+fp/hard/libstdc++.a(class_type_info.o)
                              CMakeFiles/SimpleMessageTransferDemo.elf.dir/Core/Src/RobotMain.cpp.obj (vtable for __cxxabiv1::__class_type_info)
/Applications/ARM/bin/../lib/gcc/arm-none-eabi/10.3.1/../../../../arm-none-eabi/lib/thumb/v7e-m+fp/hard/libstdc++.a(del_ops.o)
                              CMakeFiles/SimpleMessageTransferDemo.elf.dir/Core/Src/RobotMain.cpp.obj (operator delete(void*, unsigned int))
/Applications/ARM/bin/../lib/gcc/arm-none-eabi/10.3.1/../../../../arm-none-eabi/lib/thumb/v7e-m+fp/hard/libstdc++.a(eh_alloc.o)
                              CMakeFiles/SimpleMessageTransferDemo.elf.dir/rdk/core/transfer/serial_port.cpp.obj (__cxa_allocate_exception)
/Applications/ARM/bin/../lib/gcc/arm-none-eabi/10.3.1/../../../../arm-none-eabi/lib/thumb/v7e-m+fp/hard/libstdc++.a(eh_arm.o)
                              CMakeFiles/SimpleMessageTransferDemo.elf.dir/Core/Src/RobotMain.cpp.obj (__cxa_end_cleanup)
/Applications/ARM/bin/../lib/gcc/arm-none-eabi/10.3.1/../../../../arm-none-eabi/lib/thumb/v7e-m+fp/hard/libstdc++.a(eh_exception.o)
                              /Applications/ARM/bin/../lib/gcc/arm-none-eabi/10.3.1/../../../../arm-none-eabi/lib/thumb/v7e-m+fp/hard/libstdc++.a(eh_arm.o) (typeinfo for __cxxabiv1::__forced_unwind)
/Applications/ARM/bin/../lib/gcc/arm-none-eabi/10.3.1/../../../../arm-none-eabi/lib/thumb/v7e-m+fp/hard/libstdc++.a(eh_globals.o)
                              /Applications/ARM/bin/../lib/gcc/arm-none-eabi/10.3.1/../../../../arm-none-eabi/lib/thumb/v7e-m+fp/hard/libstdc++.a(eh_arm.o) (__cxa_get_globals)
/Applications/ARM/bin/../lib/gcc/arm-none-eabi/10.3.1/../../../../arm-none-eabi/lib/thumb/v7e-m+fp/hard/libstdc++.a(eh_personality.o)
                              CMakeFiles/SimpleMessageTransferDemo.elf.dir/Core/Src/RobotMain.cpp.obj (__gxx_personality_v0)
/Applications/ARM/bin/../lib/gcc/arm-none-eabi/10.3.1/../../../../arm-none-eabi/lib/thumb/v7e-m+fp/hard/libstdc++.a(eh_terminate.o)
                              /Applications/ARM/bin/../lib/gcc/arm-none-eabi/10.3.1/../../../../arm-none-eabi/lib/thumb/v7e-m+fp/hard/libstdc++.a(eh_alloc.o) (std::terminate())
/Applications/ARM/bin/../lib/gcc/arm-none-eabi/10.3.1/../../../../arm-none-eabi/lib/thumb/v7e-m+fp/hard/libstdc++.a(eh_throw.o)
                              CMakeFiles/SimpleMessageTransferDemo.elf.dir/rdk/core/transfer/serial_port.cpp.obj (__cxa_throw)
/Applications/ARM/bin/../lib/gcc/arm-none-eabi/10.3.1/../../../../arm-none-eabi/lib/thumb/v7e-m+fp/hard/libstdc++.a(eh_unex_handler.o)
                              /Applications/ARM/bin/../lib/gcc/arm-none-eabi/10.3.1/../../../../arm-none-eabi/lib/thumb/v7e-m+fp/hard/libstdc++.a(eh_terminate.o) (__cxxabiv1::__unexpected_handler)
/Applications/ARM/bin/../lib/gcc/arm-none-eabi/10.3.1/../../../../arm-none-eabi/lib/thumb/v7e-m+fp/hard/libstdc++.a(new_op.o)
                              CMakeFiles/SimpleMessageTransferDemo.elf.dir/Core/Src/RobotMain.cpp.obj (operator new(unsigned int))
/Applications/ARM/bin/../lib/gcc/arm-none-eabi/10.3.1/../../../../arm-none-eabi/lib/thumb/v7e-m+fp/hard/libstdc++.a(pure.o)
                              CMakeFiles/SimpleMessageTransferDemo.elf.dir/rdk/core/transfer/io_stream.cpp.obj (__cxa_pure_virtual)
/Applications/ARM/bin/../lib/gcc/arm-none-eabi/10.3.1/../../../../arm-none-eabi/lib/thumb/v7e-m+fp/hard/libstdc++.a(si_class_type_info.o)
                              CMakeFiles/SimpleMessageTransferDemo.elf.dir/Core/Src/RobotMain.cpp.obj (vtable for __cxxabiv1::__si_class_type_info)
/Applications/ARM/bin/../lib/gcc/arm-none-eabi/10.3.1/../../../../arm-none-eabi/lib/thumb/v7e-m+fp/hard/libstdc++.a(tinfo.o)
                              /Applications/ARM/bin/../lib/gcc/arm-none-eabi/10.3.1/../../../../arm-none-eabi/lib/thumb/v7e-m+fp/hard/libstdc++.a(class_type_info.o) (std::type_info::~type_info())
/Applications/ARM/bin/../lib/gcc/arm-none-eabi/10.3.1/../../../../arm-none-eabi/lib/thumb/v7e-m+fp/hard/libstdc++.a(vterminate.o)
                              /Applications/ARM/bin/../lib/gcc/arm-none-eabi/10.3.1/../../../../arm-none-eabi/lib/thumb/v7e-m+fp/hard/libstdc++.a(eh_terminate.o) (__gnu_cxx::__verbose_terminate_handler())
/Applications/ARM/bin/../lib/gcc/arm-none-eabi/10.3.1/../../../../arm-none-eabi/lib/thumb/v7e-m+fp/hard/libstdc++.a(stdexcept.o)
                              CMakeFiles/SimpleMessageTransferDemo.elf.dir/rdk/core/transfer/simple_message_transfer.cpp.obj (std::runtime_error::~runtime_error())
[...]
Memory Configuration

Name             Origin             Length             Attributes
CCMRAM           0x0000000010000000 0x0000000000010000 xrw
RAM              0x0000000020000000 0x0000000000020000 xrw
FLASH            0x0000000008000000 0x0000000000100000 xr
*default*        0x0000000000000000 0xffffffffffffffff

Linker script and memory map

LOAD /Applications/ARM/bin/../lib/gcc/arm-none-eabi/10.3.1/thumb/v7e-m+fp/hard/crti.o
LOAD /Applications/ARM/bin/../lib/gcc/arm-none-eabi/10.3.1/thumb/v7e-m+fp/hard/crtbegin.o
LOAD /Applications/ARM/bin/../lib/gcc/arm-none-eabi/10.3.1/../../../../arm-none-eabi/lib/thumb/v7e-m+fp/hard/crt0.o
LOAD CMakeFiles/SimpleMessageTransferDemo.elf.dir/Core/Src/RobotMain.cpp.obj
LOAD CMakeFiles/SimpleMessageTransferDemo.elf.dir/Core/Src/dma.c.obj
LOAD CMakeFiles/SimpleMessageTransferDemo.elf.dir/Core/Src/freertos.c.obj
LOAD CMakeFiles/SimpleMessageTransferDemo.elf.dir/Core/Src/gpio.c.obj
LOAD CMakeFiles/SimpleMessageTransferDemo.elf.dir/Core/Src/main.c.obj
LOAD CMakeFiles/SimpleMessageTransferDemo.elf.dir/Core/Src/stm32f4xx_hal_msp.c.obj
LOAD CMakeFiles/SimpleMessageTransferDemo.elf.dir/Core/Src/stm32f4xx_hal_timebase_tim.c.obj
LOAD CMakeFiles/SimpleMessageTransferDemo.elf.dir/Core/Src/stm32f4xx_it.c.obj
LOAD CMakeFiles/SimpleMessageTransferDemo.elf.dir/Core/Src/syscalls.c.obj
LOAD CMakeFiles/SimpleMessageTransferDemo.elf.dir/Core/Src/sysmem.c.obj
LOAD CMakeFiles/SimpleMessageTransferDemo.elf.dir/Core/Src/system_stm32f4xx.c.obj
LOAD CMakeFiles/SimpleMessageTransferDemo.elf.dir/Core/Src/usart.c.obj
LOAD CMakeFiles/SimpleMessageTransferDemo.elf.dir/Core/Startup/startup_stm32f407zgtx.s.obj
LOAD CMakeFiles/SimpleMessageTransferDemo.elf.dir/Drivers/STM32F4xx_HAL_Driver/Src/stm32f4xx_hal.c.obj
LOAD CMakeFiles/SimpleMessageTransferDemo.elf.dir/Drivers/STM32F4xx_HAL_Driver/Src/stm32f4xx_hal_cortex.c.obj
LOAD CMakeFiles/SimpleMessageTransferDemo.elf.dir/Drivers/STM32F4xx_HAL_Driver/Src/stm32f4xx_hal_dma.c.obj
LOAD CMakeFiles/SimpleMessageTransferDemo.elf.dir/Drivers/STM32F4xx_HAL_Driver/Src/stm32f4xx_hal_dma_ex.c.obj
LOAD CMakeFiles/SimpleMessageTransferDemo.elf.dir/Drivers/STM32F4xx_HAL_Driver/Src/stm32f4xx_hal_exti.c.obj
LOAD CMakeFiles/SimpleMessageTransferDemo.elf.dir/Drivers/STM32F4xx_HAL_Driver/Src/stm32f4xx_hal_flash.c.obj
LOAD CMakeFiles/SimpleMessageTransferDemo.elf.dir/Drivers/STM32F4xx_HAL_Driver/Src/stm32f4xx_hal_flash_ex.c.obj
LOAD CMakeFiles/SimpleMessageTransferDemo.elf.dir/Drivers/STM32F4xx_HAL_Driver/Src/stm32f4xx_hal_flash_ramfunc.c.obj
LOAD CMakeFiles/SimpleMessageTransferDemo.elf.dir/Drivers/STM32F4xx_HAL_Driver/Src/stm32f4xx_hal_gpio.c.obj
LOAD CMakeFiles/SimpleMessageTransferDemo.elf.dir/Drivers/STM32F4xx_HAL_Driver/Src/stm32f4xx_hal_pwr.c.obj
LOAD CMakeFiles/SimpleMessageTransferDemo.elf.dir/Drivers/STM32F4xx_HAL_Driver/Src/stm32f4xx_hal_pwr_ex.c.obj
LOAD CMakeFiles/SimpleMessageTransferDemo.elf.dir/Drivers/STM32F4xx_HAL_Driver/Src/stm32f4xx_hal_rcc.c.obj
LOAD CMakeFiles/SimpleMessageTransferDemo.elf.dir/Drivers/STM32F4xx_HAL_Driver/Src/stm32f4xx_hal_rcc_ex.c.obj
LOAD CMakeFiles/SimpleMessageTransferDemo.elf.dir/Drivers/STM32F4xx_HAL_Driver/Src/stm32f4xx_hal_tim.c.obj
LOAD CMakeFiles/SimpleMessageTransferDemo.elf.dir/Drivers/STM32F4xx_HAL_Driver/Src/stm32f4xx_hal_tim_ex.c.obj
LOAD CMakeFiles/SimpleMessageTransferDemo.elf.dir/Drivers/STM32F4xx_HAL_Driver/Src/stm32f4xx_hal_uart.c.obj
LOAD CMakeFiles/SimpleMessageTransferDemo.elf.dir/Middlewares/Third_Party/FreeRTOS/Source/CMSIS_RTOS_V2/cmsis_os2.c.obj
LOAD CMakeFiles/SimpleMessageTransferDemo.elf.dir/Middlewares/Third_Party/FreeRTOS/Source/croutine.c.obj
LOAD CMakeFiles/SimpleMessageTransferDemo.elf.dir/Middlewares/Third_Party/FreeRTOS/Source/event_groups.c.obj
LOAD CMakeFiles/SimpleMessageTransferDemo.elf.dir/Middlewares/Third_Party/FreeRTOS/Source/list.c.obj
LOAD CMakeFiles/SimpleMessageTransferDemo.elf.dir/Middlewares/Third_Party/FreeRTOS/Source/portable/GCC/ARM_CM4F/port.c.obj
LOAD CMakeFiles/SimpleMessageTransferDemo.elf.dir/Middlewares/Third_Party/FreeRTOS/Source/portable/MemMang/heap_4.c.obj
LOAD CMakeFiles/SimpleMessageTransferDemo.elf.dir/Middlewares/Third_Party/FreeRTOS/Source/queue.c.obj
LOAD CMakeFiles/SimpleMessageTransferDemo.elf.dir/Middlewares/Third_Party/FreeRTOS/Source/stream_buffer.c.obj
LOAD CMakeFiles/SimpleMessageTransferDemo.elf.dir/Middlewares/Third_Party/FreeRTOS/Source/tasks.c.obj
LOAD CMakeFiles/SimpleMessageTransferDemo.elf.dir/Middlewares/Third_Party/FreeRTOS/Source/timers.c.obj
LOAD CMakeFiles/SimpleMessageTransferDemo.elf.dir/rdk/core/transfer/circular_buffer.cpp.obj
LOAD CMakeFiles/SimpleMessageTransferDemo.elf.dir/rdk/core/transfer/crc.cpp.obj
LOAD CMakeFiles/SimpleMessageTransferDemo.elf.dir/rdk/core/transfer/io_stream.cpp.obj
LOAD CMakeFiles/SimpleMessageTransferDemo.elf.dir/rdk/core/transfer/serial_port.cpp.obj
LOAD CMakeFiles/SimpleMessageTransferDemo.elf.dir/rdk/core/transfer/simple_message_transfer.cpp.obj
LOAD /Applications/ARM/bin/../lib/gcc/arm-none-eabi/10.3.1/../../../../arm-none-eabi/lib/thumb/v7e-m+fp/hard/libstdc++.a
LOAD /Applications/ARM/bin/../lib/gcc/arm-none-eabi/10.3.1/../../../../arm-none-eabi/lib/thumb/v7e-m+fp/hard/libm.a
START GROUP
LOAD /Applications/ARM/bin/../lib/gcc/arm-none-eabi/10.3.1/thumb/v7e-m+fp/hard/libgcc.a
LOAD /Applications/ARM/bin/../lib/gcc/arm-none-eabi/10.3.1/../../../../arm-none-eabi/lib/thumb/v7e-m+fp/hard/libc.a
END GROUP
LOAD /Applications/ARM/bin/../lib/gcc/arm-none-eabi/10.3.1/thumb/v7e-m+fp/hard/crtend.o
LOAD /Applications/ARM/bin/../lib/gcc/arm-none-eabi/10.3.1/thumb/v7e-m+fp/hard/crtn.o
                0x0000000020020000                _estack = (ORIGIN (RAM) + LENGTH (RAM))
                0x0000000000000200                _Min_Heap_Size = 0x200
                0x0000000000000400                _Min_Stack_Size = 0x400

.isr_vector     0x0000000008000000      0x188
                0x0000000008000000                . = ALIGN (0x4)
 *(.isr_vector)
 .isr_vector    0x0000000008000000      0x188 CMakeFiles/SimpleMessageTransferDemo.elf.dir/Core/Startup/startup_stm32f407zgtx.s.obj
                0x0000000008000000                g_pfnVectors
                0x0000000008000188                . = ALIGN (0x4)

.text           0x00000000080001c0    0x14c44
                0x00000000080001c0                . = ALIGN (0x4)
 *(.text)
 .text          0x00000000080001c0       0x40 /Applications/ARM/bin/../lib/gcc/arm-none-eabi/10.3.1/thumb/v7e-m+fp/hard/crtbegin.o
 .text          0x0000000008000200     0x5ee4 /Applications/ARM/bin/../lib/gcc/arm-none-eabi/10.3.1/../../../../arm-none-eabi/lib/thumb/v7e-m+fp/hard/libstdc++.a(cp-demangle.o)
                0x0000000008005ffc                __cxa_demangle
                0x00000000080060c0                __gcclibcxx_demangle_callback
 .text          0x00000000080060e4       0x30 /Applications/ARM/bin/../lib/gcc/arm-none-eabi/10.3.1/thumb/v7e-m+fp/hard/libgcc.a(_aeabi_uldivmod.o)
                0x00000000080060e4                __aeabi_uldivmod
 .text          0x0000000008006114      0x2d0 /Applications/ARM/bin/../lib/gcc/arm-none-eabi/10.3.1/thumb/v7e-m+fp/hard/libgcc.a(_udivmoddi4.o)
                0x0000000008006114                __udivmoddi4
 .text          0x00000000080063e4      0x9d8 /Applications/ARM/bin/../lib/gcc/arm-none-eabi/10.3.1/thumb/v7e-m+fp/hard/libgcc.a(unwind-arm.o)
                0x000000000800668c                _Unwind_GetCFA
                0x0000000008006690                __gnu_Unwind_RaiseException
                0x00000000080066f8                __gnu_Unwind_ForcedUnwind
                0x0000000008006708                __gnu_Unwind_Resume
                0x000000000800674c                __gnu_Unwind_Resume_or_Rethrow
                0x000000000800675c                _Unwind_Complete
                0x0000000008006760                _Unwind_DeleteException
                0x000000000800676c                _Unwind_VRS_Get
                0x00000000080067b8                _Unwind_VRS_Set
                0x0000000008006800                __gnu_Unwind_Backtrace
                0x0000000008006b2c                __aeabi_unwind_cpp_pr0
                0x0000000008006b30                __aeabi_unwind_cpp_pr1
                0x0000000008006b34                __aeabi_unwind_cpp_pr2
                0x0000000008006b38                _Unwind_VRS_Pop
 .text          0x0000000008006dbc      0x1ac /Applications/ARM/bin/../lib/gcc/arm-none-eabi/10.3.1/thumb/v7e-m+fp/hard/libgcc.a(libunwind.o)
                0x0000000008006dbc                __restore_core_regs
                0x0000000008006dbc                restore_core_regs
                0x0000000008006dd4                __gnu_Unwind_Restore_VFP
                0x0000000008006ddc                __gnu_Unwind_Save_VFP
                0x0000000008006de4                __gnu_Unwind_Restore_VFP_D
                0x0000000008006dec                __gnu_Unwind_Save_VFP_D
                0x0000000008006df4                __gnu_Unwind_Restore_VFP_D_16_to_31
                0x0000000008006dfc                __gnu_Unwind_Save_VFP_D_16_to_31
                0x0000000008006e04                __gnu_Unwind_Restore_WMMXD
                0x0000000008006e48                __gnu_Unwind_Save_WMMXD
                0x0000000008006e8c                __gnu_Unwind_Restore_WMMXC
                0x0000000008006ea0                __gnu_Unwind_Save_WMMXC
                0x0000000008006eb4                _Unwind_RaiseException
                0x0000000008006eb4                ___Unwind_RaiseException
                0x0000000008006ed8                ___Unwind_Resume
                0x0000000008006ed8                _Unwind_Resume
                0x0000000008006efc                ___Unwind_Resume_or_Rethrow
                0x0000000008006efc                _Unwind_Resume_or_Rethrow
                0x0000000008006f20                _Unwind_ForcedUnwind
                0x0000000008006f20                ___Unwind_ForcedUnwind
                0x0000000008006f44                _Unwind_Backtrace
                0x0000000008006f44                ___Unwind_Backtrace
 .text          0x0000000008006f68      0x350 /Applications/ARM/bin/../lib/gcc/arm-none-eabi/10.3.1/thumb/v7e-m+fp/hard/libgcc.a(pr-support.o)
                0x0000000008006fc0                __gnu_unwind_execute
                0x000000000800726c                __gnu_unwind_frame
                0x0000000008007298                _Unwind_GetRegionStart
                0x00000000080072a4                _Unwind_GetLanguageSpecificData
 .text          0x00000000080072b8        0x4 /Applications/ARM/bin/../lib/gcc/arm-none-eabi/10.3.1/thumb/v7e-m+fp/hard/libgcc.a(_dvmd_tls.o)
                0x00000000080072b8                __aeabi_ldiv0
                0x00000000080072b8                __aeabi_idiv0
 *fill*         0x00000000080072bc        0x4 
 .text          0x00000000080072c0       0xa0 /Applications/ARM/bin/../lib/gcc/arm-none-eabi/10.3.1/../../../../arm-none-eabi/lib/thumb/v7e-m+fp/hard/libc.a(lib_a-memchr.o)
                0x00000000080072c0                memchr
 .text          0x0000000008007360      0x134 /Applications/ARM/bin/../lib/gcc/arm-none-eabi/10.3.1/../../../../arm-none-eabi/lib/thumb/v7e-m+fp/hard/libc.a(lib_a-memcpy.o)
                0x0000000008007360                memcpy
 *fill*         0x0000000008007494        0xc 
 .text          0x00000000080074a0      0x2dc /Applications/ARM/bin/../lib/gcc/arm-none-eabi/10.3.1/../../../../arm-none-eabi/lib/thumb/v7e-m+fp/hard/libc.a(lib_a-strcmp.o)
                0x00000000080074a8                strcmp
 *fill*         0x000000000800777c        0x4 
 .text          0x0000000008007780       0xdc /Applications/ARM/bin/../lib/gcc/arm-none-eabi/10.3.1/../../../../arm-none-eabi/lib/thumb/v7e-m+fp/hard/libc.a(lib_a-strlen.o)
                0x0000000008007780                strlen
 .text          0x000000000800785c      0x378 /Applications/ARM/bin/../lib/gcc/arm-none-eabi/10.3.1/thumb/v7e-m+fp/hard/libgcc.a(_arm_addsubdf3.o)
                0x000000000800785c                __aeabi_drsub
                0x0000000008007864                __subdf3
                0x0000000008007864                __aeabi_dsub
                0x0000000008007868                __aeabi_dadd
                0x0000000008007868                __adddf3
                0x0000000008007ae0                __aeabi_ui2d
                0x0000000008007ae0                __floatunsidf
                0x0000000008007b00                __floatsidf
                0x0000000008007b00                __aeabi_i2d
                0x0000000008007b24                __extendsfdf2
                0x0000000008007b24                __aeabi_f2d
                0x0000000008007b68                __aeabi_ul2d
                0x0000000008007b68                __floatundidf
                0x0000000008007b78                __aeabi_l2d
                0x0000000008007b78                __floatdidf
 .text          0x0000000008007bd4      0x424 /Applications/ARM/bin/../lib/gcc/arm-none-eabi/10.3.1/thumb/v7e-m+fp/hard/libgcc.a(_arm_muldivdf3.o)
                0x0000000008007bd4                __aeabi_dmul
                0x0000000008007bd4                __muldf3
                0x0000000008007e28                __aeabi_ddiv
                0x0000000008007e28                __divdf3
 .text          0x0000000008007ff8      0x110 /Applications/ARM/bin/../lib/gcc/arm-none-eabi/10.3.1/thumb/v7e-m+fp/hard/libgcc.a(_arm_cmpdf2.o)
                0x0000000008007ff8                __gedf2
                0x0000000008007ff8                __gtdf2
                0x0000000008008000                __ledf2
                0x0000000008008000                __ltdf2
                0x0000000008008008                __cmpdf2
                0x0000000008008008                __eqdf2
                0x0000000008008008                __nedf2
                0x0000000008008084                __aeabi_cdrcmple
                0x0000000008008094                __aeabi_cdcmple
                0x0000000008008094                __aeabi_cdcmpeq
                0x00000000080080a4                __aeabi_dcmpeq
                0x00000000080080b8                __aeabi_dcmplt
                0x00000000080080cc                __aeabi_dcmple
                0x00000000080080e0                __aeabi_dcmpge
                0x00000000080080f4                __aeabi_dcmpgt
 .text          0x0000000008008108       0x2c /Applications/ARM/bin/../lib/gcc/arm-none-eabi/10.3.1/thumb/v7e-m+fp/hard/libgcc.a(_arm_unorddf2.o)
                0x0000000008008108                __aeabi_dcmpun
                0x0000000008008108                __unorddf2
 .text          0x0000000008008134       0x50 /Applications/ARM/bin/../lib/gcc/arm-none-eabi/10.3.1/thumb/v7e-m+fp/hard/libgcc.a(_arm_fixdfsi.o)
                0x0000000008008134                __fixdfsi
                0x0000000008008134                __aeabi_d2iz
 *(.text*)
 .text._ZNSt23_Sp_counted_ptr_inplaceI21SimpleMessageTransferSaIS0_ELN9__gnu_cxx12_Lock_policyE0EED2Ev
                0x0000000008008184        0x4 CMakeFiles/SimpleMessageTransferDemo.elf.dir/Core/Src/RobotMain.cpp.obj
                0x0000000008008184                std::_Sp_counted_ptr_inplace<SimpleMessageTransfer, std::allocator<SimpleMessageTransfer>, (__gnu_cxx::_Lock_policy)0>::~_Sp_counted_ptr_inplace()
                0x0000000008008184                std::_Sp_counted_ptr_inplace<SimpleMessageTransfer, std::allocator<SimpleMessageTransfer>, (__gnu_cxx::_Lock_policy)0>::~_Sp_counted_ptr_inplace()
 .text._ZNSt23_Sp_counted_ptr_inplaceI10SerialPortSaIS0_ELN9__gnu_cxx12_Lock_policyE0EED2Ev
                0x0000000008008188        0x4 CMakeFiles/SimpleMessageTransferDemo.elf.dir/Core/Src/RobotMain.cpp.obj
                0x0000000008008188                std::_Sp_counted_ptr_inplace<SerialPort, std::allocator<SerialPort>, (__gnu_cxx::_Lock_policy)0>::~_Sp_counted_ptr_inplace()
                0x0000000008008188                std::_Sp_counted_ptr_inplace<SerialPort, std::allocator<SerialPort>, (__gnu_cxx::_Lock_policy)0>::~_Sp_counted_ptr_inplace()
 .text._ZNSt23_Sp_counted_ptr_inplaceI10SerialPortSaIS0_ELN9__gnu_cxx12_Lock_policyE0EE14_M_get_deleterERKSt9type_info
                0x000000000800818c       0x28 CMakeFiles/SimpleMessageTransferDemo.elf.dir/Core/Src/RobotMain.cpp.obj
                0x000000000800818c                std::_Sp_counted_ptr_inplace<SerialPort, std::allocator<SerialPort>, (__gnu_cxx::_Lock_policy)0>::_M_get_deleter(std::type_info const&)
 .text._ZNSt23_Sp_counted_ptr_inplaceI21SimpleMessageTransferSaIS0_ELN9__gnu_cxx12_Lock_policyE0EE14_M_get_deleterERKSt9type_info
                0x00000000080081b4       0x28 CMakeFiles/SimpleMessageTransferDemo.elf.dir/Core/Src/RobotMain.cpp.obj
                0x00000000080081b4                std::_Sp_counted_ptr_inplace<SimpleMessageTransfer, std::allocator<SimpleMessageTransfer>, (__gnu_cxx::_Lock_policy)0>::_M_get_deleter(std::type_info const&)
 .text._ZNSt23_Sp_counted_ptr_inplaceI10SerialPortSaIS0_ELN9__gnu_cxx12_Lock_policyE0EE10_M_disposeEv
                0x00000000080081dc        0x8 CMakeFiles/SimpleMessageTransferDemo.elf.dir/Core/Src/RobotMain.cpp.obj
                0x00000000080081dc                std::_Sp_counted_ptr_inplace<SerialPort, std::allocator<SerialPort>, (__gnu_cxx::_Lock_policy)0>::_M_dispose()
 .text._ZNSt23_Sp_counted_ptr_inplaceI10SerialPortSaIS0_ELN9__gnu_cxx12_Lock_policyE0EED0Ev
                0x00000000080081e4       0x10 CMakeFiles/SimpleMessageTransferDemo.elf.dir/Core/Src/RobotMain.cpp.obj
                0x00000000080081e4                std::_Sp_counted_ptr_inplace<SerialPort, std::allocator<SerialPort>, (__gnu_cxx::_Lock_policy)0>::~_Sp_counted_ptr_inplace()
 .text._ZNSt23_Sp_counted_ptr_inplaceI21SimpleMessageTransferSaIS0_ELN9__gnu_cxx12_Lock_policyE0EED0Ev
                0x00000000080081f4       0x10 CMakeFiles/SimpleMessageTransferDemo.elf.dir/Core/Src/RobotMain.cpp.obj
                0x00000000080081f4                std::_Sp_counted_ptr_inplace<SimpleMessageTransfer, std::allocator<SimpleMessageTransfer>, (__gnu_cxx::_Lock_policy)0>::~_Sp_counted_ptr_inplace()
 .text._ZNSt23_Sp_counted_ptr_inplaceI21SimpleMessageTransferSaIS0_ELN9__gnu_cxx12_Lock_policyE0EE10_M_destroyEv
                0x0000000008008204        0x8 CMakeFiles/SimpleMessageTransferDemo.elf.dir/Core/Src/RobotMain.cpp.obj
                0x0000000008008204                std::_Sp_counted_ptr_inplace<SimpleMessageTransfer, std::allocator<SimpleMessageTransfer>, (__gnu_cxx::_Lock_policy)0>::_M_destroy()
 .text._ZNSt23_Sp_counted_ptr_inplaceI10SerialPortSaIS0_ELN9__gnu_cxx12_Lock_policyE0EE10_M_destroyEv
                0x000000000800820c        0x8 CMakeFiles/SimpleMessageTransferDemo.elf.dir/Core/Src/RobotMain.cpp.obj
                0x000000000800820c                std::_Sp_counted_ptr_inplace<SerialPort, std::allocator<SerialPort>, (__gnu_cxx::_Lock_policy)0>::_M_destroy()
 .text._ZNSt23_Sp_counted_ptr_inplaceI21SimpleMessageTransferSaIS0_ELN9__gnu_cxx12_Lock_policyE0EE10_M_disposeEv
                0x0000000008008214        0x8 CMakeFiles/SimpleMessageTransferDemo.elf.dir/Core/Src/RobotMain.cpp.obj
                0x0000000008008214                std::_Sp_counted_ptr_inplace<SimpleMessageTransfer, std::allocator<SimpleMessageTransfer>, (__gnu_cxx::_Lock_policy)0>::_M_dispose()
 .text._ZNSt10shared_ptrI21SimpleMessageTransferED2Ev
                0x000000000800821c       0x2c CMakeFiles/SimpleMessageTransferDemo.elf.dir/Core/Src/RobotMain.cpp.obj
                0x000000000800821c                std::shared_ptr<SimpleMessageTransfer>::~shared_ptr()
                0x000000000800821c                std::shared_ptr<SimpleMessageTransfer>::~shared_ptr()
 .text._ZNSt10shared_ptrI10SerialPortED2Ev
                0x0000000008008248       0x2c CMakeFiles/SimpleMessageTransferDemo.elf.dir/Core/Src/RobotMain.cpp.obj
                0x0000000008008248                std::shared_ptr<SerialPort>::~shared_ptr()
                0x0000000008008248                std::shared_ptr<SerialPort>::~shared_ptr()
 .text.RobotInit
                0x0000000008008274      0x138 CMakeFiles/SimpleMessageTransferDemo.elf.dir/Core/Src/RobotMain.cpp.obj
                0x0000000008008274                RobotInit
 .text.RobotTest
                0x00000000080083ac       0x5c CMakeFiles/SimpleMessageTransferDemo.elf.dir/Core/Src/RobotMain.cpp.obj
                0x00000000080083ac                RobotTest
 .text.OnHAL_UARTEx_RxEventCallback
                0x0000000008008408       0x18 CMakeFiles/SimpleMessageTransferDemo.elf.dir/Core/Src/RobotMain.cpp.obj
                0x0000000008008408                OnHAL_UARTEx_RxEventCallback
 .text.OnHAL_UART_TxCpltCallback
                0x0000000008008420       0x10 CMakeFiles/SimpleMessageTransferDemo.elf.dir/Core/Src/RobotMain.cpp.obj
                0x0000000008008420                OnHAL_UART_TxCpltCallback
 .text.OnHAL_UART_RxCpltCallback
                0x0000000008008430       0x10 CMakeFiles/SimpleMessageTransferDemo.elf.dir/Core/Src/RobotMain.cpp.obj
                0x0000000008008430                OnHAL_UART_RxCpltCallback
 .text.OnHAL_UART_ErrorCallback
                0x0000000008008440       0x10 CMakeFiles/SimpleMessageTransferDemo.elf.dir/Core/Src/RobotMain.cpp.obj
                0x0000000008008440                OnHAL_UART_ErrorCallback
 .text.startup._GLOBAL__sub_I_serial_port
                0x0000000008008450       0x30 CMakeFiles/SimpleMessageTransferDemo.elf.dir/Core/Src/RobotMain.cpp.obj
 .text.MX_DMA_Init
                0x0000000008008480       0x34 CMakeFiles/SimpleMessageTransferDemo.elf.dir/Core/Src/dma.c.obj
                0x0000000008008480                MX_DMA_Init
 .text.StartDefaultTask
                0x00000000080084b4       0x14 CMakeFiles/SimpleMessageTransferDemo.elf.dir/Core/Src/freertos.c.obj
                0x00000000080084b4                StartDefaultTask
 .text.TransferDemo
                0x00000000080084c8       0x14 CMakeFiles/SimpleMessageTransferDemo.elf.dir/Core/Src/freertos.c.obj
                0x00000000080084c8                TransferDemo
 .text.MX_FREERTOS_Init
                0x00000000080084dc       0x3c CMakeFiles/SimpleMessageTransferDemo.elf.dir/Core/Src/freertos.c.obj
                0x00000000080084dc                MX_FREERTOS_Init
 .text.MX_GPIO_Init
                0x0000000008008518       0x80 CMakeFiles/SimpleMessageTransferDemo.elf.dir/Core/Src/gpio.c.obj
                0x0000000008008518                MX_GPIO_Init
 .text.SystemClock_Config
                0x0000000008008598       0xb8 CMakeFiles/SimpleMessageTransferDemo.elf.dir/Core/Src/main.c.obj
                0x0000000008008598                SystemClock_Config
 .text.startup.main
                0x0000000008008650       0x40 CMakeFiles/SimpleMessageTransferDemo.elf.dir/Core/Src/main.c.obj
                0x0000000008008650                main
 .text.HAL_TIM_PeriodElapsedCallback
                0x0000000008008690       0x14 CMakeFiles/SimpleMessageTransferDemo.elf.dir/Core/Src/main.c.obj
                0x0000000008008690                HAL_TIM_PeriodElapsedCallback
 .text.Error_Handler
                0x00000000080086a4        0x4 CMakeFiles/SimpleMessageTransferDemo.elf.dir/Core/Src/main.c.obj
                0x00000000080086a4                Error_Handler
 .text.HAL_MspInit
                0x00000000080086a8       0x40 CMakeFiles/SimpleMessageTransferDemo.elf.dir/Core/Src/stm32f4xx_hal_msp.c.obj
                0x00000000080086a8                HAL_MspInit
 .text.HAL_InitTick
                0x00000000080086e8       0xa8 CMakeFiles/SimpleMessageTransferDemo.elf.dir/Core/Src/stm32f4xx_hal_timebase_tim.c.obj
                0x00000000080086e8                HAL_InitTick
 .text.NMI_Handler
                0x0000000008008790        0x4 CMakeFiles/SimpleMessageTransferDemo.elf.dir/Core/Src/stm32f4xx_it.c.obj
                0x0000000008008790                NMI_Handler
 .text.HardFault_Handler
                0x0000000008008794        0x4 CMakeFiles/SimpleMessageTransferDemo.elf.dir/Core/Src/stm32f4xx_it.c.obj
                0x0000000008008794                HardFault_Handler
 .text.MemManage_Handler
                0x0000000008008798        0x4 CMakeFiles/SimpleMessageTransferDemo.elf.dir/Core/Src/stm32f4xx_it.c.obj
                0x0000000008008798                MemManage_Handler
 .text.BusFault_Handler
                0x000000000800879c        0x4 CMakeFiles/SimpleMessageTransferDemo.elf.dir/Core/Src/stm32f4xx_it.c.obj
                0x000000000800879c                BusFault_Handler
 .text.UsageFault_Handler
                0x00000000080087a0        0x4 CMakeFiles/SimpleMessageTransferDemo.elf.dir/Core/Src/stm32f4xx_it.c.obj
                0x00000000080087a0                UsageFault_Handler
 .text.DebugMon_Handler
                0x00000000080087a4        0x4 CMakeFiles/SimpleMessageTransferDemo.elf.dir/Core/Src/stm32f4xx_it.c.obj
                0x00000000080087a4                DebugMon_Handler
 .text.USART1_IRQHandler
                0x00000000080087a8        0xc CMakeFiles/SimpleMessageTransferDemo.elf.dir/Core/Src/stm32f4xx_it.c.obj
                0x00000000080087a8                USART1_IRQHandler
 .text.TIM6_DAC_IRQHandler
                0x00000000080087b4        0xc CMakeFiles/SimpleMessageTransferDemo.elf.dir/Core/Src/stm32f4xx_it.c.obj
                0x00000000080087b4                TIM6_DAC_IRQHandler
 .text.DMA2_Stream2_IRQHandler
                0x00000000080087c0        0xc CMakeFiles/SimpleMessageTransferDemo.elf.dir/Core/Src/stm32f4xx_it.c.obj
                0x00000000080087c0                DMA2_Stream2_IRQHandler
 .text._getpid  0x00000000080087cc        0x4 CMakeFiles/SimpleMessageTransferDemo.elf.dir/Core/Src/syscalls.c.obj
                0x00000000080087cc                _getpid
 .text._kill    0x00000000080087d0       0x10 CMakeFiles/SimpleMessageTransferDemo.elf.dir/Core/Src/syscalls.c.obj
                0x00000000080087d0                _kill
 .text._exit    0x00000000080087e0        0xc CMakeFiles/SimpleMessageTransferDemo.elf.dir/Core/Src/syscalls.c.obj
                0x00000000080087e0                _exit
 .text._read    0x00000000080087ec       0x1c CMakeFiles/SimpleMessageTransferDemo.elf.dir/Core/Src/syscalls.c.obj
                0x00000000080087ec                _read
 .text._write   0x0000000008008808       0x1c CMakeFiles/SimpleMessageTransferDemo.elf.dir/Core/Src/syscalls.c.obj
                0x0000000008008808                _write
 .text._close   0x0000000008008824        0x8 CMakeFiles/SimpleMessageTransferDemo.elf.dir/Core/Src/syscalls.c.obj
                0x0000000008008824                _close
 .text._fstat   0x000000000800882c        0xc CMakeFiles/SimpleMessageTransferDemo.elf.dir/Core/Src/syscalls.c.obj
                0x000000000800882c                _fstat
 .text._isatty  0x0000000008008838        0x4 CMakeFiles/SimpleMessageTransferDemo.elf.dir/Core/Src/syscalls.c.obj
                0x0000000008008838                _isatty
 .text._lseek   0x000000000800883c        0x4 CMakeFiles/SimpleMessageTransferDemo.elf.dir/Core/Src/syscalls.c.obj
                0x000000000800883c                _lseek
 .text._sbrk    0x0000000008008840       0x44 CMakeFiles/SimpleMessageTransferDemo.elf.dir/Core/Src/sysmem.c.obj
                0x0000000008008840                _sbrk
 .text.SystemInit
                0x0000000008008884       0x14 CMakeFiles/SimpleMessageTransferDemo.elf.dir/Core/Src/system_stm32f4xx.c.obj
                0x0000000008008884                SystemInit
 .text.MX_USART1_UART_Init
                0x0000000008008898       0x38 CMakeFiles/SimpleMessageTransferDemo.elf.dir/Core/Src/usart.c.obj
                0x0000000008008898                MX_USART1_UART_Init
 .text.HAL_UART_MspInit
                0x00000000080088d0       0xc0 CMakeFiles/SimpleMessageTransferDemo.elf.dir/Core/Src/usart.c.obj
                0x00000000080088d0                HAL_UART_MspInit
 .text.HAL_UARTEx_RxEventCallback
                0x0000000008008990        0x4 CMakeFiles/SimpleMessageTransferDemo.elf.dir/Core/Src/usart.c.obj
                0x0000000008008990                HAL_UARTEx_RxEventCallback
 .text.HAL_UART_TxCpltCallback
                0x0000000008008994        0x4 CMakeFiles/SimpleMessageTransferDemo.elf.dir/Core/Src/usart.c.obj
                0x0000000008008994                HAL_UART_TxCpltCallback
 .text.HAL_UART_RxCpltCallback
                0x0000000008008998        0x4 CMakeFiles/SimpleMessageTransferDemo.elf.dir/Core/Src/usart.c.obj
                0x0000000008008998                HAL_UART_RxCpltCallback
 .text.HAL_UART_ErrorCallback
                0x000000000800899c        0x4 CMakeFiles/SimpleMessageTransferDemo.elf.dir/Core/Src/usart.c.obj
                0x000000000800899c                HAL_UART_ErrorCallback
 .text.Reset_Handler
                0x00000000080089a0       0x50 CMakeFiles/SimpleMessageTransferDemo.elf.dir/Core/Startup/startup_stm32f407zgtx.s.obj
                0x00000000080089a0                Reset_Handler
 .text.Default_Handler
                0x00000000080089f0        0x2 CMakeFiles/SimpleMessageTransferDemo.elf.dir/Core/Startup/startup_stm32f407zgtx.s.obj
                0x00000000080089f0                DMA1_Stream3_IRQHandler
                0x00000000080089f0                HASH_RNG_IRQHandler
                0x00000000080089f0                EXTI2_IRQHandler
                0x00000000080089f0                TIM8_CC_IRQHandler
                0x00000000080089f0                TIM1_CC_IRQHandler
                0x00000000080089f0                DMA2_Stream5_IRQHandler
                0x00000000080089f0                DMA1_Stream5_IRQHandler
                0x00000000080089f0                PVD_IRQHandler
                0x00000000080089f0                SDIO_IRQHandler
                0x00000000080089f0                TAMP_STAMP_IRQHandler
                0x00000000080089f0                CAN2_RX1_IRQHandler
                0x00000000080089f0                EXTI3_IRQHandler
                0x00000000080089f0                TIM8_TRG_COM_TIM14_IRQHandler
                0x00000000080089f0                TIM1_UP_TIM10_IRQHandler
                0x00000000080089f0                TIM8_UP_TIM13_IRQHandler
                0x00000000080089f0                I2C3_ER_IRQHandler
                0x00000000080089f0                EXTI0_IRQHandler
                0x00000000080089f0                I2C2_EV_IRQHandler
                0x00000000080089f0                DMA1_Stream2_IRQHandler
                0x00000000080089f0                CAN1_RX0_IRQHandler
                0x00000000080089f0                FPU_IRQHandler
                0x00000000080089f0                OTG_HS_WKUP_IRQHandler
                0x00000000080089f0                CAN2_SCE_IRQHandler
                0x00000000080089f0                SPI1_IRQHandler
                0x00000000080089f0                TIM1_BRK_TIM9_IRQHandler
                0x00000000080089f0                DCMI_IRQHandler
                0x00000000080089f0                CAN2_RX0_IRQHandler
                0x00000000080089f0                DMA2_Stream3_IRQHandler
                0x00000000080089f0                USART6_IRQHandler
                0x00000000080089f0                USART3_IRQHandler
                0x00000000080089f0                CAN1_RX1_IRQHandler
                0x00000000080089f0                UART5_IRQHandler
                0x00000000080089f0                DMA2_Stream0_IRQHandler
                0x00000000080089f0                TIM4_IRQHandler
                0x00000000080089f0                I2C1_EV_IRQHandler
                0x00000000080089f0                DMA1_Stream6_IRQHandler
                0x00000000080089f0                DMA1_Stream1_IRQHandler
                0x00000000080089f0                UART4_IRQHandler
                0x00000000080089f0                TIM3_IRQHandler
                0x00000000080089f0                RCC_IRQHandler
                0x00000000080089f0                TIM8_BRK_TIM12_IRQHandler
                0x00000000080089f0                Default_Handler
                0x00000000080089f0                EXTI15_10_IRQHandler
                0x00000000080089f0                ADC_IRQHandler
                0x00000000080089f0                DMA1_Stream7_IRQHandler
                0x00000000080089f0                TIM7_IRQHandler
                0x00000000080089f0                CAN2_TX_IRQHandler
                0x00000000080089f0                TIM5_IRQHandler
                0x00000000080089f0                DMA2_Stream7_IRQHandler
                0x00000000080089f0                I2C3_EV_IRQHandler
                0x00000000080089f0                EXTI9_5_IRQHandler
                0x00000000080089f0                RTC_WKUP_IRQHandler
                0x00000000080089f0                ETH_WKUP_IRQHandler
                0x00000000080089f0                SPI2_IRQHandler
                0x00000000080089f0                OTG_HS_EP1_IN_IRQHandler
                0x00000000080089f0                DMA1_Stream0_IRQHandler
                0x00000000080089f0                CAN1_TX_IRQHandler
                0x00000000080089f0                EXTI4_IRQHandler
                0x00000000080089f0                FSMC_IRQHandler
                0x00000000080089f0                ETH_IRQHandler
                0x00000000080089f0                OTG_HS_EP1_OUT_IRQHandler
                0x00000000080089f0                WWDG_IRQHandler
                0x00000000080089f0                TIM2_IRQHandler
                0x00000000080089f0                OTG_FS_WKUP_IRQHandler
                0x00000000080089f0                TIM1_TRG_COM_TIM11_IRQHandler
                0x00000000080089f0                OTG_HS_IRQHandler
                0x00000000080089f0                EXTI1_IRQHandler
                0x00000000080089f0                USART2_IRQHandler
                0x00000000080089f0                I2C2_ER_IRQHandler
                0x00000000080089f0                DMA2_Stream1_IRQHandler
                0x00000000080089f0                CAN1_SCE_IRQHandler
                0x00000000080089f0                FLASH_IRQHandler
                0x00000000080089f0                DMA2_Stream4_IRQHandler
                0x00000000080089f0                OTG_FS_IRQHandler
                0x00000000080089f0                SPI3_IRQHandler
                0x00000000080089f0                DMA1_Stream4_IRQHandler
                0x00000000080089f0                I2C1_ER_IRQHandler
                0x00000000080089f0                DMA2_Stream6_IRQHandler
                0x00000000080089f0                RTC_Alarm_IRQHandler
 *fill*         0x00000000080089f2        0x2 
 .text.HAL_Init
                0x00000000080089f4       0x34 CMakeFiles/SimpleMessageTransferDemo.elf.dir/Drivers/STM32F4xx_HAL_Driver/Src/stm32f4xx_hal.c.obj
                0x00000000080089f4                HAL_Init
 .text.HAL_IncTick
                0x0000000008008a28       0x18 CMakeFiles/SimpleMessageTransferDemo.elf.dir/Drivers/STM32F4xx_HAL_Driver/Src/stm32f4xx_hal.c.obj
                0x0000000008008a28                HAL_IncTick
 .text.HAL_GetTick
                0x0000000008008a40        0xc CMakeFiles/SimpleMessageTransferDemo.elf.dir/Drivers/STM32F4xx_HAL_Driver/Src/stm32f4xx_hal.c.obj
                0x0000000008008a40                HAL_GetTick
 .text.HAL_NVIC_SetPriorityGrouping
                0x0000000008008a4c       0x24 CMakeFiles/SimpleMessageTransferDemo.elf.dir/Drivers/STM32F4xx_HAL_Driver/Src/stm32f4xx_hal_cortex.c.obj
                0x0000000008008a4c                HAL_NVIC_SetPriorityGrouping
 .text.HAL_NVIC_SetPriority
                0x0000000008008a70       0x7c CMakeFiles/SimpleMessageTransferDemo.elf.dir/Drivers/STM32F4xx_HAL_Driver/Src/stm32f4xx_hal_cortex.c.obj
                0x0000000008008a70                HAL_NVIC_SetPriority
 .text.HAL_NVIC_EnableIRQ
                0x0000000008008aec       0x1c CMakeFiles/SimpleMessageTransferDemo.elf.dir/Drivers/STM32F4xx_HAL_Driver/Src/stm32f4xx_hal_cortex.c.obj
                0x0000000008008aec                HAL_NVIC_EnableIRQ
 .text.HAL_DMA_Init
                0x0000000008008b08      0x130 CMakeFiles/SimpleMessageTransferDemo.elf.dir/Drivers/STM32F4xx_HAL_Driver/Src/stm32f4xx_hal_dma.c.obj
                0x0000000008008b08                HAL_DMA_Init
 .text.HAL_DMA_Start_IT
                0x0000000008008c38       0x80 CMakeFiles/SimpleMessageTransferDemo.elf.dir/Drivers/STM32F4xx_HAL_Driver/Src/stm32f4xx_hal_dma.c.obj
                0x0000000008008c38                HAL_DMA_Start_IT
 .text.HAL_DMA_Abort
                0x0000000008008cb8       0x90 CMakeFiles/SimpleMessageTransferDemo.elf.dir/Drivers/STM32F4xx_HAL_Driver/Src/stm32f4xx_hal_dma.c.obj
                0x0000000008008cb8                HAL_DMA_Abort
 .text.HAL_DMA_Abort_IT
                0x0000000008008d48       0x24 CMakeFiles/SimpleMessageTransferDemo.elf.dir/Drivers/STM32F4xx_HAL_Driver/Src/stm32f4xx_hal_dma.c.obj
                0x0000000008008d48                HAL_DMA_Abort_IT
 .text.HAL_DMA_IRQHandler
                0x0000000008008d6c      0x1e0 CMakeFiles/SimpleMessageTransferDemo.elf.dir/Drivers/STM32F4xx_HAL_Driver/Src/stm32f4xx_hal_dma.c.obj
                0x0000000008008d6c                HAL_DMA_IRQHandler
 .text.HAL_GPIO_Init
                0x0000000008008f4c      0x240 CMakeFiles/SimpleMessageTransferDemo.elf.dir/Drivers/STM32F4xx_HAL_Driver/Src/stm32f4xx_hal_gpio.c.obj
                0x0000000008008f4c                HAL_GPIO_Init
 .text.HAL_GPIO_WritePin
                0x000000000800918c        0x8 CMakeFiles/SimpleMessageTransferDemo.elf.dir/Drivers/STM32F4xx_HAL_Driver/Src/stm32f4xx_hal_gpio.c.obj
                0x000000000800918c                HAL_GPIO_WritePin
 .text.HAL_GPIO_TogglePin
                0x0000000008009194       0x14 CMakeFiles/SimpleMessageTransferDemo.elf.dir/Drivers/STM32F4xx_HAL_Driver/Src/stm32f4xx_hal_gpio.c.obj
                0x0000000008009194                HAL_GPIO_TogglePin
 .text.HAL_RCC_OscConfig
                0x00000000080091a8      0x3c8 CMakeFiles/SimpleMessageTransferDemo.elf.dir/Drivers/STM32F4xx_HAL_Driver/Src/stm32f4xx_hal_rcc.c.obj
                0x00000000080091a8                HAL_RCC_OscConfig
 .text.HAL_RCC_GetSysClockFreq
                0x0000000008009570       0x68 CMakeFiles/SimpleMessageTransferDemo.elf.dir/Drivers/STM32F4xx_HAL_Driver/Src/stm32f4xx_hal_rcc.c.obj
                0x0000000008009570                HAL_RCC_GetSysClockFreq
 .text.HAL_RCC_ClockConfig
                0x00000000080095d8      0x13c CMakeFiles/SimpleMessageTransferDemo.elf.dir/Drivers/STM32F4xx_HAL_Driver/Src/stm32f4xx_hal_rcc.c.obj
                0x00000000080095d8                HAL_RCC_ClockConfig
 .text.HAL_RCC_GetPCLK1Freq
                0x0000000008009714       0x20 CMakeFiles/SimpleMessageTransferDemo.elf.dir/Drivers/STM32F4xx_HAL_Driver/Src/stm32f4xx_hal_rcc.c.obj
                0x0000000008009714                HAL_RCC_GetPCLK1Freq
 .text.HAL_RCC_GetPCLK2Freq
                0x0000000008009734       0x20 CMakeFiles/SimpleMessageTransferDemo.elf.dir/Drivers/STM32F4xx_HAL_Driver/Src/stm32f4xx_hal_rcc.c.obj
                0x0000000008009734                HAL_RCC_GetPCLK2Freq
 .text.HAL_RCC_GetClockConfig
                0x0000000008009754       0x44 CMakeFiles/SimpleMessageTransferDemo.elf.dir/Drivers/STM32F4xx_HAL_Driver/Src/stm32f4xx_hal_rcc.c.obj
                0x0000000008009754                HAL_RCC_GetClockConfig
 .text.HAL_TIM_Base_MspInit
                0x0000000008009798        0x4 CMakeFiles/SimpleMessageTransferDemo.elf.dir/Drivers/STM32F4xx_HAL_Driver/Src/stm32f4xx_hal_tim.c.obj
                0x0000000008009798                HAL_TIM_Base_MspInit
 .text.HAL_TIM_Base_Init
                0x000000000800979c      0x11c CMakeFiles/SimpleMessageTransferDemo.elf.dir/Drivers/STM32F4xx_HAL_Driver/Src/stm32f4xx_hal_tim.c.obj
                0x000000000800979c                HAL_TIM_Base_Init
 .text.HAL_TIM_Base_Start_IT
                0x00000000080098b8       0x78 CMakeFiles/SimpleMessageTransferDemo.elf.dir/Drivers/STM32F4xx_HAL_Driver/Src/stm32f4xx_hal_tim.c.obj
                0x00000000080098b8                HAL_TIM_Base_Start_IT
 .text.HAL_TIM_OC_DelayElapsedCallback
                0x0000000008009930        0x4 CMakeFiles/SimpleMessageTransferDemo.elf.dir/Drivers/STM32F4xx_HAL_Driver/Src/stm32f4xx_hal_tim.c.obj
                0x0000000008009930                HAL_TIM_OC_DelayElapsedCallback
 .text.HAL_TIM_IC_CaptureCallback
                0x0000000008009934        0x4 CMakeFiles/SimpleMessageTransferDemo.elf.dir/Drivers/STM32F4xx_HAL_Driver/Src/stm32f4xx_hal_tim.c.obj
                0x0000000008009934                HAL_TIM_IC_CaptureCallback
 .text.HAL_TIM_PWM_PulseFinishedCallback
                0x0000000008009938        0x4 CMakeFiles/SimpleMessageTransferDemo.elf.dir/Drivers/STM32F4xx_HAL_Driver/Src/stm32f4xx_hal_tim.c.obj
                0x0000000008009938                HAL_TIM_PWM_PulseFinishedCallback
 .text.HAL_TIM_TriggerCallback
                0x000000000800993c        0x4 CMakeFiles/SimpleMessageTransferDemo.elf.dir/Drivers/STM32F4xx_HAL_Driver/Src/stm32f4xx_hal_tim.c.obj
                0x000000000800993c                HAL_TIM_TriggerCallback
 .text.HAL_TIM_IRQHandler
                0x0000000008009940      0x154 CMakeFiles/SimpleMessageTransferDemo.elf.dir/Drivers/STM32F4xx_HAL_Driver/Src/stm32f4xx_hal_tim.c.obj
                0x0000000008009940                HAL_TIM_IRQHandler
 .text.HAL_TIMEx_CommutCallback
                0x0000000008009a94        0x4 CMakeFiles/SimpleMessageTransferDemo.elf.dir/Drivers/STM32F4xx_HAL_Driver/Src/stm32f4xx_hal_tim_ex.c.obj
                0x0000000008009a94                HAL_TIMEx_CommutCallback
 .text.HAL_TIMEx_BreakCallback
                0x0000000008009a98        0x4 CMakeFiles/SimpleMessageTransferDemo.elf.dir/Drivers/STM32F4xx_HAL_Driver/Src/stm32f4xx_hal_tim_ex.c.obj
                0x0000000008009a98                HAL_TIMEx_BreakCallback
 .text.HAL_UART_Init
                0x0000000008009a9c      0x134 CMakeFiles/SimpleMessageTransferDemo.elf.dir/Drivers/STM32F4xx_HAL_Driver/Src/stm32f4xx_hal_uart.c.obj
                0x0000000008009a9c                HAL_UART_Init
 .text.HAL_UART_Transmit
                0x0000000008009bd0      0x15c CMakeFiles/SimpleMessageTransferDemo.elf.dir/Drivers/STM32F4xx_HAL_Driver/Src/stm32f4xx_hal_uart.c.obj
                0x0000000008009bd0                HAL_UART_Transmit
 .text.HAL_UART_Transmit_IT
                0x0000000008009d2c       0x44 CMakeFiles/SimpleMessageTransferDemo.elf.dir/Drivers/STM32F4xx_HAL_Driver/Src/stm32f4xx_hal_uart.c.obj
                0x0000000008009d2c                HAL_UART_Transmit_IT
 .text.HAL_UART_RxHalfCpltCallback
                0x0000000008009d70        0x4 CMakeFiles/SimpleMessageTransferDemo.elf.dir/Drivers/STM32F4xx_HAL_Driver/Src/stm32f4xx_hal_uart.c.obj
                0x0000000008009d70                HAL_UART_RxHalfCpltCallback
 .text.UART_DMAError
                0x0000000008009d74       0xbc CMakeFiles/SimpleMessageTransferDemo.elf.dir/Drivers/STM32F4xx_HAL_Driver/Src/stm32f4xx_hal_uart.c.obj
 .text.UART_DMAAbortOnError
                0x0000000008009e30       0x10 CMakeFiles/SimpleMessageTransferDemo.elf.dir/Drivers/STM32F4xx_HAL_Driver/Src/stm32f4xx_hal_uart.c.obj
 .text.UART_DMARxHalfCplt
                0x0000000008009e40       0x1c CMakeFiles/SimpleMessageTransferDemo.elf.dir/Drivers/STM32F4xx_HAL_Driver/Src/stm32f4xx_hal_uart.c.obj
 .text.UART_DMAReceiveCplt
                0x0000000008009e5c       0x94 CMakeFiles/SimpleMessageTransferDemo.elf.dir/Drivers/STM32F4xx_HAL_Driver/Src/stm32f4xx_hal_uart.c.obj
 .text.UART_Receive_IT.part.0.isra.0
                0x0000000008009ef0       0xcc CMakeFiles/SimpleMessageTransferDemo.elf.dir/Drivers/STM32F4xx_HAL_Driver/Src/stm32f4xx_hal_uart.c.obj
 .text.HAL_UART_IRQHandler
                0x0000000008009fbc      0x314 CMakeFiles/SimpleMessageTransferDemo.elf.dir/Drivers/STM32F4xx_HAL_Driver/Src/stm32f4xx_hal_uart.c.obj
                0x0000000008009fbc                HAL_UART_IRQHandler
 .text.UART_Start_Receive_DMA
                0x000000000800a2d0       0xa0 CMakeFiles/SimpleMessageTransferDemo.elf.dir/Drivers/STM32F4xx_HAL_Driver/Src/stm32f4xx_hal_uart.c.obj
                0x000000000800a2d0                UART_Start_Receive_DMA
 .text.HAL_UART_Receive_DMA
                0x000000000800a370       0x38 CMakeFiles/SimpleMessageTransferDemo.elf.dir/Drivers/STM32F4xx_HAL_Driver/Src/stm32f4xx_hal_uart.c.obj
                0x000000000800a370                HAL_UART_Receive_DMA
 .text.HAL_UARTEx_ReceiveToIdle_DMA
                0x000000000800a3a8       0x6c CMakeFiles/SimpleMessageTransferDemo.elf.dir/Drivers/STM32F4xx_HAL_Driver/Src/stm32f4xx_hal_uart.c.obj
                0x000000000800a3a8                HAL_UARTEx_ReceiveToIdle_DMA
 .text.SysTick_Handler
                0x000000000800a414       0x1c CMakeFiles/SimpleMessageTransferDemo.elf.dir/Middlewares/Third_Party/FreeRTOS/Source/CMSIS_RTOS_V2/cmsis_os2.c.obj
                0x000000000800a414                SysTick_Handler
 .text.osKernelInitialize
                0x000000000800a430       0x24 CMakeFiles/SimpleMessageTransferDemo.elf.dir/Middlewares/Third_Party/FreeRTOS/Source/CMSIS_RTOS_V2/cmsis_os2.c.obj
                0x000000000800a430                osKernelInitialize
 .text.osKernelStart
                0x000000000800a454       0x34 CMakeFiles/SimpleMessageTransferDemo.elf.dir/Middlewares/Third_Party/FreeRTOS/Source/CMSIS_RTOS_V2/cmsis_os2.c.obj
                0x000000000800a454                osKernelStart
 .text.osThreadNew
                0x000000000800a488       0x98 CMakeFiles/SimpleMessageTransferDemo.elf.dir/Middlewares/Third_Party/FreeRTOS/Source/CMSIS_RTOS_V2/cmsis_os2.c.obj
                0x000000000800a488                osThreadNew
 .text.osDelay  0x000000000800a520       0x1c CMakeFiles/SimpleMessageTransferDemo.elf.dir/Middlewares/Third_Party/FreeRTOS/Source/CMSIS_RTOS_V2/cmsis_os2.c.obj
                0x000000000800a520                osDelay
 .text.vApplicationGetIdleTaskMemory
                0x000000000800a53c       0x1c CMakeFiles/SimpleMessageTransferDemo.elf.dir/Middlewares/Third_Party/FreeRTOS/Source/CMSIS_RTOS_V2/cmsis_os2.c.obj
                0x000000000800a53c                vApplicationGetIdleTaskMemory
 .text.vApplicationGetTimerTaskMemory
                0x000000000800a558       0x20 CMakeFiles/SimpleMessageTransferDemo.elf.dir/Middlewares/Third_Party/FreeRTOS/Source/CMSIS_RTOS_V2/cmsis_os2.c.obj
                0x000000000800a558                vApplicationGetTimerTaskMemory
 .text.vListInitialise
                0x000000000800a578       0x18 CMakeFiles/SimpleMessageTransferDemo.elf.dir/Middlewares/Third_Party/FreeRTOS/Source/list.c.obj
                0x000000000800a578                vListInitialise
 .text.vListInitialiseItem
                0x000000000800a590        0x8 CMakeFiles/SimpleMessageTransferDemo.elf.dir/Middlewares/Third_Party/FreeRTOS/Source/list.c.obj
                0x000000000800a590                vListInitialiseItem
 .text.vListInsertEnd
                0x000000000800a598       0x20 CMakeFiles/SimpleMessageTransferDemo.elf.dir/Middlewares/Third_Party/FreeRTOS/Source/list.c.obj
                0x000000000800a598                vListInsertEnd
 .text.vListInsert
                0x000000000800a5b8       0x30 CMakeFiles/SimpleMessageTransferDemo.elf.dir/Middlewares/Third_Party/FreeRTOS/Source/list.c.obj
                0x000000000800a5b8                vListInsert
 .text.uxListRemove
                0x000000000800a5e8       0x28 CMakeFiles/SimpleMessageTransferDemo.elf.dir/Middlewares/Third_Party/FreeRTOS/Source/list.c.obj
                0x000000000800a5e8                uxListRemove
 .text.prvPortStartFirstTask
                0x000000000800a610       0x28 CMakeFiles/SimpleMessageTransferDemo.elf.dir/Middlewares/Third_Party/FreeRTOS/Source/portable/GCC/ARM_CM4F/port.c.obj
 .text.vPortEnableVFP
                0x000000000800a638       0x14 CMakeFiles/SimpleMessageTransferDemo.elf.dir/Middlewares/Third_Party/FreeRTOS/Source/portable/GCC/ARM_CM4F/port.c.obj
 .text.prvTaskExitError
                0x000000000800a64c       0x40 CMakeFiles/SimpleMessageTransferDemo.elf.dir/Middlewares/Third_Party/FreeRTOS/Source/portable/GCC/ARM_CM4F/port.c.obj
 .text.pxPortInitialiseStack
                0x000000000800a68c       0x28 CMakeFiles/SimpleMessageTransferDemo.elf.dir/Middlewares/Third_Party/FreeRTOS/Source/portable/GCC/ARM_CM4F/port.c.obj
                0x000000000800a68c                pxPortInitialiseStack
 *fill*         0x000000000800a6b4        0xc 
 .text.SVC_Handler
                0x000000000800a6c0       0x24 CMakeFiles/SimpleMessageTransferDemo.elf.dir/Middlewares/Third_Party/FreeRTOS/Source/portable/GCC/ARM_CM4F/port.c.obj
                0x000000000800a6c0                SVC_Handler
 .text.vPortEnterCritical
                0x000000000800a6e4       0x44 CMakeFiles/SimpleMessageTransferDemo.elf.dir/Middlewares/Third_Party/FreeRTOS/Source/portable/GCC/ARM_CM4F/port.c.obj
                0x000000000800a6e4                vPortEnterCritical
 .text.vPortExitCritical
                0x000000000800a728       0x28 CMakeFiles/SimpleMessageTransferDemo.elf.dir/Middlewares/Third_Party/FreeRTOS/Source/portable/GCC/ARM_CM4F/port.c.obj
                0x000000000800a728                vPortExitCritical
 .text.PendSV_Handler
                0x000000000800a750       0x64 CMakeFiles/SimpleMessageTransferDemo.elf.dir/Middlewares/Third_Party/FreeRTOS/Source/portable/GCC/ARM_CM4F/port.c.obj
                0x000000000800a750                PendSV_Handler
 .text.xPortSysTickHandler
                0x000000000800a7b4       0x2c CMakeFiles/SimpleMessageTransferDemo.elf.dir/Middlewares/Third_Party/FreeRTOS/Source/portable/GCC/ARM_CM4F/port.c.obj
                0x000000000800a7b4                xPortSysTickHandler
 .text.vPortSetupTimerInterrupt
                0x000000000800a7e0       0x28 CMakeFiles/SimpleMessageTransferDemo.elf.dir/Middlewares/Third_Party/FreeRTOS/Source/portable/GCC/ARM_CM4F/port.c.obj
                0x000000000800a7e0                vPortSetupTimerInterrupt
 .text.xPortStartScheduler
                0x000000000800a808      0x140 CMakeFiles/SimpleMessageTransferDemo.elf.dir/Middlewares/Third_Party/FreeRTOS/Source/portable/GCC/ARM_CM4F/port.c.obj
                0x000000000800a808                xPortStartScheduler
 .text.pvPortMalloc
                0x000000000800a948      0x170 CMakeFiles/SimpleMessageTransferDemo.elf.dir/Middlewares/Third_Party/FreeRTOS/Source/portable/MemMang/heap_4.c.obj
                0x000000000800a948                pvPortMalloc
 .text.vPortFree
                0x000000000800aab8       0xc4 CMakeFiles/SimpleMessageTransferDemo.elf.dir/Middlewares/Third_Party/FreeRTOS/Source/portable/MemMang/heap_4.c.obj
                0x000000000800aab8                vPortFree
 .text.prvCopyDataToQueue
                0x000000000800ab7c       0x78 CMakeFiles/SimpleMessageTransferDemo.elf.dir/Middlewares/Third_Party/FreeRTOS/Source/queue.c.obj
 .text.xQueueGenericCreateStatic
                0x000000000800abf4       0xe8 CMakeFiles/SimpleMessageTransferDemo.elf.dir/Middlewares/Third_Party/FreeRTOS/Source/queue.c.obj
                0x000000000800abf4                xQueueGenericCreateStatic
 .text.xQueueGenericSend
                0x000000000800acdc      0x2fc CMakeFiles/SimpleMessageTransferDemo.elf.dir/Middlewares/Third_Party/FreeRTOS/Source/queue.c.obj
                0x000000000800acdc                xQueueGenericSend
 .text.xQueueReceive
                0x000000000800afd8      0x304 CMakeFiles/SimpleMessageTransferDemo.elf.dir/Middlewares/Third_Party/FreeRTOS/Source/queue.c.obj
                0x000000000800afd8                xQueueReceive
 .text.vQueueAddToRegistry
                0x000000000800b2dc       0x50 CMakeFiles/SimpleMessageTransferDemo.elf.dir/Middlewares/Third_Party/FreeRTOS/Source/queue.c.obj
                0x000000000800b2dc                vQueueAddToRegistry
 .text.vQueueWaitForMessageRestricted
                0x000000000800b32c       0xc8 CMakeFiles/SimpleMessageTransferDemo.elf.dir/Middlewares/Third_Party/FreeRTOS/Source/queue.c.obj
                0x000000000800b32c                vQueueWaitForMessageRestricted
 .text.prvAddNewTaskToReadyList
                0x000000000800b3f4      0x110 CMakeFiles/SimpleMessageTransferDemo.elf.dir/Middlewares/Third_Party/FreeRTOS/Source/tasks.c.obj
 .text.prvInitialiseNewTask.constprop.0
                0x000000000800b504      0x130 CMakeFiles/SimpleMessageTransferDemo.elf.dir/Middlewares/Third_Party/FreeRTOS/Source/tasks.c.obj
 .text.prvIdleTask
                0x000000000800b634       0x98 CMakeFiles/SimpleMessageTransferDemo.elf.dir/Middlewares/Third_Party/FreeRTOS/Source/tasks.c.obj
 .text.xTaskIncrementTick.part.0
                0x000000000800b6cc      0x148 CMakeFiles/SimpleMessageTransferDemo.elf.dir/Middlewares/Third_Party/FreeRTOS/Source/tasks.c.obj
 .text.xTaskResumeAll.part.0
                0x000000000800b814      0x134 CMakeFiles/SimpleMessageTransferDemo.elf.dir/Middlewares/Third_Party/FreeRTOS/Source/tasks.c.obj
 .text.xTaskCreateStatic
                0x000000000800b948       0x74 CMakeFiles/SimpleMessageTransferDemo.elf.dir/Middlewares/Third_Party/FreeRTOS/Source/tasks.c.obj
                0x000000000800b948                xTaskCreateStatic
 .text.xTaskCreate
                0x000000000800b9bc       0x64 CMakeFiles/SimpleMessageTransferDemo.elf.dir/Middlewares/Third_Party/FreeRTOS/Source/tasks.c.obj
                0x000000000800b9bc                xTaskCreate
 .text.vTaskDelay
                0x000000000800ba20       0xac CMakeFiles/SimpleMessageTransferDemo.elf.dir/Middlewares/Third_Party/FreeRTOS/Source/tasks.c.obj
                0x000000000800ba20                vTaskDelay
 .text.vTaskStartScheduler
                0x000000000800bacc      0x11c CMakeFiles/SimpleMessageTransferDemo.elf.dir/Middlewares/Third_Party/FreeRTOS/Source/tasks.c.obj
                0x000000000800bacc                vTaskStartScheduler
 .text.vTaskSuspendAll
                0x000000000800bbe8       0x10 CMakeFiles/SimpleMessageTransferDemo.elf.dir/Middlewares/Third_Party/FreeRTOS/Source/tasks.c.obj
                0x000000000800bbe8                vTaskSuspendAll
 .text.xTaskResumeAll
                0x000000000800bbf8       0x20 CMakeFiles/SimpleMessageTransferDemo.elf.dir/Middlewares/Third_Party/FreeRTOS/Source/tasks.c.obj
                0x000000000800bbf8                xTaskResumeAll
 .text.xTaskGetTickCount
                0x000000000800bc18        0xc CMakeFiles/SimpleMessageTransferDemo.elf.dir/Middlewares/Third_Party/FreeRTOS/Source/tasks.c.obj
                0x000000000800bc18                xTaskGetTickCount
 .text.xTaskIncrementTick
                0x000000000800bc24       0x20 CMakeFiles/SimpleMessageTransferDemo.elf.dir/Middlewares/Third_Party/FreeRTOS/Source/tasks.c.obj
                0x000000000800bc24                xTaskIncrementTick
 .text.vTaskSwitchContext
                0x000000000800bc44       0x88 CMakeFiles/SimpleMessageTransferDemo.elf.dir/Middlewares/Third_Party/FreeRTOS/Source/tasks.c.obj
                0x000000000800bc44                vTaskSwitchContext
 .text.vTaskPlaceOnEventList
                0x000000000800bccc       0x88 CMakeFiles/SimpleMessageTransferDemo.elf.dir/Middlewares/Third_Party/FreeRTOS/Source/tasks.c.obj
                0x000000000800bccc                vTaskPlaceOnEventList
 .text.vTaskPlaceOnEventListRestricted
                0x000000000800bd54       0x94 CMakeFiles/SimpleMessageTransferDemo.elf.dir/Middlewares/Third_Party/FreeRTOS/Source/tasks.c.obj
                0x000000000800bd54                vTaskPlaceOnEventListRestricted
 .text.xTaskRemoveFromEventList
                0x000000000800bde8       0x90 CMakeFiles/SimpleMessageTransferDemo.elf.dir/Middlewares/Third_Party/FreeRTOS/Source/tasks.c.obj
                0x000000000800bde8                xTaskRemoveFromEventList
 .text.vTaskInternalSetTimeOutState
                0x000000000800be78       0x18 CMakeFiles/SimpleMessageTransferDemo.elf.dir/Middlewares/Third_Party/FreeRTOS/Source/tasks.c.obj
                0x000000000800be78                vTaskInternalSetTimeOutState
 .text.xTaskCheckForTimeOut
                0x000000000800be90       0x90 CMakeFiles/SimpleMessageTransferDemo.elf.dir/Middlewares/Third_Party/FreeRTOS/Source/tasks.c.obj
                0x000000000800be90                xTaskCheckForTimeOut
 .text.vTaskMissedYield
                0x000000000800bf20        0xc CMakeFiles/SimpleMessageTransferDemo.elf.dir/Middlewares/Third_Party/FreeRTOS/Source/tasks.c.obj
                0x000000000800bf20                vTaskMissedYield
 .text.xTaskGetSchedulerState
                0x000000000800bf2c       0x20 CMakeFiles/SimpleMessageTransferDemo.elf.dir/Middlewares/Third_Party/FreeRTOS/Source/tasks.c.obj
                0x000000000800bf2c                xTaskGetSchedulerState
 .text.xTaskPriorityDisinherit
                0x000000000800bf4c       0x8c CMakeFiles/SimpleMessageTransferDemo.elf.dir/Middlewares/Third_Party/FreeRTOS/Source/tasks.c.obj
                0x000000000800bf4c                xTaskPriorityDisinherit
 .text.prvSwitchTimerLists
                0x000000000800bfd8       0x9c CMakeFiles/SimpleMessageTransferDemo.elf.dir/Middlewares/Third_Party/FreeRTOS/Source/timers.c.obj
 .text.prvTimerTask
                0x000000000800c074      0x284 CMakeFiles/SimpleMessageTransferDemo.elf.dir/Middlewares/Third_Party/FreeRTOS/Source/timers.c.obj
 .text.xTimerCreateTimerTask
                0x000000000800c2f8       0xbc CMakeFiles/SimpleMessageTransferDemo.elf.dir/Middlewares/Third_Party/FreeRTOS/Source/timers.c.obj
                0x000000000800c2f8                xTimerCreateTimerTask
 .text._ZN14Crc8CalculatorC2Eh
                0x000000000800c3b4       0xc4 CMakeFiles/SimpleMessageTransferDemo.elf.dir/rdk/core/transfer/crc.cpp.obj
                0x000000000800c3b4                Crc8Calculator::Crc8Calculator(unsigned char)
                0x000000000800c3b4                Crc8Calculator::Crc8Calculator(unsigned char)
 .text._ZN14Crc8CalculatorD2Ev
                0x000000000800c478        0x4 CMakeFiles/SimpleMessageTransferDemo.elf.dir/rdk/core/transfer/crc.cpp.obj
                0x000000000800c478                Crc8Calculator::~Crc8Calculator()
                0x000000000800c478                Crc8Calculator::~Crc8Calculator()
 .text._ZN14Crc8Calculator13process_bytesEPhj
                0x000000000800c47c       0x1c CMakeFiles/SimpleMessageTransferDemo.elf.dir/rdk/core/transfer/crc.cpp.obj
                0x000000000800c47c                Crc8Calculator::process_bytes(unsigned char*, unsigned int)
 .text._ZN14Crc8Calculator8checksumEv
                0x000000000800c498        0x4 CMakeFiles/SimpleMessageTransferDemo.elf.dir/rdk/core/transfer/crc.cpp.obj
                0x000000000800c498                Crc8Calculator::checksum()
 .text._ZN8IOStreamC2Ev
                0x000000000800c49c        0xc CMakeFiles/SimpleMessageTransferDemo.elf.dir/rdk/core/transfer/io_stream.cpp.obj
                0x000000000800c49c                IOStream::IOStream()
                0x000000000800c49c                IOStream::IOStream()
 .text._ZN8IOStreamD2Ev
                0x000000000800c4a8        0x4 CMakeFiles/SimpleMessageTransferDemo.elf.dir/rdk/core/transfer/io_stream.cpp.obj
                0x000000000800c4a8                IOStream::~IOStream()
                0x000000000800c4a8                IOStream::~IOStream()
 .text._ZN10SerialPort4readEPci
                0x000000000800c4ac       0x14 CMakeFiles/SimpleMessageTransferDemo.elf.dir/rdk/core/transfer/serial_port.cpp.obj
                0x000000000800c4ac                SerialPort::read(char*, int)
 .text._ZN10SerialPort11async_writeEPciSt8functionIFvjEE
                0x000000000800c4c0       0x88 CMakeFiles/SimpleMessageTransferDemo.elf.dir/rdk/core/transfer/serial_port.cpp.obj
                0x000000000800c4c0                SerialPort::async_write(char*, int, std::function<void (unsigned int)>)
 .text._ZN10SerialPort5writeEPcii
                0x000000000800c548       0x10 CMakeFiles/SimpleMessageTransferDemo.elf.dir/rdk/core/transfer/serial_port.cpp.obj
                0x000000000800c548                SerialPort::write(char*, int, int)
 .text._ZN14CircularBufferIhLj1024EE20BufferEmptyExceptionD2Ev
                0x000000000800c558       0x1c CMakeFiles/SimpleMessageTransferDemo.elf.dir/rdk/core/transfer/serial_port.cpp.obj
                0x000000000800c558                CircularBuffer<unsigned char, 1024u>::BufferEmptyException::~BufferEmptyException()
                0x000000000800c558                CircularBuffer<unsigned char, 1024u>::BufferEmptyException::~BufferEmptyException()
 .text._ZN10SerialPort5writeEPci
                0x000000000800c574       0x2c CMakeFiles/SimpleMessageTransferDemo.elf.dir/rdk/core/transfer/serial_port.cpp.obj
                0x000000000800c574                SerialPort::write(char*, int)
 .text._ZN10SerialPort10async_readEPciSt8functionIFvjEE
                0x000000000800c5a0       0x88 CMakeFiles/SimpleMessageTransferDemo.elf.dir/rdk/core/transfer/serial_port.cpp.obj
                0x000000000800c5a0                SerialPort::async_read(char*, int, std::function<void (unsigned int)>)
 .text._ZN10SerialPort4readEPcii
                0x000000000800c628       0xf0 CMakeFiles/SimpleMessageTransferDemo.elf.dir/rdk/core/transfer/serial_port.cpp.obj
                0x000000000800c628                SerialPort::read(char*, int, int)
 .text._ZN10SerialPortC2EP20__UART_HandleTypeDef
                0x000000000800c718       0x74 CMakeFiles/SimpleMessageTransferDemo.elf.dir/rdk/core/transfer/serial_port.cpp.obj
                0x000000000800c718                SerialPort::SerialPort(__UART_HandleTypeDef*)
                0x000000000800c718                SerialPort::SerialPort(__UART_HandleTypeDef*)
 .text._ZN10SerialPortD2Ev
                0x000000000800c78c       0x34 CMakeFiles/SimpleMessageTransferDemo.elf.dir/rdk/core/transfer/serial_port.cpp.obj
                0x000000000800c78c                SerialPort::~SerialPort()
                0x000000000800c78c                SerialPort::~SerialPort()
 .text._ZN10SerialPort28OnHAL_UARTEx_RxEventCallbackEP20__UART_HandleTypeDeft
                0x000000000800c7c0       0xf0 CMakeFiles/SimpleMessageTransferDemo.elf.dir/rdk/core/transfer/serial_port.cpp.obj
                0x000000000800c7c0                SerialPort::OnHAL_UARTEx_RxEventCallback(__UART_HandleTypeDef*, unsigned short)
 .text._ZN10SerialPort25OnHAL_UART_TxCpltCallbackEP20__UART_HandleTypeDef
                0x000000000800c8b0       0x30 CMakeFiles/SimpleMessageTransferDemo.elf.dir/rdk/core/transfer/serial_port.cpp.obj
                0x000000000800c8b0                SerialPort::OnHAL_UART_TxCpltCallback(__UART_HandleTypeDef*)
 .text._ZN10SerialPort25OnHAL_UART_RxCpltCallbackEP20__UART_HandleTypeDef
                0x000000000800c8e0       0x30 CMakeFiles/SimpleMessageTransferDemo.elf.dir/rdk/core/transfer/serial_port.cpp.obj
                0x000000000800c8e0                SerialPort::OnHAL_UART_RxCpltCallback(__UART_HandleTypeDef*)
 .text._ZN10SerialPort24OnHAL_UART_ErrorCallbackEP20__UART_HandleTypeDef
                0x000000000800c910       0x30 CMakeFiles/SimpleMessageTransferDemo.elf.dir/rdk/core/transfer/serial_port.cpp.obj
                0x000000000800c910                SerialPort::OnHAL_UART_ErrorCallback(__UART_HandleTypeDef*)
 .text._ZNSt23_Sp_counted_ptr_inplaceI14Crc8CalculatorSaIS0_ELN9__gnu_cxx12_Lock_policyE0EED2Ev
                0x000000000800c940        0x4 CMakeFiles/SimpleMessageTransferDemo.elf.dir/rdk/core/transfer/simple_message_transfer.cpp.obj
                0x000000000800c940                std::_Sp_counted_ptr_inplace<Crc8Calculator, std::allocator<Crc8Calculator>, (__gnu_cxx::_Lock_policy)0>::~_Sp_counted_ptr_inplace()
                0x000000000800c940                std::_Sp_counted_ptr_inplace<Crc8Calculator, std::allocator<Crc8Calculator>, (__gnu_cxx::_Lock_policy)0>::~_Sp_counted_ptr_inplace()
 .text._ZNSt23_Sp_counted_ptr_inplaceI14Crc8CalculatorSaIS0_ELN9__gnu_cxx12_Lock_policyE0EE10_M_disposeEv
                0x000000000800c944        0x8 CMakeFiles/SimpleMessageTransferDemo.elf.dir/rdk/core/transfer/simple_message_transfer.cpp.obj
                0x000000000800c944                std::_Sp_counted_ptr_inplace<Crc8Calculator, std::allocator<Crc8Calculator>, (__gnu_cxx::_Lock_policy)0>::_M_dispose()
 .text._ZNSt23_Sp_counted_ptr_inplaceI14Crc8CalculatorSaIS0_ELN9__gnu_cxx12_Lock_policyE0EE14_M_get_deleterERKSt9type_info
                0x000000000800c94c       0x28 CMakeFiles/SimpleMessageTransferDemo.elf.dir/rdk/core/transfer/simple_message_transfer.cpp.obj
                0x000000000800c94c                std::_Sp_counted_ptr_inplace<Crc8Calculator, std::allocator<Crc8Calculator>, (__gnu_cxx::_Lock_policy)0>::_M_get_deleter(std::type_info const&)
 .text._ZNSt23_Sp_counted_ptr_inplaceI14Crc8CalculatorSaIS0_ELN9__gnu_cxx12_Lock_policyE0EED0Ev
                0x000000000800c974       0x10 CMakeFiles/SimpleMessageTransferDemo.elf.dir/rdk/core/transfer/simple_message_transfer.cpp.obj
                0x000000000800c974                std::_Sp_counted_ptr_inplace<Crc8Calculator, std::allocator<Crc8Calculator>, (__gnu_cxx::_Lock_policy)0>::~_Sp_counted_ptr_inplace()
 .text._ZNSt23_Sp_counted_ptr_inplaceI14Crc8CalculatorSaIS0_ELN9__gnu_cxx12_Lock_policyE0EE10_M_destroyEv
                0x000000000800c984        0x8 CMakeFiles/SimpleMessageTransferDemo.elf.dir/rdk/core/transfer/simple_message_transfer.cpp.obj
                0x000000000800c984                std::_Sp_counted_ptr_inplace<Crc8Calculator, std::allocator<Crc8Calculator>, (__gnu_cxx::_Lock_policy)0>::_M_destroy()
 .text._ZNSt7__cxx119to_stringEj
                0x000000000800c98c      0x128 CMakeFiles/SimpleMessageTransferDemo.elf.dir/rdk/core/transfer/simple_message_transfer.cpp.obj
                0x000000000800c98c                std::__cxx11::to_string(unsigned int)
 .text._ZN21SimpleMessageTransferD2Ev
                0x000000000800cab4       0x54 CMakeFiles/SimpleMessageTransferDemo.elf.dir/rdk/core/transfer/simple_message_transfer.cpp.obj
                0x000000000800cab4                SimpleMessageTransfer::~SimpleMessageTransfer()
                0x000000000800cab4                SimpleMessageTransfer::~SimpleMessageTransfer()
 .text._ZN21SimpleMessageTransfer6decodeB5cxx11Ej
                0x000000000800cb08       0xa0 CMakeFiles/SimpleMessageTransferDemo.elf.dir/rdk/core/transfer/simple_message_transfer.cpp.obj
                0x000000000800cb08                SimpleMessageTransfer::decode[abi:cxx11](unsigned int)
 .text._ZN21SimpleMessageTransfer12recv_messageB5cxx11Ei
                0x000000000800cba8      0x118 CMakeFiles/SimpleMessageTransferDemo.elf.dir/rdk/core/transfer/simple_message_transfer.cpp.obj
                0x000000000800cba8                SimpleMessageTransfer::recv_message[abi:cxx11](int)
 .text._ZNSt14__shared_countILN9__gnu_cxx12_Lock_policyE0EED2Ev
                0x000000000800ccc0       0x2c CMakeFiles/SimpleMessageTransferDemo.elf.dir/rdk/core/transfer/simple_message_transfer.cpp.obj
                0x000000000800ccc0                std::__shared_count<(__gnu_cxx::_Lock_policy)0>::~__shared_count()
                0x000000000800ccc0                std::__shared_count<(__gnu_cxx::_Lock_policy)0>::~__shared_count()
 .text._ZN21SimpleMessageTransferC2ESt10shared_ptrI8IOStreamE
                0x000000000800ccec       0x9c CMakeFiles/SimpleMessageTransferDemo.elf.dir/rdk/core/transfer/simple_message_transfer.cpp.obj
                0x000000000800ccec                SimpleMessageTransfer::SimpleMessageTransfer(std::shared_ptr<IOStream>)
                0x000000000800ccec                SimpleMessageTransfer::SimpleMessageTransfer(std::shared_ptr<IOStream>)
 .text._ZStplIcSt11char_traitsIcESaIcEENSt7__cxx1112basic_stringIT_T0_T1_EEOS8_S9_
                0x000000000800cd88       0x94 CMakeFiles/SimpleMessageTransferDemo.elf.dir/rdk/core/transfer/simple_message_transfer.cpp.obj
                0x000000000800cd88                std::__cxx11::basic_string<char, std::char_traits<char>, std::allocator<char> > std::operator+<char, std::char_traits<char>, std::allocator<char> >(std::__cxx11::basic_string<char, std::char_traits<char>, std::allocator<char> >&&, std::__cxx11::basic_string<char, std::char_traits<char>, std::allocator<char> >&&)
 .text._ZN21SimpleMessageTransfer17check_message_lenERKNSt7__cxx1112basic_stringIcSt11char_traitsIcESaIcEEE
                0x000000000800ce1c      0x228 CMakeFiles/SimpleMessageTransferDemo.elf.dir/rdk/core/transfer/simple_message_transfer.cpp.obj
                0x000000000800ce1c                SimpleMessageTransfer::check_message_len(std::__cxx11::basic_string<char, std::char_traits<char>, std::allocator<char> > const&)
 .text._ZN21SimpleMessageTransfer12send_messageERKNSt7__cxx1112basic_stringIcSt11char_traitsIcESaIcEEE
                0x000000000800d044       0x58 CMakeFiles/SimpleMessageTransferDemo.elf.dir/rdk/core/transfer/simple_message_transfer.cpp.obj
                0x000000000800d044                SimpleMessageTransfer::send_message(std::__cxx11::basic_string<char, std::char_traits<char>, std::allocator<char> > const&)
 .text.__aeabi_atexit
                0x000000000800d09c        0xc /Applications/ARM/bin/../lib/gcc/arm-none-eabi/10.3.1/../../../../arm-none-eabi/lib/thumb/v7e-m+fp/hard/libstdc++.a(atexit_arm.o)
                0x000000000800d09c                __aeabi_atexit
 .text._ZNK10__cxxabiv117__class_type_info11__do_upcastEPKS0_PPv
                0x000000000800d0a8       0x34 /Applications/ARM/bin/../lib/gcc/arm-none-eabi/10.3.1/../../../../arm-none-eabi/lib/thumb/v7e-m+fp/hard/libstdc++.a(class_type_info.o)
                0x000000000800d0a8                __cxxabiv1::__class_type_info::__do_upcast(__cxxabiv1::__class_type_info const*, void**) const
 .text._ZNK10__cxxabiv117__class_type_info20__do_find_public_srcEiPKvPKS0_S2_
                0x000000000800d0dc        0xc /Applications/ARM/bin/../lib/gcc/arm-none-eabi/10.3.1/../../../../arm-none-eabi/lib/thumb/v7e-m+fp/hard/libstdc++.a(class_type_info.o)
                0x000000000800d0dc                __cxxabiv1::__class_type_info::__do_find_public_src(int, void const*, __cxxabiv1::__class_type_info const*, void const*) const
 .text._ZN10__cxxabiv117__class_type_infoD2Ev
                0x000000000800d0e8       0x14 /Applications/ARM/bin/../lib/gcc/arm-none-eabi/10.3.1/../../../../arm-none-eabi/lib/thumb/v7e-m+fp/hard/libstdc++.a(class_type_info.o)
                0x000000000800d0e8                __cxxabiv1::__class_type_info::~__class_type_info()
                0x000000000800d0e8                __cxxabiv1::__class_type_info::~__class_type_info()
 .text._ZN10__cxxabiv117__class_type_infoD0Ev
                0x000000000800d0fc       0x1c /Applications/ARM/bin/../lib/gcc/arm-none-eabi/10.3.1/../../../../arm-none-eabi/lib/thumb/v7e-m+fp/hard/libstdc++.a(class_type_info.o)
                0x000000000800d0fc                __cxxabiv1::__class_type_info::~__class_type_info()
 .text._ZNK10__cxxabiv117__class_type_info12__do_dyncastEiNS0_10__sub_kindEPKS0_PKvS3_S5_RNS0_16__dyncast_resultE
                0x000000000800d118       0x44 /Applications/ARM/bin/../lib/gcc/arm-none-eabi/10.3.1/../../../../arm-none-eabi/lib/thumb/v7e-m+fp/hard/libstdc++.a(class_type_info.o)
                0x000000000800d118                __cxxabiv1::__class_type_info::__do_dyncast(int, __cxxabiv1::__class_type_info::__sub_kind, __cxxabiv1::__class_type_info const*, void const*, __cxxabiv1::__class_type_info const*, void const*, __cxxabiv1::__class_type_info::__dyncast_result&) const
 .text._ZNK10__cxxabiv117__class_type_info11__do_upcastEPKS0_PKvRNS0_15__upcast_resultE
                0x000000000800d15c       0x1c /Applications/ARM/bin/../lib/gcc/arm-none-eabi/10.3.1/../../../../arm-none-eabi/lib/thumb/v7e-m+fp/hard/libstdc++.a(class_type_info.o)
                0x000000000800d15c                __cxxabiv1::__class_type_info::__do_upcast(__cxxabiv1::__class_type_info const*, void const*, __cxxabiv1::__class_type_info::__upcast_result&) const
 .text._ZNK10__cxxabiv117__class_type_info10__do_catchEPKSt9type_infoPPvj
                0x000000000800d178       0x2c /Applications/ARM/bin/../lib/gcc/arm-none-eabi/10.3.1/../../../../arm-none-eabi/lib/thumb/v7e-m+fp/hard/libstdc++.a(class_type_info.o)
                0x000000000800d178                __cxxabiv1::__class_type_info::__do_catch(std::type_info const*, void**, unsigned int) const
 .text._ZdlPvj  0x000000000800d1a4        0x4 /Applications/ARM/bin/../lib/gcc/arm-none-eabi/10.3.1/../../../../arm-none-eabi/lib/thumb/v7e-m+fp/hard/libstdc++.a(del_ops.o)
                0x000000000800d1a4                operator delete(void*, unsigned int)
 .text._ZN12_GLOBAL__N_14pool4freeEPv.constprop.0
                0x000000000800d1a8       0x88 /Applications/ARM/bin/../lib/gcc/arm-none-eabi/10.3.1/../../../../arm-none-eabi/lib/thumb/v7e-m+fp/hard/libstdc++.a(eh_alloc.o)
 .text._ZN12_GLOBAL__N_14pool8allocateEj.constprop.0
                0x000000000800d230       0x58 /Applications/ARM/bin/../lib/gcc/arm-none-eabi/10.3.1/../../../../arm-none-eabi/lib/thumb/v7e-m+fp/hard/libstdc++.a(eh_alloc.o)
 .text.__cxa_allocate_exception
                0x000000000800d288       0x30 /Applications/ARM/bin/../lib/gcc/arm-none-eabi/10.3.1/../../../../arm-none-eabi/lib/thumb/v7e-m+fp/hard/libstdc++.a(eh_alloc.o)
                0x000000000800d288                __cxa_allocate_exception
 .text.__cxa_free_exception
                0x000000000800d2b8       0x20 /Applications/ARM/bin/../lib/gcc/arm-none-eabi/10.3.1/../../../../arm-none-eabi/lib/thumb/v7e-m+fp/hard/libstdc++.a(eh_alloc.o)
                0x000000000800d2b8                __cxa_free_exception
 .text.startup._GLOBAL__sub_I__ZN9__gnu_cxx9__freeresEv
                0x000000000800d2d8       0x28 /Applications/ARM/bin/../lib/gcc/arm-none-eabi/10.3.1/../../../../arm-none-eabi/lib/thumb/v7e-m+fp/hard/libstdc++.a(eh_alloc.o)
 .text.__cxa_end_cleanup
                0x000000000800d300        0xc /Applications/ARM/bin/../lib/gcc/arm-none-eabi/10.3.1/../../../../arm-none-eabi/lib/thumb/v7e-m+fp/hard/libstdc++.a(eh_arm.o)
                0x000000000800d300                __cxa_end_cleanup
 .text.__cxa_type_match
                0x000000000800d30c       0xb4 /Applications/ARM/bin/../lib/gcc/arm-none-eabi/10.3.1/../../../../arm-none-eabi/lib/thumb/v7e-m+fp/hard/libstdc++.a(eh_arm.o)
                0x000000000800d30c                __cxa_type_match
 .text.__cxa_begin_cleanup
                0x000000000800d3c0       0x64 /Applications/ARM/bin/../lib/gcc/arm-none-eabi/10.3.1/../../../../arm-none-eabi/lib/thumb/v7e-m+fp/hard/libstdc++.a(eh_arm.o)
                0x000000000800d3c0                __cxa_begin_cleanup
 .text.__gnu_end_cleanup
                0x000000000800d424       0x70 /Applications/ARM/bin/../lib/gcc/arm-none-eabi/10.3.1/../../../../arm-none-eabi/lib/thumb/v7e-m+fp/hard/libstdc++.a(eh_arm.o)
                0x000000000800d424                __gnu_end_cleanup
 .text._ZNSt9exceptionD2Ev
                0x000000000800d494        0x4 /Applications/ARM/bin/../lib/gcc/arm-none-eabi/10.3.1/../../../../arm-none-eabi/lib/thumb/v7e-m+fp/hard/libstdc++.a(eh_exception.o)
                0x000000000800d494                std::exception::~exception()
                0x000000000800d494                std::exception::~exception()
 .text._ZNSt13bad_exceptionD2Ev
                0x000000000800d498        0x4 /Applications/ARM/bin/../lib/gcc/arm-none-eabi/10.3.1/../../../../arm-none-eabi/lib/thumb/v7e-m+fp/hard/libstdc++.a(eh_exception.o)
                0x000000000800d498                std::bad_exception::~bad_exception()
                0x000000000800d498                std::bad_exception::~bad_exception()
 .text._ZNKSt13bad_exception4whatEv
                0x000000000800d49c        0x8 /Applications/ARM/bin/../lib/gcc/arm-none-eabi/10.3.1/../../../../arm-none-eabi/lib/thumb/v7e-m+fp/hard/libstdc++.a(eh_exception.o)
                0x000000000800d49c                transaction clone for std::bad_exception::what() const
                0x000000000800d49c                std::bad_exception::what() const
 .text._ZNSt13bad_exceptionD0Ev
                0x000000000800d4a4       0x10 /Applications/ARM/bin/../lib/gcc/arm-none-eabi/10.3.1/../../../../arm-none-eabi/lib/thumb/v7e-m+fp/hard/libstdc++.a(eh_exception.o)
                0x000000000800d4a4                std::bad_exception::~bad_exception()
 .text.__cxa_get_globals_fast
                0x000000000800d4b4        0x8 /Applications/ARM/bin/../lib/gcc/arm-none-eabi/10.3.1/../../../../arm-none-eabi/lib/thumb/v7e-m+fp/hard/libstdc++.a(eh_globals.o)
                0x000000000800d4b4                __cxa_get_globals_fast
 .text.__cxa_get_globals
                0x000000000800d4bc        0x8 /Applications/ARM/bin/../lib/gcc/arm-none-eabi/10.3.1/../../../../arm-none-eabi/lib/thumb/v7e-m+fp/hard/libstdc++.a(eh_globals.o)
                0x000000000800d4bc                __cxa_get_globals
 .text._ZL28read_encoded_value_with_basehjPKhPj
                0x000000000800d4c4       0xc0 /Applications/ARM/bin/../lib/gcc/arm-none-eabi/10.3.1/../../../../arm-none-eabi/lib/thumb/v7e-m+fp/hard/libstdc++.a(eh_personality.o)
 .text._ZL21base_of_encoded_valuehP15_Unwind_Context
                0x000000000800d584       0x50 /Applications/ARM/bin/../lib/gcc/arm-none-eabi/10.3.1/../../../../arm-none-eabi/lib/thumb/v7e-m+fp/hard/libstdc++.a(eh_personality.o)
 .text._ZL17parse_lsda_headerP15_Unwind_ContextPKhP16lsda_header_info
                0x000000000800d5d4       0x94 /Applications/ARM/bin/../lib/gcc/arm-none-eabi/10.3.1/../../../../arm-none-eabi/lib/thumb/v7e-m+fp/hard/libstdc++.a(eh_personality.o)
 .text.__gxx_personality_v0
                0x000000000800d668      0x4a8 /Applications/ARM/bin/../lib/gcc/arm-none-eabi/10.3.1/../../../../arm-none-eabi/lib/thumb/v7e-m+fp/hard/libstdc++.a(eh_personality.o)
                0x000000000800d668                __gxx_personality_v0
 .text._ZN10__cxxabiv111__terminateEPFvvE
                0x000000000800db10       0x28 /Applications/ARM/bin/../lib/gcc/arm-none-eabi/10.3.1/../../../../arm-none-eabi/lib/thumb/v7e-m+fp/hard/libstdc++.a(eh_terminate.o)
                0x000000000800db10                __cxxabiv1::__terminate(void (*)())
 .text._ZSt9terminatev
                0x000000000800db38       0x14 /Applications/ARM/bin/../lib/gcc/arm-none-eabi/10.3.1/../../../../arm-none-eabi/lib/thumb/v7e-m+fp/hard/libstdc++.a(eh_terminate.o)
                0x000000000800db38                std::terminate()
 .text._ZN10__cxxabiv112__unexpectedEPFvvE
                0x000000000800db4c        0x8 /Applications/ARM/bin/../lib/gcc/arm-none-eabi/10.3.1/../../../../arm-none-eabi/lib/thumb/v7e-m+fp/hard/libstdc++.a(eh_terminate.o)
                0x000000000800db4c                __cxxabiv1::__unexpected(void (*)())
 .text._ZSt10unexpectedv
                0x000000000800db54       0x14 /Applications/ARM/bin/../lib/gcc/arm-none-eabi/10.3.1/../../../../arm-none-eabi/lib/thumb/v7e-m+fp/hard/libstdc++.a(eh_terminate.o)
                0x000000000800db54                std::unexpected()
 .text._ZSt13get_terminatev
                0x000000000800db68       0x10 /Applications/ARM/bin/../lib/gcc/arm-none-eabi/10.3.1/../../../../arm-none-eabi/lib/thumb/v7e-m+fp/hard/libstdc++.a(eh_terminate.o)
                0x000000000800db68                std::get_terminate()
 .text._ZSt14get_unexpectedv
                0x000000000800db78       0x10 /Applications/ARM/bin/../lib/gcc/arm-none-eabi/10.3.1/../../../../arm-none-eabi/lib/thumb/v7e-m+fp/hard/libstdc++.a(eh_terminate.o)
                0x000000000800db78                std::get_unexpected()
 .text._ZL23__gxx_exception_cleanup19_Unwind_Reason_CodeP21_Unwind_Control_Block
                0x000000000800db88       0x4c /Applications/ARM/bin/../lib/gcc/arm-none-eabi/10.3.1/../../../../arm-none-eabi/lib/thumb/v7e-m+fp/hard/libstdc++.a(eh_throw.o)
 .text.__cxa_init_primary_exception
                0x000000000800dbd4       0x58 /Applications/ARM/bin/../lib/gcc/arm-none-eabi/10.3.1/../../../../arm-none-eabi/lib/thumb/v7e-m+fp/hard/libstdc++.a(eh_throw.o)
                0x000000000800dbd4                __cxa_init_primary_exception
 .text.__cxa_throw
                0x000000000800dc2c       0x38 /Applications/ARM/bin/../lib/gcc/arm-none-eabi/10.3.1/../../../../arm-none-eabi/lib/thumb/v7e-m+fp/hard/libstdc++.a(eh_throw.o)
                0x000000000800dc2c                __cxa_throw
 .text.__cxa_rethrow
                0x000000000800dc64       0x70 /Applications/ARM/bin/../lib/gcc/arm-none-eabi/10.3.1/../../../../arm-none-eabi/lib/thumb/v7e-m+fp/hard/libstdc++.a(eh_throw.o)
                0x000000000800dc64                __cxa_rethrow
 .text._Znwj    0x000000000800dcd4       0x3c /Applications/ARM/bin/../lib/gcc/arm-none-eabi/10.3.1/../../../../arm-none-eabi/lib/thumb/v7e-m+fp/hard/libstdc++.a(new_op.o)
                0x000000000800dcd4                operator new(unsigned int)
 .text.__cxa_pure_virtual
                0x000000000800dd10       0x14 /Applications/ARM/bin/../lib/gcc/arm-none-eabi/10.3.1/../../../../arm-none-eabi/lib/thumb/v7e-m+fp/hard/libstdc++.a(pure.o)
                0x000000000800dd10                __cxa_pure_virtual
 .text._ZN10__cxxabiv120__si_class_type_infoD2Ev
                0x000000000800dd24       0x14 /Applications/ARM/bin/../lib/gcc/arm-none-eabi/10.3.1/../../../../arm-none-eabi/lib/thumb/v7e-m+fp/hard/libstdc++.a(si_class_type_info.o)
                0x000000000800dd24                __cxxabiv1::__si_class_type_info::~__si_class_type_info()
                0x000000000800dd24                __cxxabiv1::__si_class_type_info::~__si_class_type_info()
 .text._ZN10__cxxabiv120__si_class_type_infoD0Ev
                0x000000000800dd38       0x1c /Applications/ARM/bin/../lib/gcc/arm-none-eabi/10.3.1/../../../../arm-none-eabi/lib/thumb/v7e-m+fp/hard/libstdc++.a(si_class_type_info.o)
                0x000000000800dd38                __cxxabiv1::__si_class_type_info::~__si_class_type_info()
 .text._ZNK10__cxxabiv120__si_class_type_info20__do_find_public_srcEiPKvPKNS_17__class_type_infoES2_
                0x000000000800dd54       0x3c /Applications/ARM/bin/../lib/gcc/arm-none-eabi/10.3.1/../../../../arm-none-eabi/lib/thumb/v7e-m+fp/hard/libstdc++.a(si_class_type_info.o)
                0x000000000800dd54                __cxxabiv1::__si_class_type_info::__do_find_public_src(int, void const*, __cxxabiv1::__class_type_info const*, void const*) const
 .text._ZNK10__cxxabiv120__si_class_type_info12__do_dyncastEiNS_17__class_type_info10__sub_kindEPKS1_PKvS4_S6_RNS1_16__dyncast_resultE
                0x000000000800dd90       0x80 /Applications/ARM/bin/../lib/gcc/arm-none-eabi/10.3.1/../../../../arm-none-eabi/lib/thumb/v7e-m+fp/hard/libstdc++.a(si_class_type_info.o)
                0x000000000800dd90                __cxxabiv1::__si_class_type_info::__do_dyncast(int, __cxxabiv1::__class_type_info::__sub_kind, __cxxabiv1::__class_type_info const*, void const*, __cxxabiv1::__class_type_info const*, void const*, __cxxabiv1::__class_type_info::__dyncast_result&) const
 .text._ZNK10__cxxabiv120__si_class_type_info11__do_upcastEPKNS_17__class_type_infoEPKvRNS1_15__upcast_resultE
                0x000000000800de10       0x2c /Applications/ARM/bin/../lib/gcc/arm-none-eabi/10.3.1/../../../../arm-none-eabi/lib/thumb/v7e-m+fp/hard/libstdc++.a(si_class_type_info.o)
                0x000000000800de10                __cxxabiv1::__si_class_type_info::__do_upcast(__cxxabiv1::__class_type_info const*, void const*, __cxxabiv1::__class_type_info::__upcast_result&) const
 .text._ZNSt9type_infoD2Ev
                0x000000000800de3c        0x4 /Applications/ARM/bin/../lib/gcc/arm-none-eabi/10.3.1/../../../../arm-none-eabi/lib/thumb/v7e-m+fp/hard/libstdc++.a(tinfo.o)
                0x000000000800de3c                std::type_info::~type_info()
                0x000000000800de3c                std::type_info::~type_info()
 .text._ZNKSt9type_info14__is_pointer_pEv
                0x000000000800de40        0x4 /Applications/ARM/bin/../lib/gcc/arm-none-eabi/10.3.1/../../../../arm-none-eabi/lib/thumb/v7e-m+fp/hard/libstdc++.a(tinfo.o)
                0x000000000800de40                std::type_info::__is_function_p() const
                0x000000000800de40                std::type_info::__is_pointer_p() const
 .text._ZNKSt9type_infoeqERKS_
                0x000000000800de44       0x2c /Applications/ARM/bin/../lib/gcc/arm-none-eabi/10.3.1/../../../../arm-none-eabi/lib/thumb/v7e-m+fp/hard/libstdc++.a(tinfo.o)
                0x000000000800de44                std::type_info::operator==(std::type_info const&) const
 .text._ZN9__gnu_cxx27__verbose_terminate_handlerEv
                0x000000000800de70      0x10c /Applications/ARM/bin/../lib/gcc/arm-none-eabi/10.3.1/../../../../arm-none-eabi/lib/thumb/v7e-m+fp/hard/libstdc++.a(vterminate.o)
                0x000000000800de70                __gnu_cxx::__verbose_terminate_handler()
 .text._ZNKSt11logic_error4whatEv
                0x000000000800df7c        0x4 /Applications/ARM/bin/../lib/gcc/arm-none-eabi/10.3.1/../../../../arm-none-eabi/lib/thumb/v7e-m+fp/hard/libstdc++.a(stdexcept.o)
                0x000000000800df7c                std::runtime_error::what() const
                0x000000000800df7c                std::logic_error::what() const
 .text._ZNSt13runtime_errorD2Ev
                0x000000000800df80       0x40 /Applications/ARM/bin/../lib/gcc/arm-none-eabi/10.3.1/../../../../arm-none-eabi/lib/thumb/v7e-m+fp/hard/libstdc++.a(stdexcept.o)
                0x000000000800df80                std::runtime_error::~runtime_error()
                0x000000000800df80                std::runtime_error::~runtime_error()
 .text._ZNSt11logic_errorD2Ev
                0x000000000800dfc0       0x40 /Applications/ARM/bin/../lib/gcc/arm-none-eabi/10.3.1/../../../../arm-none-eabi/lib/thumb/v7e-m+fp/hard/libstdc++.a(stdexcept.o)
                0x000000000800dfc0                std::logic_error::~logic_error()
                0x000000000800dfc0                std::logic_error::~logic_error()
 .text._ZNSt13runtime_errorD0Ev
                0x000000000800e000       0x48 /Applications/ARM/bin/../lib/gcc/arm-none-eabi/10.3.1/../../../../arm-none-eabi/lib/thumb/v7e-m+fp/hard/libstdc++.a(stdexcept.o)
                0x000000000800e000                std::runtime_error::~runtime_error()
 .text._ZNSt12length_errorD2Ev
                0x000000000800e048       0x40 /Applications/ARM/bin/../lib/gcc/arm-none-eabi/10.3.1/../../../../arm-none-eabi/lib/thumb/v7e-m+fp/hard/libstdc++.a(stdexcept.o)
                0x000000000800e048                std::length_error::~length_error()
                0x000000000800e048                std::length_error::~length_error()
 .text._ZNSt11logic_errorD0Ev
                0x000000000800e088       0x48 /Applications/ARM/bin/../lib/gcc/arm-none-eabi/10.3.1/../../../../arm-none-eabi/lib/thumb/v7e-m+fp/hard/libstdc++.a(stdexcept.o)
                0x000000000800e088                std::logic_error::~logic_error()
 .text._ZNSt12length_errorD0Ev
                0x000000000800e0d0       0x48 /Applications/ARM/bin/../lib/gcc/arm-none-eabi/10.3.1/../../../../arm-none-eabi/lib/thumb/v7e-m+fp/hard/libstdc++.a(stdexcept.o)
                0x000000000800e0d0                std::length_error::~length_error()
 .text._ZNSs4_Rep9_S_createEjjRKSaIcE
                0x000000000800e118       0x78 /Applications/ARM/bin/../lib/gcc/arm-none-eabi/10.3.1/../../../../arm-none-eabi/lib/thumb/v7e-m+fp/hard/libstdc++.a(cow-string-inst.o)
                0x000000000800e118                std::string::_Rep::_S_create(unsigned int, unsigned int, std::allocator<char> const&)
 .text._ZNSs4_Rep10_M_destroyERKSaIcE
                0x000000000800e190        0x4 /Applications/ARM/bin/../lib/gcc/arm-none-eabi/10.3.1/../../../../arm-none-eabi/lib/thumb/v7e-m+fp/hard/libstdc++.a(cow-string-inst.o)
                0x000000000800e190                std::string::_Rep::_M_destroy(std::allocator<char> const&)
 .text._ZNSs12_S_constructIPKcEEPcT_S3_RKSaIcESt20forward_iterator_tag
                0x000000000800e194       0x60 /Applications/ARM/bin/../lib/gcc/arm-none-eabi/10.3.1/../../../../arm-none-eabi/lib/thumb/v7e-m+fp/hard/libstdc++.a(cow-string-inst.o)
                0x000000000800e194                char* std::string::_S_construct<char const*>(char const*, char const*, std::allocator<char> const&, std::forward_iterator_tag)
 .text._ZNSsC2EPKcjRKSaIcE
                0x000000000800e1f4       0x1c /Applications/ARM/bin/../lib/gcc/arm-none-eabi/10.3.1/../../../../arm-none-eabi/lib/thumb/v7e-m+fp/hard/libstdc++.a(cow-string-inst.o)
                0x000000000800e1f4                std::basic_string<char, std::char_traits<char>, std::allocator<char> >::basic_string(char const*, unsigned int, std::allocator<char> const&)
                0x000000000800e1f4                std::basic_string<char, std::char_traits<char>, std::allocator<char> >::basic_string(char const*, unsigned int, std::allocator<char> const&)
 .text._ZNSt13runtime_errorC2ERKNSt7__cxx1112basic_stringIcSt11char_traitsIcESaIcEEE
                0x000000000800e210       0x24 /Applications/ARM/bin/../lib/gcc/arm-none-eabi/10.3.1/../../../../arm-none-eabi/lib/thumb/v7e-m+fp/hard/libstdc++.a(cxx11-stdexcept.o)
                0x000000000800e210                std::runtime_error::runtime_error(std::__cxx11::basic_string<char, std::char_traits<char>, std::allocator<char> > const&)
                0x000000000800e210                std::runtime_error::runtime_error(std::__cxx11::basic_string<char, std::char_traits<char>, std::allocator<char> > const&)
 .text.unlikely._ZSt17__throw_bad_allocv
                0x000000000800e234       0x20 /Applications/ARM/bin/../lib/gcc/arm-none-eabi/10.3.1/../../../../arm-none-eabi/lib/thumb/v7e-m+fp/hard/libstdc++.a(functexcept.o)
                0x000000000800e234                std::__throw_bad_alloc()
 .text.unlikely._ZSt19__throw_logic_errorPKc
                0x000000000800e254       0x30 /Applications/ARM/bin/../lib/gcc/arm-none-eabi/10.3.1/../../../../arm-none-eabi/lib/thumb/v7e-m+fp/hard/libstdc++.a(functexcept.o)
                0x000000000800e254                std::__throw_logic_error(char const*)
 .text.unlikely._ZSt20__throw_length_errorPKc
                0x000000000800e284       0x30 /Applications/ARM/bin/../lib/gcc/arm-none-eabi/10.3.1/../../../../arm-none-eabi/lib/thumb/v7e-m+fp/hard/libstdc++.a(functexcept.o)
                0x000000000800e284                std::__throw_length_error(char const*)
 .text._ZNSt7__cxx1112basic_stringIcSt11char_traitsIcESaIcEE9_M_createERjj
                0x000000000800e2b4       0x48 /Applications/ARM/bin/../lib/gcc/arm-none-eabi/10.3.1/../../../../arm-none-eabi/lib/thumb/v7e-m+fp/hard/libstdc++.a(string-inst.o)
                0x000000000800e2b4                std::__cxx11::basic_string<char, std::char_traits<char>, std::allocator<char> >::_M_create(unsigned int&, unsigned int)
 .text._ZNSt7__cxx1112basic_stringIcSt11char_traitsIcESaIcEE12_M_constructEjc
                0x000000000800e2fc       0x50 /Applications/ARM/bin/../lib/gcc/arm-none-eabi/10.3.1/../../../../arm-none-eabi/lib/thumb/v7e-m+fp/hard/libstdc++.a(string-inst.o)
                0x000000000800e2fc                std::__cxx11::basic_string<char, std::char_traits<char>, std::allocator<char> >::_M_construct(unsigned int, char)
 .text._ZNSt7__cxx1112basic_stringIcSt11char_traitsIcESaIcEE9_M_mutateEjjPKcj
                0x000000000800e34c       0xac /Applications/ARM/bin/../lib/gcc/arm-none-eabi/10.3.1/../../../../arm-none-eabi/lib/thumb/v7e-m+fp/hard/libstdc++.a(string-inst.o)
                0x000000000800e34c                std::__cxx11::basic_string<char, std::char_traits<char>, std::allocator<char> >::_M_mutate(unsigned int, unsigned int, char const*, unsigned int)
 .text._ZNSt7__cxx1112basic_stringIcSt11char_traitsIcESaIcEE7reserveEj
                0x000000000800e3f8       0x8c /Applications/ARM/bin/../lib/gcc/arm-none-eabi/10.3.1/../../../../arm-none-eabi/lib/thumb/v7e-m+fp/hard/libstdc++.a(string-inst.o)
                0x000000000800e3f8                std::__cxx11::basic_string<char, std::char_traits<char>, std::allocator<char> >::reserve(unsigned int)
 .text._ZNSt7__cxx1112basic_stringIcSt11char_traitsIcESaIcEE10_M_replaceEjjPKcj
                0x000000000800e484      0x198 /Applications/ARM/bin/../lib/gcc/arm-none-eabi/10.3.1/../../../../arm-none-eabi/lib/thumb/v7e-m+fp/hard/libstdc++.a(string-inst.o)
                0x000000000800e484                std::__cxx11::basic_string<char, std::char_traits<char>, std::allocator<char> >::_M_replace(unsigned int, unsigned int, char const*, unsigned int)
 .text._ZNSt7__cxx1112basic_stringIcSt11char_traitsIcESaIcEE9_M_appendEPKcj
                0x000000000800e61c       0x54 /Applications/ARM/bin/../lib/gcc/arm-none-eabi/10.3.1/../../../../arm-none-eabi/lib/thumb/v7e-m+fp/hard/libstdc++.a(string-inst.o)
                0x000000000800e61c                std::__cxx11::basic_string<char, std::char_traits<char>, std::allocator<char> >::_M_append(char const*, unsigned int)
 .text._ZNSt7__cxx1112basic_stringIcSt11char_traitsIcESaIcEE6appendEPKc
                0x000000000800e670       0x34 /Applications/ARM/bin/../lib/gcc/arm-none-eabi/10.3.1/../../../../arm-none-eabi/lib/thumb/v7e-m+fp/hard/libstdc++.a(string-inst.o)
                0x000000000800e670                std::__cxx11::basic_string<char, std::char_traits<char>, std::allocator<char> >::append(char const*)
 .text._ZNKSt9bad_alloc4whatEv
                0x000000000800e6a4        0x8 /Applications/ARM/bin/../lib/gcc/arm-none-eabi/10.3.1/../../../../arm-none-eabi/lib/thumb/v7e-m+fp/hard/libstdc++.a(bad_alloc.o)
                0x000000000800e6a4                std::bad_alloc::what() const
 .text._ZNSt9bad_allocD2Ev
                0x000000000800e6ac       0x14 /Applications/ARM/bin/../lib/gcc/arm-none-eabi/10.3.1/../../../../arm-none-eabi/lib/thumb/v7e-m+fp/hard/libstdc++.a(bad_alloc.o)
                0x000000000800e6ac                std::bad_alloc::~bad_alloc()
                0x000000000800e6ac                std::bad_alloc::~bad_alloc()
 .text._ZNSt9bad_allocD0Ev